test	Set up job	﻿2026-07-29T03:39:53.2950916Z Current runner version: '2.336.0'
test	Set up job	2026-07-29T03:39:53.2986416Z ##[group]Runner Image Provisioner
test	Set up job	2026-07-29T03:39:53.2987472Z Hosted Compute Agent
test	Set up job	2026-07-29T03:39:53.2988252Z Version: 20260707.563
test	Set up job	2026-07-29T03:39:53.2988962Z Commit: 02667638d2b423fbc733a8e32a88b44996a3ba6e
test	Set up job	2026-07-29T03:39:53.2989835Z Build Date: 2026-07-07T19:33:50Z
test	Set up job	2026-07-29T03:39:53.2990615Z Worker ID: {5cc012aa-5c73-4142-b8b0-8cb402014b38}
test	Set up job	2026-07-29T03:39:53.2991395Z Azure Region: centralus
test	Set up job	2026-07-29T03:39:53.2992086Z ##[endgroup]
test	Set up job	2026-07-29T03:39:53.2994193Z ##[group]Operating System
test	Set up job	2026-07-29T03:39:53.2995013Z Ubuntu
test	Set up job	2026-07-29T03:39:53.2995706Z 24.04.4
test	Set up job	2026-07-29T03:39:53.2996654Z LTS
test	Set up job	2026-07-29T03:39:53.2997310Z ##[endgroup]
test	Set up job	2026-07-29T03:39:53.2997962Z ##[group]Runner Image
test	Set up job	2026-07-29T03:39:53.2998661Z Image: ubuntu-24.04
test	Set up job	2026-07-29T03:39:53.2999343Z Version: 20260720.247.2
test	Set up job	2026-07-29T03:39:53.3000479Z Included Software: https://github.com/actions/runner-images/blob/ubuntu24/20260720.247/images/ubuntu/Ubuntu2404-Readme.md
test	Set up job	2026-07-29T03:39:53.3002342Z Image Release: https://github.com/actions/runner-images/releases/tag/ubuntu24%2F20260720.247
test	Set up job	2026-07-29T03:39:53.3003400Z ##[endgroup]
test	Set up job	2026-07-29T03:39:53.3004708Z ##[group]GITHUB_TOKEN Permissions
test	Set up job	2026-07-29T03:39:53.3007200Z Contents: read
test	Set up job	2026-07-29T03:39:53.3007992Z Metadata: read
test	Set up job	2026-07-29T03:39:53.3008680Z Packages: write
test	Set up job	2026-07-29T03:39:53.3009296Z ##[endgroup]
test	Set up job	2026-07-29T03:39:53.3011432Z Secret source: Actions
test	Set up job	2026-07-29T03:39:53.3012855Z Prepare workflow directory
test	Set up job	2026-07-29T03:39:53.3561765Z Prepare all required actions
test	Set up job	2026-07-29T03:39:53.3631566Z Getting action download info
test	Set up job	2026-07-29T03:39:53.6008028Z Download action repository 'actions/checkout@v4' (SHA:11d5960a326750d5838078e36cf38b85af677262)
test	Set up job	2026-07-29T03:39:54.0103764Z Download action repository 'actions/setup-dotnet@v4' (SHA:67a3573c9a986a3f9c594539f4ab511d57bb3ce9)
test	Set up job	2026-07-29T03:39:54.4914526Z Download action repository 'actions/setup-node@v4' (SHA:49933ea5288caeca8642d1e84afbd3f7d6820020)
test	Set up job	2026-07-29T03:39:54.5882028Z Download action repository 'actions/upload-artifact@v4' (SHA:ea165f8d65b6e75b540449e92b4886f43607fa02)
test	Set up job	2026-07-29T03:39:54.8025275Z Complete job name: test
test	Initialize containers	﻿2026-07-29T03:39:54.8658678Z ##[group]Checking docker version
test	Initialize containers	2026-07-29T03:39:54.8671563Z ##[command]/usr/bin/docker version --format '{{.Server.APIVersion}}'
test	Initialize containers	2026-07-29T03:39:55.0063201Z '1.48'
test	Initialize containers	2026-07-29T03:39:55.0081075Z Docker daemon API version: '1.48'
test	Initialize containers	2026-07-29T03:39:55.0082072Z ##[command]/usr/bin/docker version --format '{{.Client.APIVersion}}'
test	Initialize containers	2026-07-29T03:39:55.0245210Z '1.48'
test	Initialize containers	2026-07-29T03:39:55.0257268Z Docker client API version: '1.48'
test	Initialize containers	2026-07-29T03:39:55.0261657Z ##[endgroup]
test	Initialize containers	2026-07-29T03:39:55.0265002Z ##[group]Clean up resources from previous jobs
test	Initialize containers	2026-07-29T03:39:55.0270576Z ##[command]/usr/bin/docker ps --all --quiet --no-trunc --filter "label=7dd471"
test	Initialize containers	2026-07-29T03:39:55.0416319Z ##[command]/usr/bin/docker network prune --force --filter "label=7dd471"
test	Initialize containers	2026-07-29T03:39:55.0547719Z ##[endgroup]
test	Initialize containers	2026-07-29T03:39:55.0548278Z ##[group]Create local container network
test	Initialize containers	2026-07-29T03:39:55.0558428Z ##[command]/usr/bin/docker network create --label 7dd471 github_network_2402adb5275d4277a694c547f9820d5f
test	Initialize containers	2026-07-29T03:39:55.1054968Z 87db09ea4f6f7c859e2049934bce79a71fdd95a2cdbb3b368b406a56a5a92154
test	Initialize containers	2026-07-29T03:39:55.1074339Z ##[endgroup]
test	Initialize containers	2026-07-29T03:39:55.1099522Z ##[group]Starting postgres service container
test	Initialize containers	2026-07-29T03:39:55.1121446Z ##[command]/usr/bin/docker pull postgres:16
test	Initialize containers	2026-07-29T03:39:56.0867956Z 16: Pulling from library/postgres
test	Initialize containers	2026-07-29T03:39:56.2385288Z 062e450697fa: Pulling fs layer
test	Initialize containers	2026-07-29T03:39:56.2386627Z c68b4bd1f4db: Pulling fs layer
test	Initialize containers	2026-07-29T03:39:56.2388194Z d05a3039bf71: Pulling fs layer
test	Initialize containers	2026-07-29T03:39:56.2389519Z 16a6273f39e4: Pulling fs layer
test	Initialize containers	2026-07-29T03:39:56.2390799Z 2f0a4cdcb4a0: Pulling fs layer
test	Initialize containers	2026-07-29T03:39:56.2392061Z 0991be5ba967: Pulling fs layer
test	Initialize containers	2026-07-29T03:39:56.2393295Z 7b78d2f26598: Pulling fs layer
test	Initialize containers	2026-07-29T03:39:56.2394154Z 7f9e3a85794c: Pulling fs layer
test	Initialize containers	2026-07-29T03:39:56.2395092Z cb52fa00305a: Pulling fs layer
test	Initialize containers	2026-07-29T03:39:56.2396606Z 98d8c18b5328: Pulling fs layer
test	Initialize containers	2026-07-29T03:39:56.2397594Z 115bb5c8bb8b: Pulling fs layer
test	Initialize containers	2026-07-29T03:39:56.2398394Z ed3f4fc92f94: Pulling fs layer
test	Initialize containers	2026-07-29T03:39:56.2399268Z 55e69f401030: Pulling fs layer
test	Initialize containers	2026-07-29T03:39:56.2400129Z 971d8ffba74c: Pulling fs layer
test	Initialize containers	2026-07-29T03:39:56.2400992Z 16a6273f39e4: Waiting
test	Initialize containers	2026-07-29T03:39:56.2401767Z 2f0a4cdcb4a0: Waiting
test	Initialize containers	2026-07-29T03:39:56.2402506Z 0991be5ba967: Waiting
test	Initialize containers	2026-07-29T03:39:56.2403224Z 7b78d2f26598: Waiting
test	Initialize containers	2026-07-29T03:39:56.2403962Z 7f9e3a85794c: Waiting
test	Initialize containers	2026-07-29T03:39:56.2404711Z cb52fa00305a: Waiting
test	Initialize containers	2026-07-29T03:39:56.2405441Z 98d8c18b5328: Waiting
test	Initialize containers	2026-07-29T03:39:56.2406550Z 115bb5c8bb8b: Waiting
test	Initialize containers	2026-07-29T03:39:56.2407482Z ed3f4fc92f94: Waiting
test	Initialize containers	2026-07-29T03:39:56.2408379Z 55e69f401030: Waiting
test	Initialize containers	2026-07-29T03:39:56.2409292Z 971d8ffba74c: Waiting
test	Initialize containers	2026-07-29T03:39:56.3605229Z c68b4bd1f4db: Download complete
test	Initialize containers	2026-07-29T03:39:56.4985006Z d05a3039bf71: Download complete
test	Initialize containers	2026-07-29T03:39:56.5480702Z 16a6273f39e4: Verifying Checksum
test	Initialize containers	2026-07-29T03:39:56.5483160Z 16a6273f39e4: Download complete
test	Initialize containers	2026-07-29T03:39:56.6198102Z 062e450697fa: Verifying Checksum
test	Initialize containers	2026-07-29T03:39:56.6200585Z 062e450697fa: Download complete
test	Initialize containers	2026-07-29T03:39:56.7620490Z 7b78d2f26598: Verifying Checksum
test	Initialize containers	2026-07-29T03:39:56.7623440Z 7b78d2f26598: Download complete
test	Initialize containers	2026-07-29T03:39:56.7745158Z 0991be5ba967: Verifying Checksum
test	Initialize containers	2026-07-29T03:39:56.7748490Z 0991be5ba967: Download complete
test	Initialize containers	2026-07-29T03:39:56.8156173Z 2f0a4cdcb4a0: Verifying Checksum
test	Initialize containers	2026-07-29T03:39:56.8157951Z 2f0a4cdcb4a0: Download complete
test	Initialize containers	2026-07-29T03:39:56.8954933Z 7f9e3a85794c: Verifying Checksum
test	Initialize containers	2026-07-29T03:39:56.8957420Z 7f9e3a85794c: Download complete
test	Initialize containers	2026-07-29T03:39:56.9574122Z 98d8c18b5328: Verifying Checksum
test	Initialize containers	2026-07-29T03:39:56.9580433Z 98d8c18b5328: Download complete
test	Initialize containers	2026-07-29T03:39:57.0570068Z 115bb5c8bb8b: Verifying Checksum
test	Initialize containers	2026-07-29T03:39:57.0572363Z 115bb5c8bb8b: Download complete
test	Initialize containers	2026-07-29T03:39:57.0875842Z ed3f4fc92f94: Verifying Checksum
test	Initialize containers	2026-07-29T03:39:57.0880389Z ed3f4fc92f94: Download complete
test	Initialize containers	2026-07-29T03:39:57.2002310Z 55e69f401030: Verifying Checksum
test	Initialize containers	2026-07-29T03:39:57.2004081Z 55e69f401030: Download complete
test	Initialize containers	2026-07-29T03:39:57.2251571Z 971d8ffba74c: Verifying Checksum
test	Initialize containers	2026-07-29T03:39:57.2253708Z 971d8ffba74c: Download complete
test	Initialize containers	2026-07-29T03:39:57.4567827Z cb52fa00305a: Verifying Checksum
test	Initialize containers	2026-07-29T03:39:57.4568325Z cb52fa00305a: Download complete
test	Initialize containers	2026-07-29T03:39:57.8080139Z 062e450697fa: Pull complete
test	Initialize containers	2026-07-29T03:39:58.0917237Z c68b4bd1f4db: Pull complete
test	Initialize containers	2026-07-29T03:39:58.2718072Z d05a3039bf71: Pull complete
test	Initialize containers	2026-07-29T03:39:58.3130341Z 16a6273f39e4: Pull complete
test	Initialize containers	2026-07-29T03:39:58.6196549Z 2f0a4cdcb4a0: Pull complete
test	Initialize containers	2026-07-29T03:39:58.7055402Z 0991be5ba967: Pull complete
test	Initialize containers	2026-07-29T03:39:58.7140417Z 7b78d2f26598: Pull complete
test	Initialize containers	2026-07-29T03:39:58.7248262Z 7f9e3a85794c: Pull complete
test	Initialize containers	2026-07-29T03:40:01.7617834Z cb52fa00305a: Pull complete
test	Initialize containers	2026-07-29T03:40:01.7755311Z 98d8c18b5328: Pull complete
test	Initialize containers	2026-07-29T03:40:01.7852539Z 115bb5c8bb8b: Pull complete
test	Initialize containers	2026-07-29T03:40:01.7948213Z ed3f4fc92f94: Pull complete
test	Initialize containers	2026-07-29T03:40:01.8045510Z 55e69f401030: Pull complete
test	Initialize containers	2026-07-29T03:40:01.8170142Z 971d8ffba74c: Pull complete
test	Initialize containers	2026-07-29T03:40:01.8205433Z Digest: sha256:33f923b05f64ca54ac4401c01126a6b92afe839a0aa0a52bc5aeb5cc958e5f20
test	Initialize containers	2026-07-29T03:40:01.8218788Z Status: Downloaded newer image for postgres:16
test	Initialize containers	2026-07-29T03:40:01.8286812Z docker.io/library/postgres:16
test	Initialize containers	2026-07-29T03:40:01.8339474Z ##[command]/usr/bin/docker create --name d094cad5ad9c40f7ae64e167364c50f1_postgres16_9947b5 --label 7dd471 --network github_network_2402adb5275d4277a694c547f9820d5f --network-alias postgres -p 5432:5432  -e "POSTGRES_PASSWORD=testpass" -e "POSTGRES_DB=servicedesk_test" -e GITHUB_ACTIONS=true -e CI=true postgres:16
test	Initialize containers	2026-07-29T03:40:01.8603934Z 912adb64331253035fba327c44f30574ee356e29ac4cd13a58e6a155cc74cd92
test	Initialize containers	2026-07-29T03:40:01.8623940Z ##[command]/usr/bin/docker start 912adb64331253035fba327c44f30574ee356e29ac4cd13a58e6a155cc74cd92
test	Initialize containers	2026-07-29T03:40:02.2302714Z 912adb64331253035fba327c44f30574ee356e29ac4cd13a58e6a155cc74cd92
test	Initialize containers	2026-07-29T03:40:02.2333978Z ##[command]/usr/bin/docker ps --all --filter id=912adb64331253035fba327c44f30574ee356e29ac4cd13a58e6a155cc74cd92 --filter status=running --no-trunc --format "{{.ID}} {{.Status}}"
test	Initialize containers	2026-07-29T03:40:02.2472401Z 912adb64331253035fba327c44f30574ee356e29ac4cd13a58e6a155cc74cd92 Up Less than a second
test	Initialize containers	2026-07-29T03:40:02.2493418Z ##[command]/usr/bin/docker port 912adb64331253035fba327c44f30574ee356e29ac4cd13a58e6a155cc74cd92
test	Initialize containers	2026-07-29T03:40:02.2638102Z 5432/tcp -> 0.0.0.0:5432
test	Initialize containers	2026-07-29T03:40:02.2638774Z 5432/tcp -> [::]:5432
test	Initialize containers	2026-07-29T03:40:02.2684198Z ##[endgroup]
test	Initialize containers	2026-07-29T03:40:02.2692958Z ##[group]Waiting for all services to be ready
test	Initialize containers	2026-07-29T03:40:02.2705789Z ##[command]/usr/bin/docker inspect --format="{{if .Config.Healthcheck}}{{print .State.Health.Status}}{{end}}" 912adb64331253035fba327c44f30574ee356e29ac4cd13a58e6a155cc74cd92
test	Initialize containers	2026-07-29T03:40:02.2864113Z postgres service is healthy.
test	Initialize containers	2026-07-29T03:40:02.2864827Z ##[endgroup]
test	Run actions/checkout@v4	﻿2026-07-29T03:40:02.3198093Z Node 20 is being deprecated. This workflow is running with Node 24 by default. If you need to temporarily use Node 20, you can set the ACTIONS_ALLOW_USE_UNSECURE_NODE_VERSION=true environment variable. For more information see: https://github.blog/changelog/2025-09-19-deprecation-of-node-20-on-github-actions-runners/
test	Run actions/checkout@v4	2026-07-29T03:40:02.3210136Z ##[group]Run actions/checkout@v4
test	Run actions/checkout@v4	2026-07-29T03:40:02.3210856Z with:
test	Run actions/checkout@v4	2026-07-29T03:40:02.3211243Z   repository: muhammadusmanalhaq/ServiceDesk
test	Run actions/checkout@v4	2026-07-29T03:40:02.3216690Z   token: ***
test	Run actions/checkout@v4	2026-07-29T03:40:02.3217050Z   ssh-strict: true
test	Run actions/checkout@v4	2026-07-29T03:40:02.3217401Z   ssh-user: git
test	Run actions/checkout@v4	2026-07-29T03:40:02.3217752Z   persist-credentials: true
test	Run actions/checkout@v4	2026-07-29T03:40:02.3218147Z   clean: true
test	Run actions/checkout@v4	2026-07-29T03:40:02.3218504Z   sparse-checkout-cone-mode: true
test	Run actions/checkout@v4	2026-07-29T03:40:02.3218940Z   fetch-depth: 1
test	Run actions/checkout@v4	2026-07-29T03:40:02.3219275Z   fetch-tags: false
test	Run actions/checkout@v4	2026-07-29T03:40:02.3219624Z   show-progress: true
test	Run actions/checkout@v4	2026-07-29T03:40:02.3219996Z   lfs: false
test	Run actions/checkout@v4	2026-07-29T03:40:02.3220318Z   submodules: false
test	Run actions/checkout@v4	2026-07-29T03:40:02.3220721Z   set-safe-directory: true
test	Run actions/checkout@v4	2026-07-29T03:40:02.3221135Z   allow-unsafe-pr-checkout: false
test	Run actions/checkout@v4	2026-07-29T03:40:02.3221916Z ##[endgroup]
test	Run actions/checkout@v4	2026-07-29T03:40:02.4366981Z Syncing repository: muhammadusmanalhaq/ServiceDesk
test	Run actions/checkout@v4	2026-07-29T03:40:02.4368843Z ##[group]Getting Git version info
test	Run actions/checkout@v4	2026-07-29T03:40:02.4369497Z Working directory is '/home/runner/work/ServiceDesk/ServiceDesk'
test	Run actions/checkout@v4	2026-07-29T03:40:02.4370649Z [command]/usr/bin/git version
test	Run actions/checkout@v4	2026-07-29T03:40:02.4481723Z git version 2.54.0
test	Run actions/checkout@v4	2026-07-29T03:40:02.4513997Z ##[endgroup]
test	Run actions/checkout@v4	2026-07-29T03:40:02.4534327Z Temporarily overriding HOME='/home/runner/work/_temp/c6499c76-df0e-48e0-97c2-7ac0ede2c109' before making global git config changes
test	Run actions/checkout@v4	2026-07-29T03:40:02.4536200Z Adding repository directory to the temporary git global config as a safe directory
test	Run actions/checkout@v4	2026-07-29T03:40:02.4542322Z [command]/usr/bin/git config --global --add safe.directory /home/runner/work/ServiceDesk/ServiceDesk
test	Run actions/checkout@v4	2026-07-29T03:40:02.4608337Z Deleting the contents of '/home/runner/work/ServiceDesk/ServiceDesk'
test	Run actions/checkout@v4	2026-07-29T03:40:02.4610338Z ##[group]Initializing the repository
test	Run actions/checkout@v4	2026-07-29T03:40:02.4615777Z [command]/usr/bin/git init /home/runner/work/ServiceDesk/ServiceDesk
test	Run actions/checkout@v4	2026-07-29T03:40:02.4748786Z hint: Using 'master' as the name for the initial branch. This default branch name
test	Run actions/checkout@v4	2026-07-29T03:40:02.4750836Z hint: will change to "main" in Git 3.0. To configure the initial branch name
test	Run actions/checkout@v4	2026-07-29T03:40:02.4751991Z hint: to use in all of your new repositories, which will suppress this warning,
test	Run actions/checkout@v4	2026-07-29T03:40:02.4758203Z hint: call:
test	Run actions/checkout@v4	2026-07-29T03:40:02.4759803Z hint:
test	Run actions/checkout@v4	2026-07-29T03:40:02.4761758Z hint: 	git config --global init.defaultBranch <name>
test	Run actions/checkout@v4	2026-07-29T03:40:02.4762520Z hint:
test	Run actions/checkout@v4	2026-07-29T03:40:02.4763207Z hint: Names commonly chosen instead of 'master' are 'main', 'trunk' and
test	Run actions/checkout@v4	2026-07-29T03:40:02.4764334Z hint: 'development'. The just-created branch can be renamed via this command:
test	Run actions/checkout@v4	2026-07-29T03:40:02.4765199Z hint:
test	Run actions/checkout@v4	2026-07-29T03:40:02.4766254Z hint: 	git branch -m <name>
test	Run actions/checkout@v4	2026-07-29T03:40:02.4766873Z hint:
test	Run actions/checkout@v4	2026-07-29T03:40:02.4767601Z hint: Disable this message with "git config set advice.defaultBranchName false"
test	Run actions/checkout@v4	2026-07-29T03:40:02.4768826Z Initialized empty Git repository in /home/runner/work/ServiceDesk/ServiceDesk/.git/
test	Run actions/checkout@v4	2026-07-29T03:40:02.4771916Z [command]/usr/bin/git remote add origin https://github.com/muhammadusmanalhaq/ServiceDesk
test	Run actions/checkout@v4	2026-07-29T03:40:02.4828591Z ##[endgroup]
test	Run actions/checkout@v4	2026-07-29T03:40:02.4829440Z ##[group]Disabling automatic garbage collection
test	Run actions/checkout@v4	2026-07-29T03:40:02.4838137Z [command]/usr/bin/git config --local gc.auto 0
test	Run actions/checkout@v4	2026-07-29T03:40:02.4896306Z ##[endgroup]
test	Run actions/checkout@v4	2026-07-29T03:40:02.4897283Z ##[group]Setting up auth
test	Run actions/checkout@v4	2026-07-29T03:40:02.4905471Z [command]/usr/bin/git config --local --name-only --get-regexp core\.sshCommand
test	Run actions/checkout@v4	2026-07-29T03:40:02.4987555Z [command]/usr/bin/git submodule foreach --recursive sh -c "git config --local --name-only --get-regexp 'core\.sshCommand' && git config --local --unset-all 'core.sshCommand' || :"
test	Run actions/checkout@v4	2026-07-29T03:40:02.5477280Z [command]/usr/bin/git config --local --name-only --get-regexp http\.https\:\/\/github\.com\/\.extraheader
test	Run actions/checkout@v4	2026-07-29T03:40:02.5519718Z [command]/usr/bin/git submodule foreach --recursive sh -c "git config --local --name-only --get-regexp 'http\.https\:\/\/github\.com\/\.extraheader' && git config --local --unset-all 'http.https://github.com/.extraheader' || :"
test	Run actions/checkout@v4	2026-07-29T03:40:02.5775066Z [command]/usr/bin/git config --local --name-only --get-regexp ^includeIf\.gitdir:
test	Run actions/checkout@v4	2026-07-29T03:40:02.5819307Z [command]/usr/bin/git submodule foreach --recursive git config --local --show-origin --name-only --get-regexp remote.origin.url
test	Run actions/checkout@v4	2026-07-29T03:40:02.6088434Z [command]/usr/bin/git config --local http.https://github.com/.extraheader AUTHORIZATION: basic ***
test	Run actions/checkout@v4	2026-07-29T03:40:02.6121705Z ##[endgroup]
test	Run actions/checkout@v4	2026-07-29T03:40:02.6122904Z ##[group]Fetching the repository
test	Run actions/checkout@v4	2026-07-29T03:40:02.6134248Z [command]/usr/bin/git -c protocol.version=2 fetch --no-tags --prune --no-recurse-submodules --depth=1 origin +da94d94edbccc118fd6022f5232e2e5a5c409ae0:refs/remotes/origin/main
test	Run actions/checkout@v4	2026-07-29T03:40:03.4626495Z From https://github.com/muhammadusmanalhaq/ServiceDesk
test	Run actions/checkout@v4	2026-07-29T03:40:03.4627307Z  * [new ref]         da94d94edbccc118fd6022f5232e2e5a5c409ae0 -> origin/main
test	Run actions/checkout@v4	2026-07-29T03:40:03.4674033Z ##[endgroup]
test	Run actions/checkout@v4	2026-07-29T03:40:03.4674661Z ##[group]Determining the checkout info
test	Run actions/checkout@v4	2026-07-29T03:40:03.4675135Z ##[endgroup]
test	Run actions/checkout@v4	2026-07-29T03:40:03.4678113Z [command]/usr/bin/git sparse-checkout disable
test	Run actions/checkout@v4	2026-07-29T03:40:03.4727459Z [command]/usr/bin/git config --local --unset-all extensions.worktreeConfig
test	Run actions/checkout@v4	2026-07-29T03:40:03.4761026Z ##[group]Checking out the ref
test	Run actions/checkout@v4	2026-07-29T03:40:03.4765145Z [command]/usr/bin/git checkout --progress --force -B main refs/remotes/origin/main
test	Run actions/checkout@v4	2026-07-29T03:40:03.5771415Z Switched to a new branch 'main'
test	Run actions/checkout@v4	2026-07-29T03:40:03.5772908Z branch 'main' set up to track 'origin/main'.
test	Run actions/checkout@v4	2026-07-29T03:40:03.5787547Z ##[endgroup]
test	Run actions/checkout@v4	2026-07-29T03:40:03.5835011Z [command]/usr/bin/git log -1 --format=%H
test	Run actions/checkout@v4	2026-07-29T03:40:03.5860975Z da94d94edbccc118fd6022f5232e2e5a5c409ae0
test	Run actions/setup-dotnet@v4	﻿2026-07-29T03:40:03.6069123Z Node 20 is being deprecated. This workflow is running with Node 24 by default. If you need to temporarily use Node 20, you can set the ACTIONS_ALLOW_USE_UNSECURE_NODE_VERSION=true environment variable. For more information see: https://github.blog/changelog/2025-09-19-deprecation-of-node-20-on-github-actions-runners/
test	Run actions/setup-dotnet@v4	2026-07-29T03:40:03.6070722Z ##[group]Run actions/setup-dotnet@v4
test	Run actions/setup-dotnet@v4	2026-07-29T03:40:03.6070980Z with:
test	Run actions/setup-dotnet@v4	2026-07-29T03:40:03.6071172Z   dotnet-version: 8.0.x
test	Run actions/setup-dotnet@v4	2026-07-29T03:40:03.6071393Z   cache: false
test	Run actions/setup-dotnet@v4	2026-07-29T03:40:03.6071587Z ##[endgroup]
test	Run actions/setup-dotnet@v4	2026-07-29T03:40:03.7426626Z (node:2692) [DEP0040] DeprecationWarning: The `punycode` module is deprecated. Please use a userland alternative instead.
test	Run actions/setup-dotnet@v4	2026-07-29T03:40:03.7427563Z (Use `node --trace-deprecation ...` to show where the warning was created)
test	Run actions/setup-dotnet@v4	2026-07-29T03:40:03.7453010Z [command]/home/runner/work/_actions/actions/setup-dotnet/v4/externals/install-dotnet.sh --skip-non-versioned-files --runtime dotnet --channel LTS
test	Run actions/setup-dotnet@v4	2026-07-29T03:40:04.2071880Z dotnet-install: .NET Core Runtime with version '10.0.10' is already installed.
test	Run actions/setup-dotnet@v4	2026-07-29T03:40:04.2100156Z [command]/home/runner/work/_actions/actions/setup-dotnet/v4/externals/install-dotnet.sh --skip-non-versioned-files --channel 8.0
test	Run actions/setup-dotnet@v4	2026-07-29T03:40:04.6532373Z dotnet-install: .NET Core SDK with version '8.0.423' is already installed.
test	Run dotnet restore	﻿2026-07-29T03:40:04.6684990Z ##[group]Run dotnet restore
test	Run dotnet restore	2026-07-29T03:40:04.6685315Z ^[[36;1mdotnet restore^[[0m
test	Run dotnet restore	2026-07-29T03:40:04.6736487Z shell: /usr/bin/bash -e {0}
test	Run dotnet restore	2026-07-29T03:40:04.6736748Z env:
test	Run dotnet restore	2026-07-29T03:40:04.6736943Z   DOTNET_ROOT: /usr/share/dotnet
test	Run dotnet restore	2026-07-29T03:40:04.6737190Z ##[endgroup]
test	Run dotnet restore	2026-07-29T03:40:10.3918081Z   Determining projects to restore...
test	Run dotnet restore	2026-07-29T03:40:16.1777561Z   Restored /home/runner/work/ServiceDesk/ServiceDesk/src/ServiceDesk.Api/ServiceDesk.Api.csproj (in 4.46 sec).
test	Run dotnet restore	2026-07-29T03:40:16.8392564Z   Restored /home/runner/work/ServiceDesk/ServiceDesk/tests/ServiceDesk.Tests/ServiceDesk.Tests.csproj (in 5.33 sec).
test	Run dotnet build --no-restore	﻿2026-07-29T03:40:16.8902403Z ##[group]Run dotnet build --no-restore
test	Run dotnet build --no-restore	2026-07-29T03:40:16.8902763Z ^[[36;1mdotnet build --no-restore^[[0m
test	Run dotnet build --no-restore	2026-07-29T03:40:16.8946589Z shell: /usr/bin/bash -e {0}
test	Run dotnet build --no-restore	2026-07-29T03:40:16.8946835Z env:
test	Run dotnet build --no-restore	2026-07-29T03:40:16.8947038Z   DOTNET_ROOT: /usr/share/dotnet
test	Run dotnet build --no-restore	2026-07-29T03:40:16.8947282Z ##[endgroup]
test	Run dotnet build --no-restore	2026-07-29T03:40:25.6242605Z   ServiceDesk.Api -> /home/runner/work/ServiceDesk/ServiceDesk/src/ServiceDesk.Api/bin/Debug/net8.0/ServiceDesk.Api.dll
test	Run dotnet build --no-restore	2026-07-29T03:40:26.5851318Z ##[warning]/home/runner/work/ServiceDesk/ServiceDesk/tests/ServiceDesk.Tests/CustomWebApplicationFactory.cs(20,57): warning CS0618: 'PostgreSqlBuilder.PostgreSqlBuilder()' is obsolete: 'This parameterless constructor is obsolete and will be removed. Use the constructor with the image parameter instead: https://github.com/testcontainers/testcontainers-dotnet/discussions/1470#discussioncomment-15185721.' [/home/runner/work/ServiceDesk/ServiceDesk/tests/ServiceDesk.Tests/ServiceDesk.Tests.csproj]
test	Run dotnet build --no-restore	2026-07-29T03:40:26.7327581Z   ServiceDesk.Tests -> /home/runner/work/ServiceDesk/ServiceDesk/tests/ServiceDesk.Tests/bin/Debug/net8.0/ServiceDesk.Tests.dll
test	Run dotnet build --no-restore	2026-07-29T03:40:26.8256611Z 
test	Run dotnet build --no-restore	2026-07-29T03:40:26.8267181Z Build succeeded.
test	Run dotnet build --no-restore	2026-07-29T03:40:26.8267733Z 
test	Run dotnet build --no-restore	2026-07-29T03:40:26.8274507Z ##[warning]/home/runner/work/ServiceDesk/ServiceDesk/tests/ServiceDesk.Tests/CustomWebApplicationFactory.cs(20,57): warning CS0618: 'PostgreSqlBuilder.PostgreSqlBuilder()' is obsolete: 'This parameterless constructor is obsolete and will be removed. Use the constructor with the image parameter instead: https://github.com/testcontainers/testcontainers-dotnet/discussions/1470#discussioncomment-15185721.' [/home/runner/work/ServiceDesk/ServiceDesk/tests/ServiceDesk.Tests/ServiceDesk.Tests.csproj]
test	Run dotnet build --no-restore	2026-07-29T03:40:26.8279543Z     1 Warning(s)
test	Run dotnet build --no-restore	2026-07-29T03:40:26.8279920Z     0 Error(s)
test	Run dotnet build --no-restore	2026-07-29T03:40:26.8280133Z 
test	Run dotnet build --no-restore	2026-07-29T03:40:26.8280361Z Time Elapsed 00:00:09.65
test	Run dotnet test --no-build	﻿2026-07-29T03:40:26.8786342Z ##[group]Run dotnet test --no-build
test	Run dotnet test --no-build	2026-07-29T03:40:26.8786714Z ^[[36;1mdotnet test --no-build^[[0m
test	Run dotnet test --no-build	2026-07-29T03:40:26.8830525Z shell: /usr/bin/bash -e {0}
test	Run dotnet test --no-build	2026-07-29T03:40:26.8830776Z env:
test	Run dotnet test --no-build	2026-07-29T03:40:26.8830973Z   DOTNET_ROOT: /usr/share/dotnet
test	Run dotnet test --no-build	2026-07-29T03:40:26.8831225Z ##[endgroup]
test	Run dotnet test --no-build	2026-07-29T03:40:28.1892794Z Test run for /home/runner/work/ServiceDesk/ServiceDesk/tests/ServiceDesk.Tests/bin/Debug/net8.0/ServiceDesk.Tests.dll (.NETCoreApp,Version=v8.0)
test	Run dotnet test --no-build	2026-07-29T03:40:28.8193400Z A total of 1 test files matched the specified pattern.
test	Run dotnet test --no-build	2026-07-29T03:40:45.6315836Z 
test	Run dotnet test --no-build	2026-07-29T03:40:45.6354308Z Passed!  - Failed:     0, Passed:    12, Skipped:     0, Total:    12, Duration: 9 s - ServiceDesk.Tests.dll (net8.0)
test	Run dotnet list package --vulnerable --include-transitive	﻿2026-07-29T03:40:45.7191704Z ##[group]Run dotnet list package --vulnerable --include-transitive
test	Run dotnet list package --vulnerable --include-transitive	2026-07-29T03:40:45.7192560Z ^[[36;1mdotnet list package --vulnerable --include-transitive^[[0m
test	Run dotnet list package --vulnerable --include-transitive	2026-07-29T03:40:45.7257182Z shell: /usr/bin/bash -e {0}
test	Run dotnet list package --vulnerable --include-transitive	2026-07-29T03:40:45.7257848Z env:
test	Run dotnet list package --vulnerable --include-transitive	2026-07-29T03:40:45.7258190Z   DOTNET_ROOT: /usr/share/dotnet
test	Run dotnet list package --vulnerable --include-transitive	2026-07-29T03:40:45.7258628Z ##[endgroup]
test	Run dotnet list package --vulnerable --include-transitive	2026-07-29T03:40:46.3777584Z   Determining projects to restore...
test	Run dotnet list package --vulnerable --include-transitive	2026-07-29T03:40:46.7701032Z   All projects are up-to-date for restore.
test	Run dotnet list package --vulnerable --include-transitive	2026-07-29T03:40:53.1996864Z 
test	Run dotnet list package --vulnerable --include-transitive	2026-07-29T03:40:53.1998362Z The following sources were used:
test	Run dotnet list package --vulnerable --include-transitive	2026-07-29T03:40:53.1998969Z    https://api.nuget.org/v3/index.json
test	Run dotnet list package --vulnerable --include-transitive	2026-07-29T03:40:53.1999335Z 
test	Run dotnet list package --vulnerable --include-transitive	2026-07-29T03:40:53.2001072Z Project `ServiceDesk.Api` has the following vulnerable packages
test	Run dotnet list package --vulnerable --include-transitive	2026-07-29T03:40:53.2002003Z    [net8.0]: 
test	Run dotnet list package --vulnerable --include-transitive	2026-07-29T03:40:53.2010784Z    Transitive Package      Resolved   Severity   Advisory URL                                     
test	Run dotnet list package --vulnerable --include-transitive	2026-07-29T03:40:53.2012281Z    > Newtonsoft.Json       11.0.1     High       https://github.com/advisories/GHSA-5crp-9r3c-p9vr
test	Run dotnet list package --vulnerable --include-transitive	2026-07-29T03:40:53.2013248Z 
test	Run dotnet list package --vulnerable --include-transitive	2026-07-29T03:40:53.2013777Z Project `ServiceDesk.Tests` has the following vulnerable packages
test	Run dotnet list package --vulnerable --include-transitive	2026-07-29T03:40:53.2014488Z    [net8.0]: 
test	Run dotnet list package --vulnerable --include-transitive	2026-07-29T03:40:53.2015310Z    Transitive Package                    Resolved   Severity   Advisory URL                                     
test	Run dotnet list package --vulnerable --include-transitive	2026-07-29T03:40:53.2016879Z    > System.Net.Http                     4.3.0      High       https://github.com/advisories/GHSA-7jgj-8wvc-jh57
test	Run dotnet list package --vulnerable --include-transitive	2026-07-29T03:40:53.2018234Z    > System.Text.RegularExpressions      4.3.0      High       https://github.com/advisories/GHSA-cmhx-cq75-c4mj
test	Run dotnet list package --vulnerable --include-transitive	2026-07-29T03:40:53.2019085Z 
test	Install Node.js	﻿2026-07-29T03:40:53.2488799Z Node 20 is being deprecated. This workflow is running with Node 24 by default. If you need to temporarily use Node 20, you can set the ACTIONS_ALLOW_USE_UNSECURE_NODE_VERSION=true environment variable. For more information see: https://github.blog/changelog/2025-09-19-deprecation-of-node-20-on-github-actions-runners/
test	Install Node.js	2026-07-29T03:40:53.2490078Z ##[group]Run actions/setup-node@v4
test	Install Node.js	2026-07-29T03:40:53.2490325Z with:
test	Install Node.js	2026-07-29T03:40:53.2490505Z   node-version: 20
test	Install Node.js	2026-07-29T03:40:53.2490702Z   always-auth: false
test	Install Node.js	2026-07-29T03:40:53.2490909Z   check-latest: false
test	Install Node.js	2026-07-29T03:40:53.2493424Z   token: ***
test	Install Node.js	2026-07-29T03:40:53.2493614Z env:
test	Install Node.js	2026-07-29T03:40:53.2493799Z   DOTNET_ROOT: /usr/share/dotnet
test	Install Node.js	2026-07-29T03:40:53.2494032Z ##[endgroup]
test	Install Node.js	2026-07-29T03:40:53.3892870Z Attempting to download 20...
test	Install Node.js	2026-07-29T03:40:53.3998264Z (node:3599) [DEP0040] DeprecationWarning: The `punycode` module is deprecated. Please use a userland alternative instead.
test	Install Node.js	2026-07-29T03:40:53.3999598Z (Use `node --trace-deprecation ...` to show where the warning was created)
test	Install Node.js	2026-07-29T03:40:54.0746368Z Acquiring 20.20.2 - x64 from https://github.com/actions/node-versions/releases/download/20.20.2-23521894959/node-20.20.2-linux-x64.tar.gz
test	Install Node.js	2026-07-29T03:40:54.5970010Z Extracting ...
test	Install Node.js	2026-07-29T03:40:54.6094333Z [command]/usr/bin/tar xz --strip 1 --warning=no-unknown-keyword --overwrite -C /home/runner/work/_temp/cd1091e1-057d-4d86-8160-3b6b606ef0e7 -f /home/runner/work/_temp/5a5e5d2d-90a8-46d9-96c4-2c101213a975
test	Install Node.js	2026-07-29T03:40:55.6411379Z Adding to the cache ...
test	Install Node.js	2026-07-29T03:40:57.8561818Z ##[group]Environment details
test	Install Node.js	2026-07-29T03:40:58.0767887Z node: v20.20.2
test	Install Node.js	2026-07-29T03:40:58.0768823Z npm: 10.8.2
test	Install Node.js	2026-07-29T03:40:58.0769383Z yarn: 1.22.22
test	Install Node.js	2026-07-29T03:40:58.0770207Z ##[endgroup]
test	Install E2E Dependencies	﻿2026-07-29T03:40:58.0921503Z ##[group]Run npm ci
test	Install E2E Dependencies	2026-07-29T03:40:58.0921862Z ^[[36;1mnpm ci^[[0m
test	Install E2E Dependencies	2026-07-29T03:40:58.0965848Z shell: /usr/bin/bash -e {0}
test	Install E2E Dependencies	2026-07-29T03:40:58.0966373Z env:
test	Install E2E Dependencies	2026-07-29T03:40:58.0966572Z   DOTNET_ROOT: /usr/share/dotnet
test	Install E2E Dependencies	2026-07-29T03:40:58.0966824Z ##[endgroup]
test	Install E2E Dependencies	2026-07-29T03:41:00.3112381Z 
test	Install E2E Dependencies	2026-07-29T03:41:00.3113325Z added 3 packages, and audited 4 packages in 2s
test	Install E2E Dependencies	2026-07-29T03:41:00.3122207Z 
test	Install E2E Dependencies	2026-07-29T03:41:00.3122489Z found 0 vulnerabilities
test	Install Playwright Browsers	﻿2026-07-29T03:41:00.3220013Z ##[group]Run npx playwright install --with-deps
test	Install Playwright Browsers	2026-07-29T03:41:00.3220398Z ^[[36;1mnpx playwright install --with-deps^[[0m
test	Install Playwright Browsers	2026-07-29T03:41:00.3264505Z shell: /usr/bin/bash -e {0}
test	Install Playwright Browsers	2026-07-29T03:41:00.3264748Z env:
test	Install Playwright Browsers	2026-07-29T03:41:00.3264939Z   DOTNET_ROOT: /usr/share/dotnet
test	Install Playwright Browsers	2026-07-29T03:41:00.3265180Z ##[endgroup]
test	Install Playwright Browsers	2026-07-29T03:41:01.1425684Z Installing dependencies...
test	Install Playwright Browsers	2026-07-29T03:41:01.1540934Z Switching to root user to install dependencies...
test	Install Playwright Browsers	2026-07-29T03:41:01.2707436Z Get:1 file:/etc/apt/apt-mirrors.txt Mirrorlist [144 B]
test	Install Playwright Browsers	2026-07-29T03:41:01.3099959Z Hit:6 https://packages.microsoft.com/repos/azure-cli noble InRelease
test	Install Playwright Browsers	2026-07-29T03:41:01.3128205Z Get:7 https://packages.microsoft.com/ubuntu/24.04/prod noble InRelease [3600 B]
test	Install Playwright Browsers	2026-07-29T03:41:01.3211246Z Hit:2 http://azure.archive.ubuntu.com/ubuntu noble InRelease
test	Install Playwright Browsers	2026-07-29T03:41:01.3222579Z Get:3 http://azure.archive.ubuntu.com/ubuntu noble-updates InRelease [126 kB]
test	Install Playwright Browsers	2026-07-29T03:41:01.3277558Z Get:4 http://azure.archive.ubuntu.com/ubuntu noble-backports InRelease [126 kB]
test	Install Playwright Browsers	2026-07-29T03:41:01.3309077Z Get:5 http://azure.archive.ubuntu.com/ubuntu noble-security InRelease [126 kB]
test	Install Playwright Browsers	2026-07-29T03:41:01.3795088Z Get:8 https://dl.google.com/linux/chrome-stable/deb stable InRelease [2548 B]
test	Install Playwright Browsers	2026-07-29T03:41:01.4335458Z Get:9 https://packages.microsoft.com/ubuntu/24.04/prod noble/main arm64 Packages [217 kB]
test	Install Playwright Browsers	2026-07-29T03:41:01.4459180Z Get:10 https://packages.microsoft.com/ubuntu/24.04/prod noble/main amd64 Packages [252 kB]
test	Install Playwright Browsers	2026-07-29T03:41:01.5322090Z Get:11 http://azure.archive.ubuntu.com/ubuntu noble-updates/main amd64 Packages [1153 kB]
test	Install Playwright Browsers	2026-07-29T03:41:01.5396826Z Get:12 http://azure.archive.ubuntu.com/ubuntu noble-updates/main Translation-en [278 kB]
test	Install Playwright Browsers	2026-07-29T03:41:01.5417588Z Get:13 http://azure.archive.ubuntu.com/ubuntu noble-updates/main amd64 Components [180 kB]
test	Install Playwright Browsers	2026-07-29T03:41:01.5433528Z Get:14 http://azure.archive.ubuntu.com/ubuntu noble-updates/universe amd64 Packages [1678 kB]
test	Install Playwright Browsers	2026-07-29T03:41:01.5530376Z Get:15 http://azure.archive.ubuntu.com/ubuntu noble-updates/universe Translation-en [334 kB]
test	Install Playwright Browsers	2026-07-29T03:41:01.5556482Z Get:16 http://azure.archive.ubuntu.com/ubuntu noble-updates/universe amd64 Components [389 kB]
test	Install Playwright Browsers	2026-07-29T03:41:01.5587138Z Get:17 http://azure.archive.ubuntu.com/ubuntu noble-updates/restricted amd64 Packages [1367 kB]
test	Install Playwright Browsers	2026-07-29T03:41:01.5664838Z Get:18 http://azure.archive.ubuntu.com/ubuntu noble-updates/restricted Translation-en [308 kB]
test	Install Playwright Browsers	2026-07-29T03:41:01.5693737Z Get:19 http://azure.archive.ubuntu.com/ubuntu noble-updates/multiverse amd64 Packages [45.4 kB]
test	Install Playwright Browsers	2026-07-29T03:41:01.5702943Z Get:20 http://azure.archive.ubuntu.com/ubuntu noble-updates/multiverse Translation-en [12.3 kB]
test	Install Playwright Browsers	2026-07-29T03:41:01.6136852Z Get:21 http://azure.archive.ubuntu.com/ubuntu noble-updates/multiverse amd64 Components [940 B]
test	Install Playwright Browsers	2026-07-29T03:41:01.6155228Z Get:22 http://azure.archive.ubuntu.com/ubuntu noble-backports/main amd64 Components [5760 B]
test	Install Playwright Browsers	2026-07-29T03:41:01.6168875Z Get:23 http://azure.archive.ubuntu.com/ubuntu noble-backports/universe amd64 Packages [32.5 kB]
test	Install Playwright Browsers	2026-07-29T03:41:01.6179236Z Get:24 http://azure.archive.ubuntu.com/ubuntu noble-backports/universe amd64 Components [12.6 kB]
test	Install Playwright Browsers	2026-07-29T03:41:01.6368936Z Get:25 http://azure.archive.ubuntu.com/ubuntu noble-security/main amd64 Packages [898 kB]
test	Install Playwright Browsers	2026-07-29T03:41:01.6424202Z Get:26 http://azure.archive.ubuntu.com/ubuntu noble-security/main Translation-en [198 kB]
test	Install Playwright Browsers	2026-07-29T03:41:01.6443707Z Get:27 http://azure.archive.ubuntu.com/ubuntu noble-security/main amd64 Components [46.3 kB]
test	Install Playwright Browsers	2026-07-29T03:41:01.6458045Z Get:28 http://azure.archive.ubuntu.com/ubuntu noble-security/universe amd64 Packages [1199 kB]
test	Install Playwright Browsers	2026-07-29T03:41:01.6532901Z Get:29 http://azure.archive.ubuntu.com/ubuntu noble-security/universe Translation-en [239 kB]
test	Install Playwright Browsers	2026-07-29T03:41:01.6553784Z Get:30 http://azure.archive.ubuntu.com/ubuntu noble-security/universe amd64 Components [76.2 kB]
test	Install Playwright Browsers	2026-07-29T03:41:01.6577522Z Get:31 http://azure.archive.ubuntu.com/ubuntu noble-security/restricted amd64 Packages [1273 kB]
test	Install Playwright Browsers	2026-07-29T03:41:01.6650537Z Get:32 http://azure.archive.ubuntu.com/ubuntu noble-security/restricted Translation-en [290 kB]
test	Install Playwright Browsers	2026-07-29T03:41:01.6681863Z Get:33 http://azure.archive.ubuntu.com/ubuntu noble-security/multiverse amd64 Packages [40.3 kB]
test	Install Playwright Browsers	2026-07-29T03:41:01.6692445Z Get:34 http://azure.archive.ubuntu.com/ubuntu noble-security/multiverse Translation-en [10.6 kB]
test	Install Playwright Browsers	2026-07-29T03:41:01.7447552Z Get:35 https://dl.google.com/linux/chrome-stable/deb stable/main amd64 Packages [1421 B]
test	Install Playwright Browsers	2026-07-29T03:41:05.4119189Z Fetched 10.9 MB in 1s (8305 kB/s)
test	Install Playwright Browsers	2026-07-29T03:41:06.0709919Z Reading package lists...
test	Install Playwright Browsers	2026-07-29T03:41:06.0947864Z Reading package lists...
test	Install Playwright Browsers	2026-07-29T03:41:06.2278316Z Building dependency tree...
test	Install Playwright Browsers	2026-07-29T03:41:06.2284903Z Reading state information...
test	Install Playwright Browsers	2026-07-29T03:41:06.2409778Z libasound2t64 is already the newest version (1.2.11-1ubuntu0.3).
test	Install Playwright Browsers	2026-07-29T03:41:06.2410386Z libasound2t64 set to manually installed.
test	Install Playwright Browsers	2026-07-29T03:41:06.2411144Z libatk-bridge2.0-0t64 is already the newest version (2.52.0-1build1).
test	Install Playwright Browsers	2026-07-29T03:41:06.2411959Z libatk-bridge2.0-0t64 set to manually installed.
test	Install Playwright Browsers	2026-07-29T03:41:06.2467693Z libatk1.0-0t64 is already the newest version (2.52.0-1build1).
test	Install Playwright Browsers	2026-07-29T03:41:06.2468454Z libatk1.0-0t64 set to manually installed.
test	Install Playwright Browsers	2026-07-29T03:41:06.2468945Z libatspi2.0-0t64 is already the newest version (2.52.0-1build1).
test	Install Playwright Browsers	2026-07-29T03:41:06.2469418Z libatspi2.0-0t64 set to manually installed.
test	Install Playwright Browsers	2026-07-29T03:41:06.2469881Z libcairo2 is already the newest version (1.18.0-3build1).
test	Install Playwright Browsers	2026-07-29T03:41:06.2470334Z libcairo2 set to manually installed.
test	Install Playwright Browsers	2026-07-29T03:41:06.2470788Z libcups2t64 is already the newest version (2.4.7-1.2ubuntu7.14).
test	Install Playwright Browsers	2026-07-29T03:41:06.2471225Z libcups2t64 set to manually installed.
test	Install Playwright Browsers	2026-07-29T03:41:06.2471705Z libdbus-1-3 is already the newest version (1.14.10-4ubuntu4.1).
test	Install Playwright Browsers	2026-07-29T03:41:06.2472124Z libdbus-1-3 set to manually installed.
test	Install Playwright Browsers	2026-07-29T03:41:06.2472629Z libdrm2 is already the newest version (2.4.125-1ubuntu0.1~24.04.2).
test	Install Playwright Browsers	2026-07-29T03:41:06.2473042Z libdrm2 set to manually installed.
test	Install Playwright Browsers	2026-07-29T03:41:06.2473477Z libgbm1 is already the newest version (25.2.8-0ubuntu0.24.04.2).
test	Install Playwright Browsers	2026-07-29T03:41:06.2473876Z libgbm1 set to manually installed.
test	Install Playwright Browsers	2026-07-29T03:41:06.2474310Z libglib2.0-0t64 is already the newest version (2.80.0-6ubuntu3.8).
test	Install Playwright Browsers	2026-07-29T03:41:06.2474745Z libglib2.0-0t64 set to manually installed.
test	Install Playwright Browsers	2026-07-29T03:41:06.2475228Z libnspr4 is already the newest version (2:4.35-1.1build1).
test	Install Playwright Browsers	2026-07-29T03:41:06.2475625Z libnspr4 set to manually installed.
test	Install Playwright Browsers	2026-07-29T03:41:06.2476185Z libnss3 is already the newest version (2:3.98-1ubuntu0.2).
test	Install Playwright Browsers	2026-07-29T03:41:06.2476769Z libnss3 set to manually installed.
test	Install Playwright Browsers	2026-07-29T03:41:06.2477214Z libpango-1.0-0 is already the newest version (1.52.1+ds-1build1).
test	Install Playwright Browsers	2026-07-29T03:41:06.2477640Z libpango-1.0-0 set to manually installed.
test	Install Playwright Browsers	2026-07-29T03:41:06.2478058Z libx11-6 is already the newest version (2:1.8.7-1build1).
test	Install Playwright Browsers	2026-07-29T03:41:06.2478445Z libx11-6 set to manually installed.
test	Install Playwright Browsers	2026-07-29T03:41:06.2478839Z libxcb1 is already the newest version (1.15-1ubuntu2).
test	Install Playwright Browsers	2026-07-29T03:41:06.2479215Z libxcb1 set to manually installed.
test	Install Playwright Browsers	2026-07-29T03:41:06.2479651Z libxcomposite1 is already the newest version (1:0.4.5-1build3).
test	Install Playwright Browsers	2026-07-29T03:41:06.2480072Z libxcomposite1 set to manually installed.
test	Install Playwright Browsers	2026-07-29T03:41:06.2480507Z libxdamage1 is already the newest version (1:1.1.6-1build1).
test	Install Playwright Browsers	2026-07-29T03:41:06.2480911Z libxdamage1 set to manually installed.
test	Install Playwright Browsers	2026-07-29T03:41:06.2481319Z libxext6 is already the newest version (2:1.3.4-1build2).
test	Install Playwright Browsers	2026-07-29T03:41:06.2481693Z libxext6 set to manually installed.
test	Install Playwright Browsers	2026-07-29T03:41:06.2482093Z libxfixes3 is already the newest version (1:6.0.0-2build1).
test	Install Playwright Browsers	2026-07-29T03:41:06.2482485Z libxfixes3 set to manually installed.
test	Install Playwright Browsers	2026-07-29T03:41:06.2482899Z libxkbcommon0 is already the newest version (1.6.0-1build1).
test	Install Playwright Browsers	2026-07-29T03:41:06.2483297Z libxkbcommon0 set to manually installed.
test	Install Playwright Browsers	2026-07-29T03:41:06.2483715Z libxrandr2 is already the newest version (2:1.5.2-2build1).
test	Install Playwright Browsers	2026-07-29T03:41:06.2484102Z libxrandr2 set to manually installed.
test	Install Playwright Browsers	2026-07-29T03:41:06.2484925Z libcairo-gobject2 is already the newest version (1.18.0-3build1).
test	Install Playwright Browsers	2026-07-29T03:41:06.2485381Z libcairo-gobject2 set to manually installed.
test	Install Playwright Browsers	2026-07-29T03:41:06.2486031Z libfontconfig1 is already the newest version (2.15.0-1.1ubuntu2).
test	Install Playwright Browsers	2026-07-29T03:41:06.2486625Z libfontconfig1 set to manually installed.
test	Install Playwright Browsers	2026-07-29T03:41:06.2487109Z libfreetype6 is already the newest version (2.13.2+dfsg-1ubuntu0.1).
test	Install Playwright Browsers	2026-07-29T03:41:06.2487544Z libfreetype6 set to manually installed.
test	Install Playwright Browsers	2026-07-29T03:41:06.2488052Z libgdk-pixbuf-2.0-0 is already the newest version (2.42.10+dfsg-3ubuntu3.3).
test	Install Playwright Browsers	2026-07-29T03:41:06.2488545Z libgdk-pixbuf-2.0-0 set to manually installed.
test	Install Playwright Browsers	2026-07-29T03:41:06.2489020Z libgtk-3-0t64 is already the newest version (3.24.41-4ubuntu1.3).
test	Install Playwright Browsers	2026-07-29T03:41:06.2489445Z libgtk-3-0t64 set to manually installed.
test	Install Playwright Browsers	2026-07-29T03:41:06.2489919Z libpangocairo-1.0-0 is already the newest version (1.52.1+ds-1build1).
test	Install Playwright Browsers	2026-07-29T03:41:06.2490387Z libpangocairo-1.0-0 set to manually installed.
test	Install Playwright Browsers	2026-07-29T03:41:06.2490847Z libx11-xcb1 is already the newest version (2:1.8.7-1build1).
test	Install Playwright Browsers	2026-07-29T03:41:06.2491238Z libx11-xcb1 set to manually installed.
test	Install Playwright Browsers	2026-07-29T03:41:06.2491649Z libxcb-shm0 is already the newest version (1.15-1ubuntu2).
test	Install Playwright Browsers	2026-07-29T03:41:06.2492038Z libxcb-shm0 set to manually installed.
test	Install Playwright Browsers	2026-07-29T03:41:06.2492467Z libxcursor1 is already the newest version (1:1.2.1-1build1).
test	Install Playwright Browsers	2026-07-29T03:41:06.2492860Z libxcursor1 set to manually installed.
test	Install Playwright Browsers	2026-07-29T03:41:06.2493250Z libxi6 is already the newest version (2:1.8.1-1build1).
test	Install Playwright Browsers	2026-07-29T03:41:06.2493643Z libxi6 set to manually installed.
test	Install Playwright Browsers	2026-07-29T03:41:06.2494070Z libxrender1 is already the newest version (1:0.9.10-1.1build1).
test	Install Playwright Browsers	2026-07-29T03:41:06.2494476Z libxrender1 set to manually installed.
test	Install Playwright Browsers	2026-07-29T03:41:06.2494890Z libicu74 is already the newest version (74.2-1ubuntu3.1).
test	Install Playwright Browsers	2026-07-29T03:41:06.2495397Z libatomic1 is already the newest version (14.2.0-4ubuntu2~24.04.1).
test	Install Playwright Browsers	2026-07-29T03:41:06.2495818Z libatomic1 set to manually installed.
test	Install Playwright Browsers	2026-07-29T03:41:06.2496542Z libenchant-2-2 is already the newest version (2.3.3-2build2).
test	Install Playwright Browsers	2026-07-29T03:41:06.2496959Z libenchant-2-2 set to manually installed.
test	Install Playwright Browsers	2026-07-29T03:41:06.2497379Z libepoxy0 is already the newest version (1.5.10-1build1).
test	Install Playwright Browsers	2026-07-29T03:41:06.2497774Z libepoxy0 set to manually installed.
test	Install Playwright Browsers	2026-07-29T03:41:06.2498226Z libgstreamer1.0-0 is already the newest version (1.24.2-1ubuntu0.1).
test	Install Playwright Browsers	2026-07-29T03:41:06.2498676Z libgstreamer1.0-0 set to manually installed.
test	Install Playwright Browsers	2026-07-29T03:41:06.2499121Z libharfbuzz0b is already the newest version (8.3.0-2build2).
test	Install Playwright Browsers	2026-07-29T03:41:06.2499523Z libharfbuzz0b set to manually installed.
test	Install Playwright Browsers	2026-07-29T03:41:06.2499961Z libjpeg-turbo8 is already the newest version (2.1.5-2ubuntu2).
test	Install Playwright Browsers	2026-07-29T03:41:06.2500374Z libjpeg-turbo8 set to manually installed.
test	Install Playwright Browsers	2026-07-29T03:41:06.2500792Z liblcms2-2 is already the newest version (2.14-2ubuntu0.1).
test	Install Playwright Browsers	2026-07-29T03:41:06.2501185Z liblcms2-2 set to manually installed.
test	Install Playwright Browsers	2026-07-29T03:41:06.3642829Z libpng16-16t64 is already the newest version (1.6.43-5ubuntu0.6).
test	Install Playwright Browsers	2026-07-29T03:41:06.3644152Z libpng16-16t64 set to manually installed.
test	Install Playwright Browsers	2026-07-29T03:41:06.3644905Z libwayland-client0 is already the newest version (1.22.0-2.1build1).
test	Install Playwright Browsers	2026-07-29T03:41:06.3645829Z libwayland-client0 set to manually installed.
test	Install Playwright Browsers	2026-07-29T03:41:06.3646989Z libwayland-egl1 is already the newest version (1.22.0-2.1build1).
test	Install Playwright Browsers	2026-07-29T03:41:06.3647546Z libwayland-egl1 set to manually installed.
test	Install Playwright Browsers	2026-07-29T03:41:06.3648014Z libwebp7 is already the newest version (1.3.2-0.4build3).
test	Install Playwright Browsers	2026-07-29T03:41:06.3648613Z libwebp7 set to manually installed.
test	Install Playwright Browsers	2026-07-29T03:41:06.3649258Z libwebpdemux2 is already the newest version (1.3.2-0.4build3).
test	Install Playwright Browsers	2026-07-29T03:41:06.3649727Z libwebpdemux2 set to manually installed.
test	Install Playwright Browsers	2026-07-29T03:41:06.3650214Z libxml2 is already the newest version (2.9.14+dfsg-1.3ubuntu3.8).
test	Install Playwright Browsers	2026-07-29T03:41:06.3650655Z libxml2 set to manually installed.
test	Install Playwright Browsers	2026-07-29T03:41:06.3651161Z libxslt1.1 is already the newest version (1.1.39-0exp1ubuntu0.24.04.3).
test	Install Playwright Browsers	2026-07-29T03:41:06.3651977Z libxslt1.1 set to manually installed.
test	Install Playwright Browsers	2026-07-29T03:41:06.3652435Z xvfb is already the newest version (2:21.1.12-1ubuntu1.6).
test	Install Playwright Browsers	2026-07-29T03:41:06.3653062Z fonts-noto-color-emoji is already the newest version (2.047-0ubuntu0.24.04.1).
test	Install Playwright Browsers	2026-07-29T03:41:06.3653816Z fonts-liberation is already the newest version (1:2.1.5-3).
test	Install Playwright Browsers	2026-07-29T03:41:06.3654279Z fonts-liberation set to manually installed.
test	Install Playwright Browsers	2026-07-29T03:41:06.3654722Z The following additional packages will be installed:
test	Install Playwright Browsers	2026-07-29T03:41:06.3655232Z   glib-networking glib-networking-common glib-networking-services
test	Install Playwright Browsers	2026-07-29T03:41:06.3656362Z   gsettings-desktop-schemas libaa1 libabsl20220623t64 libass9 libasyncns0
test	Install Playwright Browsers	2026-07-29T03:41:06.3657343Z   libavc1394-0 libavfilter9 libavformat60 libavtp0 libavutil58 libblas3
test	Install Playwright Browsers	2026-07-29T03:41:06.3657941Z   libbluray2 libbs2b0 libcaca0 libcairo-script-interpreter2 libcdparanoia0
test	Install Playwright Browsers	2026-07-29T03:41:06.3658485Z   libchromaprint1 libcjson1 libcodec2-1.2 libdav1d7 libdc1394-25 libdca0
test	Install Playwright Browsers	2026-07-29T03:41:06.3658996Z   libde265-0 libdecor-0-0 libdirectfb-1.7-7t64 libdv4t64 libdvdnav4
test	Install Playwright Browsers	2026-07-29T03:41:06.3659506Z   libdvdread8t64 libegl-mesa0 libegl1 libfaad2 libflac12t64 libfluidsynth3
test	Install Playwright Browsers	2026-07-29T03:41:06.3660036Z   libfreeaptx0 libgav1-1 libgme0 libgraphene-1.0-0 libgsm1 libgssdp-1.6-0
test	Install Playwright Browsers	2026-07-29T03:41:06.3660548Z   libgstreamer-plugins-good1.0-0 libgtk-4-common libgupnp-1.6-0
test	Install Playwright Browsers	2026-07-29T03:41:06.3661210Z   libgupnp-igd-1.6-0 libhwy1t64 libiec61883-0 libimath-3-1-29t64
test	Install Playwright Browsers	2026-07-29T03:41:06.3661687Z   libinstpatch-1.0-2 libjack-jackd2-0 libjxl0.7 liblapack3 liblc3-1
test	Install Playwright Browsers	2026-07-29T03:41:06.3662186Z   libldacbt-enc2 liblilv-0-0 liblrdf0 libltc11 libmbedcrypto7t64 libmfx1
test	Install Playwright Browsers	2026-07-29T03:41:06.3662660Z   libmjpegutils-2.1-0t64 libmodplug1 libmp3lame0 libmpcdec6
test	Install Playwright Browsers	2026-07-29T03:41:06.3663126Z   libmpeg2encpp-2.1-0t64 libmpg123-0t64 libmplex2-2.1-0t64 libmysofa1
test	Install Playwright Browsers	2026-07-29T03:41:06.3663615Z   libneon27t64 libnice10 libopenal-data libopenal1 libopenexr-3-1-30
test	Install Playwright Browsers	2026-07-29T03:41:06.3664078Z   libopenh264-7 libopenmpt0t64 libopenni2-0 liborc-0.4-0t64
test	Install Playwright Browsers	2026-07-29T03:41:06.3664621Z   libpipewire-0.3-0t64 libplacebo338 libpocketsphinx3 libpostproc57
test	Install Playwright Browsers	2026-07-29T03:41:06.3665149Z   libproxy1v5 libpulse0 libqrencode4 libraptor2-0 librav1e0 libraw1394-11
test	Install Playwright Browsers	2026-07-29T03:41:06.3665666Z   librist4 librsvg2-2 librubberband2 libsamplerate0 libsbc1 libsdl2-2.0-0
test	Install Playwright Browsers	2026-07-29T03:41:06.3666480Z   libsecret-common libserd-0-0 libshine3 libshout3 libsndfile1 libsndio7.0
test	Install Playwright Browsers	2026-07-29T03:41:06.3666998Z   libsord-0-0 libsoundtouch1 libsoup-3.0-0 libsoup-3.0-common libsoxr0
test	Install Playwright Browsers	2026-07-29T03:41:06.3667646Z   libspa-0.2-modules libspandsp2t64 libspeex1 libsphinxbase3t64 libsratom-0-0
test	Install Playwright Browsers	2026-07-29T03:41:06.3668206Z   libsrt1.5-gnutls libsrtp2-1 libssh-gcrypt-4 libsvtav1enc1d1 libswresample4
test	Install Playwright Browsers	2026-07-29T03:41:06.3668758Z   libswscale7 libtag1v5 libtag1v5-vanilla libtheora0 libtwolame0 libudfread0
test	Install Playwright Browsers	2026-07-29T03:41:06.3669293Z   libunibreak5 libv4l-0t64 libv4lconvert0t64 libva-drm2 libva-x11-2 libva2
test	Install Playwright Browsers	2026-07-29T03:41:06.3669830Z   libvdpau1 libvidstab1.1 libvisual-0.4-0 libvo-aacenc0 libvo-amrwbenc0
test	Install Playwright Browsers	2026-07-29T03:41:06.3670391Z   libvorbisenc2 libvpl2 libwavpack1 libwebrtc-audio-processing1 libwildmidi2
test	Install Playwright Browsers	2026-07-29T03:41:06.3670950Z   libx265-199 libxcb-xkb1 libxkbcommon-x11-0 libxvidcore4 libyuv0 libzbar0t64
test	Install Playwright Browsers	2026-07-29T03:41:06.3671505Z   libzimg2 libzix-0-0 libzvbi-common libzvbi0t64 libzxing3 ocl-icd-libopencl1
test	Install Playwright Browsers	2026-07-29T03:41:06.3672037Z   session-migration timgm6mb-soundfont xfonts-encodings xfonts-utils
test	Install Playwright Browsers	2026-07-29T03:41:06.3672444Z Suggested packages:
test	Install Playwright Browsers	2026-07-29T03:41:06.3672896Z   frei0r-plugins gvfs libcuda1 libnvcuvid1 libnvidia-encode1 libbluray-bdj
test	Install Playwright Browsers	2026-07-29T03:41:06.3673431Z   libdirectfb-extra libdv-bin oss-compat libdvdcss2 libvisual-0.4-plugins
test	Install Playwright Browsers	2026-07-29T03:41:06.3673941Z   jackd2 liblrdf0-dev libportaudio2 opus-tools pipewire pulseaudio
test	Install Playwright Browsers	2026-07-29T03:41:06.3674434Z   raptor2-utils libraw1394-doc librsvg2-bin serdi sndiod sordi speex
test	Install Playwright Browsers	2026-07-29T03:41:06.3674865Z   libwildmidi-config opencl-icd fluid-soundfont-gm
test	Install Playwright Browsers	2026-07-29T03:41:06.3675427Z Recommended packages:
test	Install Playwright Browsers	2026-07-29T03:41:06.3675760Z   fonts-ipafont-mincho fonts-tlwg-loma gstreamer1.0-x libaacs0
test	Install Playwright Browsers	2026-07-29T03:41:06.3676410Z   default-libdecor-0-plugin-1 | libdecor-0-plugin-1 gstreamer1.0-gl
test	Install Playwright Browsers	2026-07-29T03:41:06.3677050Z   libgtk-4-bin librsvg2-common libgtk-4-media-gstreamer libpipewire-0.3-common
test	Install Playwright Browsers	2026-07-29T03:41:06.3677765Z   pocketsphinx-en-us va-driver-all | va-driver vdpau-driver-all | vdpau-driver
test	Install Playwright Browsers	2026-07-29T03:41:06.3678173Z   libmagickcore-6.q16-7-extra
test	Install Playwright Browsers	2026-07-29T03:41:06.4513145Z The following NEW packages will be installed:
test	Install Playwright Browsers	2026-07-29T03:41:06.4514178Z   fonts-freefont-ttf fonts-ipafont-gothic fonts-tlwg-loma-otf fonts-unifont
test	Install Playwright Browsers	2026-07-29T03:41:06.4515142Z   fonts-wqy-zenhei glib-networking glib-networking-common
test	Install Playwright Browsers	2026-07-29T03:41:06.4516341Z   glib-networking-services gsettings-desktop-schemas gstreamer1.0-libav
test	Install Playwright Browsers	2026-07-29T03:41:06.4517447Z   gstreamer1.0-plugins-bad gstreamer1.0-plugins-base gstreamer1.0-plugins-good
test	Install Playwright Browsers	2026-07-29T03:41:06.4518493Z   libaa1 libabsl20220623t64 libass9 libasyncns0 libavc1394-0 libavcodec60
test	Install Playwright Browsers	2026-07-29T03:41:06.4519488Z   libavfilter9 libavformat60 libavif16 libavtp0 libavutil58 libblas3
test	Install Playwright Browsers	2026-07-29T03:41:06.4520482Z   libbluray2 libbs2b0 libcaca0 libcairo-script-interpreter2 libcdparanoia0
test	Install Playwright Browsers	2026-07-29T03:41:06.4521506Z   libchromaprint1 libcjson1 libcodec2-1.2 libdav1d7 libdc1394-25 libdca0
test	Install Playwright Browsers	2026-07-29T03:41:06.4522537Z   libde265-0 libdecor-0-0 libdirectfb-1.7-7t64 libdv4t64 libdvdnav4
test	Install Playwright Browsers	2026-07-29T03:41:06.4523563Z   libdvdread8t64 libegl-mesa0 libegl1 libevent-2.1-7t64 libfaad2 libflac12t64
test	Install Playwright Browsers	2026-07-29T03:41:06.4524630Z   libflite1 libfluidsynth3 libfreeaptx0 libgav1-1 libgles2 libgme0
test	Install Playwright Browsers	2026-07-29T03:41:06.4525623Z   libgraphene-1.0-0 libgsm1 libgssdp-1.6-0 libgstreamer-gl1.0-0
test	Install Playwright Browsers	2026-07-29T03:41:06.4526905Z   libgstreamer-plugins-bad1.0-0 libgstreamer-plugins-base1.0-0
test	Install Playwright Browsers	2026-07-29T03:41:06.4527926Z   libgstreamer-plugins-good1.0-0 libgtk-4-1 libgtk-4-common libgupnp-1.6-0
test	Install Playwright Browsers	2026-07-29T03:41:06.4529003Z   libgupnp-igd-1.6-0 libharfbuzz-icu0 libhwy1t64 libhyphen0 libiec61883-0
test	Install Playwright Browsers	2026-07-29T03:41:06.4530126Z   libimath-3-1-29t64 libinstpatch-1.0-2 libjack-jackd2-0 libjxl0.7 liblapack3
test	Install Playwright Browsers	2026-07-29T03:41:06.4530891Z   liblc3-1 libldacbt-enc2 liblilv-0-0 liblrdf0 libltc11 libmanette-0.2-0
test	Install Playwright Browsers	2026-07-29T03:41:06.4531454Z   libmbedcrypto7t64 libmfx1 libmjpegutils-2.1-0t64 libmodplug1 libmp3lame0
test	Install Playwright Browsers	2026-07-29T03:41:06.4532016Z   libmpcdec6 libmpeg2encpp-2.1-0t64 libmpg123-0t64 libmplex2-2.1-0t64
test	Install Playwright Browsers	2026-07-29T03:41:06.4532502Z   libmysofa1 libneon27t64 libnice10 libopenal-data libopenal1
test	Install Playwright Browsers	2026-07-29T03:41:06.4532986Z   libopenexr-3-1-30 libopenh264-7 libopenmpt0t64 libopenni2-0 libopus0
test	Install Playwright Browsers	2026-07-29T03:41:06.4533501Z   liborc-0.4-0t64 libpipewire-0.3-0t64 libplacebo338 libpocketsphinx3
test	Install Playwright Browsers	2026-07-29T03:41:06.4534023Z   libpostproc57 libproxy1v5 libpulse0 libqrencode4 libraptor2-0 librav1e0
test	Install Playwright Browsers	2026-07-29T03:41:06.4534547Z   libraw1394-11 librist4 librsvg2-2 librubberband2 libsamplerate0 libsbc1
test	Install Playwright Browsers	2026-07-29T03:41:06.4535097Z   libsdl2-2.0-0 libsecret-1-0 libsecret-common libserd-0-0 libshine3 libshout3
test	Install Playwright Browsers	2026-07-29T03:41:06.4535637Z   libsndfile1 libsndio7.0 libsord-0-0 libsoundtouch1 libsoup-3.0-0
test	Install Playwright Browsers	2026-07-29T03:41:06.4536815Z   libsoup-3.0-common libsoxr0 libspa-0.2-modules libspandsp2t64 libspeex1
test	Install Playwright Browsers	2026-07-29T03:41:06.4537930Z   libsphinxbase3t64 libsratom-0-0 libsrt1.5-gnutls libsrtp2-1 libssh-gcrypt-4
test	Install Playwright Browsers	2026-07-29T03:41:06.4538987Z   libsvtav1enc1d1 libswresample4 libswscale7 libtag1v5 libtag1v5-vanilla
test	Install Playwright Browsers	2026-07-29T03:41:06.4539899Z   libtheora0 libtwolame0 libudfread0 libunibreak5 libv4l-0t64
test	Install Playwright Browsers	2026-07-29T03:41:06.4540813Z   libv4lconvert0t64 libva-drm2 libva-x11-2 libva2 libvdpau1 libvidstab1.1
test	Install Playwright Browsers	2026-07-29T03:41:06.4541833Z   libvisual-0.4-0 libvo-aacenc0 libvo-amrwbenc0 libvorbisenc2 libvpl2 libvpx9
test	Install Playwright Browsers	2026-07-29T03:41:06.4542844Z   libwavpack1 libwayland-server0 libwebrtc-audio-processing1 libwildmidi2
test	Install Playwright Browsers	2026-07-29T03:41:06.4543816Z   libwoff1 libx264-164 libx265-199 libxcb-xkb1 libxkbcommon-x11-0 libxvidcore4
test	Install Playwright Browsers	2026-07-29T03:41:06.4544785Z   libyuv0 libzbar0t64 libzimg2 libzix-0-0 libzvbi-common libzvbi0t64 libzxing3
test	Install Playwright Browsers	2026-07-29T03:41:06.4546314Z   ocl-icd-libopencl1 session-migration timgm6mb-soundfont xfonts-cyrillic
test	Install Playwright Browsers	2026-07-29T03:41:06.4547110Z   xfonts-encodings xfonts-scalable xfonts-utils
test	Install Playwright Browsers	2026-07-29T03:41:06.4748757Z 0 upgraded, 181 newly installed, 0 to remove and 73 not upgraded.
test	Install Playwright Browsers	2026-07-29T03:41:06.4749809Z Need to get 114 MB of archives.
test	Install Playwright Browsers	2026-07-29T03:41:06.4750600Z After this operation, 364 MB of additional disk space will be used.
test	Install Playwright Browsers	2026-07-29T03:41:06.4751471Z Get:1 file:/etc/apt/apt-mirrors.txt Mirrorlist [144 B]
test	Install Playwright Browsers	2026-07-29T03:41:06.5281657Z Get:2 http://azure.archive.ubuntu.com/ubuntu noble/universe amd64 fonts-ipafont-gothic all 00303-21ubuntu1 [3513 kB]
test	Install Playwright Browsers	2026-07-29T03:41:06.5892107Z Get:3 http://azure.archive.ubuntu.com/ubuntu noble/main amd64 fonts-freefont-ttf all 20211204+svn4273-2 [5641 kB]
test	Install Playwright Browsers	2026-07-29T03:41:06.6620009Z Get:4 http://azure.archive.ubuntu.com/ubuntu noble/universe amd64 fonts-tlwg-loma-otf all 1:0.7.3-1 [107 kB]
test	Install Playwright Browsers	2026-07-29T03:41:06.7010411Z Get:5 http://azure.archive.ubuntu.com/ubuntu noble/universe amd64 fonts-unifont all 1:15.1.01-1build1 [2993 kB]
test	Install Playwright Browsers	2026-07-29T03:41:06.7568711Z Get:6 http://azure.archive.ubuntu.com/ubuntu noble/universe amd64 fonts-wqy-zenhei all 0.9.45-8 [7472 kB]
test	Install Playwright Browsers	2026-07-29T03:41:06.8409747Z Get:7 http://azure.archive.ubuntu.com/ubuntu noble/main amd64 libproxy1v5 amd64 0.5.4-4build1 [26.5 kB]
test	Install Playwright Browsers	2026-07-29T03:41:06.8792205Z Get:8 http://azure.archive.ubuntu.com/ubuntu noble/main amd64 glib-networking-common all 2.80.0-1build1 [6702 B]
test	Install Playwright Browsers	2026-07-29T03:41:06.9173458Z Get:9 http://azure.archive.ubuntu.com/ubuntu noble/main amd64 glib-networking-services amd64 2.80.0-1build1 [12.8 kB]
test	Install Playwright Browsers	2026-07-29T03:41:06.9555404Z Get:10 http://azure.archive.ubuntu.com/ubuntu noble/main amd64 session-migration amd64 0.3.9build1 [9034 B]
test	Install Playwright Browsers	2026-07-29T03:41:06.9937847Z Get:11 http://azure.archive.ubuntu.com/ubuntu noble-updates/main amd64 gsettings-desktop-schemas all 46.1-0ubuntu1 [35.6 kB]
test	Install Playwright Browsers	2026-07-29T03:41:07.0322160Z Get:12 http://azure.archive.ubuntu.com/ubuntu noble/main amd64 glib-networking amd64 2.80.0-1build1 [64.1 kB]
test	Install Playwright Browsers	2026-07-29T03:41:07.0721794Z Get:13 http://azure.archive.ubuntu.com/ubuntu noble-updates/universe amd64 libva2 amd64 2.20.0-2ubuntu0.2 [66.4 kB]
test	Install Playwright Browsers	2026-07-29T03:41:07.1107110Z Get:14 http://azure.archive.ubuntu.com/ubuntu noble-updates/universe amd64 libva-drm2 amd64 2.20.0-2ubuntu0.2 [7124 B]
test	Install Playwright Browsers	2026-07-29T03:41:07.1487996Z Get:15 http://azure.archive.ubuntu.com/ubuntu noble-updates/universe amd64 libva-x11-2 amd64 2.20.0-2ubuntu0.2 [12.0 kB]
test	Install Playwright Browsers	2026-07-29T03:41:07.1871217Z Get:16 http://azure.archive.ubuntu.com/ubuntu noble/main amd64 libvdpau1 amd64 1.5-2build1 [27.8 kB]
test	Install Playwright Browsers	2026-07-29T03:41:07.2257209Z Get:17 http://azure.archive.ubuntu.com/ubuntu noble/universe amd64 libvpl2 amd64 2023.3.0-1build1 [99.8 kB]
test	Install Playwright Browsers	2026-07-29T03:41:07.2643322Z Get:18 http://azure.archive.ubuntu.com/ubuntu noble/universe amd64 ocl-icd-libopencl1 amd64 2.3.2-1build1 [38.5 kB]
test	Install Playwright Browsers	2026-07-29T03:41:07.3031170Z Get:19 http://azure.archive.ubuntu.com/ubuntu noble/universe amd64 libavutil58 amd64 7:6.1.1-3ubuntu5 [401 kB]
test	Install Playwright Browsers	2026-07-29T03:41:07.3854104Z Get:20 http://azure.archive.ubuntu.com/ubuntu noble/universe amd64 libcodec2-1.2 amd64 1.2.0-2build1 [8998 kB]
test	Install Playwright Browsers	2026-07-29T03:41:07.4771241Z Get:21 http://azure.archive.ubuntu.com/ubuntu noble/universe amd64 libdav1d7 amd64 1.4.1-1build1 [604 kB]
test	Install Playwright Browsers	2026-07-29T03:41:07.5197945Z Get:22 http://azure.archive.ubuntu.com/ubuntu noble/universe amd64 libgsm1 amd64 1.0.22-1build1 [27.8 kB]
test	Install Playwright Browsers	2026-07-29T03:41:07.5580775Z Get:23 http://azure.archive.ubuntu.com/ubuntu noble/universe amd64 libhwy1t64 amd64 1.0.7-8.1build1 [584 kB]
test	Install Playwright Browsers	2026-07-29T03:41:07.5997284Z Get:24 http://azure.archive.ubuntu.com/ubuntu noble-updates/universe amd64 libjxl0.7 amd64 0.7.0-10.2ubuntu6.1 [1001 kB]
test	Install Playwright Browsers	2026-07-29T03:41:07.6440163Z Get:25 http://azure.archive.ubuntu.com/ubuntu noble/main amd64 libmp3lame0 amd64 3.100-6build1 [142 kB]
test	Install Playwright Browsers	2026-07-29T03:41:07.6829969Z Get:26 http://azure.archive.ubuntu.com/ubuntu noble/main amd64 libopus0 amd64 1.4-1build1 [208 kB]
test	Install Playwright Browsers	2026-07-29T03:41:07.7221750Z Get:27 http://azure.archive.ubuntu.com/ubuntu noble/universe amd64 librav1e0 amd64 0.7.1-2 [1022 kB]
test	Install Playwright Browsers	2026-07-29T03:41:07.7726714Z Get:28 http://azure.archive.ubuntu.com/ubuntu noble/main amd64 librsvg2-2 amd64 2.58.0+dfsg-1build1 [2135 kB]
test	Install Playwright Browsers	2026-07-29T03:41:07.8219379Z Get:29 http://azure.archive.ubuntu.com/ubuntu noble/universe amd64 libshine3 amd64 3.1.1-2build1 [23.2 kB]
test	Install Playwright Browsers	2026-07-29T03:41:07.8604440Z Get:30 http://azure.archive.ubuntu.com/ubuntu noble-updates/main amd64 libspeex1 amd64 1.2.1-2ubuntu2.24.04.1 [59.6 kB]
test	Install Playwright Browsers	2026-07-29T03:41:07.8991731Z Get:31 http://azure.archive.ubuntu.com/ubuntu noble/universe amd64 libsvtav1enc1d1 amd64 1.7.0+dfsg-2build1 [2425 kB]
test	Install Playwright Browsers	2026-07-29T03:41:07.9497538Z Get:32 http://azure.archive.ubuntu.com/ubuntu noble/universe amd64 libsoxr0 amd64 0.1.3-4build3 [80.0 kB]
test	Install Playwright Browsers	2026-07-29T03:41:07.9855590Z Get:33 http://azure.archive.ubuntu.com/ubuntu noble/universe amd64 libswresample4 amd64 7:6.1.1-3ubuntu5 [63.8 kB]
test	Install Playwright Browsers	2026-07-29T03:41:08.0261381Z Get:34 http://azure.archive.ubuntu.com/ubuntu noble/main amd64 libtheora0 amd64 1.1.1+dfsg.1-16.1build3 [211 kB]
test	Install Playwright Browsers	2026-07-29T03:41:08.0657207Z Get:35 http://azure.archive.ubuntu.com/ubuntu noble/main amd64 libtwolame0 amd64 0.4.0-2build3 [52.3 kB]
test	Install Playwright Browsers	2026-07-29T03:41:08.1043420Z Get:36 http://azure.archive.ubuntu.com/ubuntu noble/main amd64 libvorbisenc2 amd64 1.3.7-1build3 [80.8 kB]
test	Install Playwright Browsers	2026-07-29T03:41:08.1431624Z Get:37 http://azure.archive.ubuntu.com/ubuntu noble-updates/main amd64 libvpx9 amd64 1.14.0-1ubuntu2.3 [1143 kB]
test	Install Playwright Browsers	2026-07-29T03:41:08.1878740Z Get:38 http://azure.archive.ubuntu.com/ubuntu noble/universe amd64 libx264-164 amd64 2:0.164.3108+git31e19f9-1 [604 kB]
test	Install Playwright Browsers	2026-07-29T03:41:08.2660918Z Get:39 http://azure.archive.ubuntu.com/ubuntu noble/universe amd64 libx265-199 amd64 3.5-2build1 [1226 kB]
test	Install Playwright Browsers	2026-07-29T03:41:08.3039858Z Get:40 http://azure.archive.ubuntu.com/ubuntu noble/universe amd64 libxvidcore4 amd64 2:1.3.7-1build1 [219 kB]
test	Install Playwright Browsers	2026-07-29T03:41:08.3360941Z Get:41 http://azure.archive.ubuntu.com/ubuntu noble/universe amd64 libzvbi-common all 0.2.42-2 [42.4 kB]
test	Install Playwright Browsers	2026-07-29T03:41:08.3672747Z Get:42 http://azure.archive.ubuntu.com/ubuntu noble/universe amd64 libzvbi0t64 amd64 0.2.42-2 [261 kB]
test	Install Playwright Browsers	2026-07-29T03:41:08.3997578Z Get:43 http://azure.archive.ubuntu.com/ubuntu noble/universe amd64 libavcodec60 amd64 7:6.1.1-3ubuntu5 [5851 kB]
test	Install Playwright Browsers	2026-07-29T03:41:08.4624735Z Get:44 http://azure.archive.ubuntu.com/ubuntu noble/universe amd64 libunibreak5 amd64 5.1-2build1 [25.0 kB]
test	Install Playwright Browsers	2026-07-29T03:41:08.4933272Z Get:45 http://azure.archive.ubuntu.com/ubuntu noble/universe amd64 libass9 amd64 1:0.17.1-2build1 [104 kB]
test	Install Playwright Browsers	2026-07-29T03:41:08.5223476Z Get:46 http://azure.archive.ubuntu.com/ubuntu noble/universe amd64 libudfread0 amd64 1.1.2-1build1 [19.0 kB]
test	Install Playwright Browsers	2026-07-29T03:41:08.5508878Z Get:47 http://azure.archive.ubuntu.com/ubuntu noble/universe amd64 libbluray2 amd64 1:1.3.4-1build1 [159 kB]
test	Install Playwright Browsers	2026-07-29T03:41:08.5802892Z Get:48 http://azure.archive.ubuntu.com/ubuntu noble/universe amd64 libchromaprint1 amd64 1.5.1-5 [30.5 kB]
test	Install Playwright Browsers	2026-07-29T03:41:08.6087200Z Get:49 http://azure.archive.ubuntu.com/ubuntu noble/universe amd64 libgme0 amd64 0.6.3-7build1 [134 kB]
test	Install Playwright Browsers	2026-07-29T03:41:08.6389538Z Get:50 http://azure.archive.ubuntu.com/ubuntu noble-updates/main amd64 libmpg123-0t64 amd64 1.32.5-1ubuntu1.1 [169 kB]
test	Install Playwright Browsers	2026-07-29T03:41:08.6682695Z Get:51 http://azure.archive.ubuntu.com/ubuntu noble/universe amd64 libopenmpt0t64 amd64 0.7.3-1.1build3 [647 kB]
test	Install Playwright Browsers	2026-07-29T03:41:08.7001026Z Get:52 http://azure.archive.ubuntu.com/ubuntu noble/universe amd64 libcjson1 amd64 1.7.17-1 [24.8 kB]
test	Install Playwright Browsers	2026-07-29T03:41:08.7286952Z Get:53 http://azure.archive.ubuntu.com/ubuntu noble/universe amd64 libmbedcrypto7t64 amd64 2.28.8-1 [209 kB]
test	Install Playwright Browsers	2026-07-29T03:41:08.7583896Z Get:54 http://azure.archive.ubuntu.com/ubuntu noble/universe amd64 librist4 amd64 0.2.10+dfsg-2 [74.9 kB]
test	Install Playwright Browsers	2026-07-29T03:41:08.7872935Z Get:55 http://azure.archive.ubuntu.com/ubuntu noble/universe amd64 libsrt1.5-gnutls amd64 1.5.3-1build2 [316 kB]
test	Install Playwright Browsers	2026-07-29T03:41:08.8173421Z Get:56 http://azure.archive.ubuntu.com/ubuntu noble-updates/main amd64 libssh-gcrypt-4 amd64 0.10.6-2ubuntu0.4 [225 kB]
test	Install Playwright Browsers	2026-07-29T03:41:08.8471844Z Get:57 http://azure.archive.ubuntu.com/ubuntu noble/universe amd64 libavformat60 amd64 7:6.1.1-3ubuntu5 [1153 kB]
test	Install Playwright Browsers	2026-07-29T03:41:08.9381397Z Get:58 http://azure.archive.ubuntu.com/ubuntu noble/universe amd64 libbs2b0 amd64 3.1.0+dfsg-7build1 [10.6 kB]
test	Install Playwright Browsers	2026-07-29T03:41:08.9693194Z Get:59 http://azure.archive.ubuntu.com/ubuntu noble/universe amd64 libflite1 amd64 2.2-6build3 [13.6 MB]
test	Install Playwright Browsers	2026-07-29T03:41:09.0792904Z Get:60 http://azure.archive.ubuntu.com/ubuntu noble/universe amd64 libserd-0-0 amd64 0.32.2-1 [43.6 kB]
test	Install Playwright Browsers	2026-07-29T03:41:09.1177441Z Get:61 http://azure.archive.ubuntu.com/ubuntu noble/universe amd64 libzix-0-0 amd64 0.4.2-2build1 [23.6 kB]
test	Install Playwright Browsers	2026-07-29T03:41:09.1558622Z Get:62 http://azure.archive.ubuntu.com/ubuntu noble/universe amd64 libsord-0-0 amd64 0.16.16-2build1 [15.8 kB]
test	Install Playwright Browsers	2026-07-29T03:41:09.2268244Z Get:63 http://azure.archive.ubuntu.com/ubuntu noble/universe amd64 libsratom-0-0 amd64 0.6.16-1build1 [17.3 kB]
test	Install Playwright Browsers	2026-07-29T03:41:09.2980057Z Get:64 http://azure.archive.ubuntu.com/ubuntu noble/universe amd64 liblilv-0-0 amd64 0.24.22-1build1 [41.0 kB]
test	Install Playwright Browsers	2026-07-29T03:41:09.3717148Z Get:65 http://azure.archive.ubuntu.com/ubuntu noble/universe amd64 libmysofa1 amd64 1.3.2+dfsg-2ubuntu2 [1158 kB]
test	Install Playwright Browsers	2026-07-29T03:41:09.5667848Z Get:66 http://azure.archive.ubuntu.com/ubuntu noble/universe amd64 libplacebo338 amd64 6.338.2-2build1 [2654 kB]
test	Install Playwright Browsers	2026-07-29T03:41:09.6652846Z Get:67 http://azure.archive.ubuntu.com/ubuntu noble-updates/main amd64 libblas3 amd64 3.12.0-3build1.1 [238 kB]
test	Install Playwright Browsers	2026-07-29T03:41:09.7028167Z Get:68 http://azure.archive.ubuntu.com/ubuntu noble-updates/main amd64 liblapack3 amd64 3.12.0-3build1.1 [2646 kB]
test	Install Playwright Browsers	2026-07-29T03:41:09.7629812Z Get:69 http://azure.archive.ubuntu.com/ubuntu noble/main amd64 libasyncns0 amd64 0.8-6build4 [11.3 kB]
test	Install Playwright Browsers	2026-07-29T03:41:09.7988261Z Get:70 http://azure.archive.ubuntu.com/ubuntu noble/main amd64 libflac12t64 amd64 1.4.3+ds-2.1ubuntu2 [197 kB]
test	Install Playwright Browsers	2026-07-29T03:41:09.8357840Z Get:71 http://azure.archive.ubuntu.com/ubuntu noble-updates/main amd64 libsndfile1 amd64 1.2.2-1ubuntu5.24.04.1 [209 kB]
test	Install Playwright Browsers	2026-07-29T03:41:09.8725818Z Get:72 http://azure.archive.ubuntu.com/ubuntu noble-updates/main amd64 libpulse0 amd64 1:16.1+dfsg1-2ubuntu10.1 [292 kB]
test	Install Playwright Browsers	2026-07-29T03:41:09.9052046Z Get:73 http://azure.archive.ubuntu.com/ubuntu noble/universe amd64 libsphinxbase3t64 amd64 0.8+5prealpha+1-17build2 [126 kB]
test	Install Playwright Browsers	2026-07-29T03:41:09.9368177Z Get:74 http://azure.archive.ubuntu.com/ubuntu noble/universe amd64 libpocketsphinx3 amd64 0.8.0+real5prealpha+1-15ubuntu5 [133 kB]
test	Install Playwright Browsers	2026-07-29T03:41:09.9684894Z Get:75 http://azure.archive.ubuntu.com/ubuntu noble/universe amd64 libpostproc57 amd64 7:6.1.1-3ubuntu5 [49.9 kB]
test	Install Playwright Browsers	2026-07-29T03:41:10.0419817Z Get:76 http://azure.archive.ubuntu.com/ubuntu noble/main amd64 libsamplerate0 amd64 0.2.2-4build1 [1344 kB]
test	Install Playwright Browsers	2026-07-29T03:41:10.0817534Z Get:77 http://azure.archive.ubuntu.com/ubuntu noble/universe amd64 librubberband2 amd64 3.3.0+dfsg-2build1 [130 kB]
test	Install Playwright Browsers	2026-07-29T03:41:10.1136906Z Get:78 http://azure.archive.ubuntu.com/ubuntu noble/universe amd64 libswscale7 amd64 7:6.1.1-3ubuntu5 [193 kB]
test	Install Playwright Browsers	2026-07-29T03:41:10.1457618Z Get:79 http://azure.archive.ubuntu.com/ubuntu noble/universe amd64 libvidstab1.1 amd64 1.1.0-2build1 [38.5 kB]
test	Install Playwright Browsers	2026-07-29T03:41:10.1767607Z Get:80 http://azure.archive.ubuntu.com/ubuntu noble/universe amd64 libzimg2 amd64 3.0.5+ds1-1build1 [254 kB]
test	Install Playwright Browsers	2026-07-29T03:41:10.2097805Z Get:81 http://azure.archive.ubuntu.com/ubuntu noble/universe amd64 libavfilter9 amd64 7:6.1.1-3ubuntu5 [4235 kB]
test	Install Playwright Browsers	2026-07-29T03:41:10.2676594Z Get:82 http://azure.archive.ubuntu.com/ubuntu noble-updates/main amd64 liborc-0.4-0t64 amd64 1:0.4.38-1ubuntu0.1 [207 kB]
test	Install Playwright Browsers	2026-07-29T03:41:10.4799617Z Get:83 http://azure.archive.ubuntu.com/ubuntu noble-updates/main amd64 libgstreamer-plugins-base1.0-0 amd64 1.24.2-1ubuntu0.4 [862 kB]
test	Install Playwright Browsers	2026-07-29T03:41:10.5428730Z Get:84 http://azure.archive.ubuntu.com/ubuntu noble/universe amd64 gstreamer1.0-libav amd64 1.24.1-1build1 [103 kB]
test	Install Playwright Browsers	2026-07-29T03:41:10.5800212Z Get:85 http://azure.archive.ubuntu.com/ubuntu noble/main amd64 libcdparanoia0 amd64 3.10.2+debian-14build3 [48.5 kB]
test	Install Playwright Browsers	2026-07-29T03:41:10.6160487Z Get:86 http://azure.archive.ubuntu.com/ubuntu noble/main amd64 libvisual-0.4-0 amd64 0.4.2-2build1 [115 kB]
test	Install Playwright Browsers	2026-07-29T03:41:10.6539111Z Get:87 http://azure.archive.ubuntu.com/ubuntu noble-updates/main amd64 gstreamer1.0-plugins-base amd64 1.24.2-1ubuntu0.4 [721 kB]
test	Install Playwright Browsers	2026-07-29T03:41:10.7065690Z Get:88 http://azure.archive.ubuntu.com/ubuntu noble/main amd64 libaa1 amd64 1.4p5-51.1 [49.9 kB]
test	Install Playwright Browsers	2026-07-29T03:41:10.7427306Z Get:89 http://azure.archive.ubuntu.com/ubuntu noble/main amd64 libraw1394-11 amd64 2.1.2-2build3 [26.2 kB]
test	Install Playwright Browsers	2026-07-29T03:41:10.7787210Z Get:90 http://azure.archive.ubuntu.com/ubuntu noble/main amd64 libavc1394-0 amd64 0.5.4-5build3 [15.4 kB]
test	Install Playwright Browsers	2026-07-29T03:41:10.8143568Z Get:91 http://azure.archive.ubuntu.com/ubuntu noble-updates/main amd64 libcaca0 amd64 0.99.beta20-4ubuntu0.2 [209 kB]
test	Install Playwright Browsers	2026-07-29T03:41:10.8540226Z Get:92 http://azure.archive.ubuntu.com/ubuntu noble/main amd64 libdv4t64 amd64 1.0.0-17.1build1 [63.2 kB]
test	Install Playwright Browsers	2026-07-29T03:41:10.8903113Z Get:93 http://azure.archive.ubuntu.com/ubuntu noble-updates/main amd64 libgstreamer-plugins-good1.0-0 amd64 1.24.2-1ubuntu1.5 [33.5 kB]
test	Install Playwright Browsers	2026-07-29T03:41:10.9262784Z Get:94 http://azure.archive.ubuntu.com/ubuntu noble/main amd64 libiec61883-0 amd64 1.2.0-6build1 [24.5 kB]
test	Install Playwright Browsers	2026-07-29T03:41:11.0029601Z Get:95 http://azure.archive.ubuntu.com/ubuntu noble/main amd64 libshout3 amd64 2.4.6-1build2 [50.3 kB]
test	Install Playwright Browsers	2026-07-29T03:41:11.0393815Z Get:96 http://azure.archive.ubuntu.com/ubuntu noble/main amd64 libtag1v5-vanilla amd64 1.13.1-1build1 [326 kB]
test	Install Playwright Browsers	2026-07-29T03:41:11.0818178Z Get:97 http://azure.archive.ubuntu.com/ubuntu noble/main amd64 libtag1v5 amd64 1.13.1-1build1 [11.7 kB]
test	Install Playwright Browsers	2026-07-29T03:41:11.1174859Z Get:98 http://azure.archive.ubuntu.com/ubuntu noble/main amd64 libv4lconvert0t64 amd64 1.26.1-4build3 [87.6 kB]
test	Install Playwright Browsers	2026-07-29T03:41:11.1548293Z Get:99 http://azure.archive.ubuntu.com/ubuntu noble/main amd64 libv4l-0t64 amd64 1.26.1-4build3 [46.9 kB]
test	Install Playwright Browsers	2026-07-29T03:41:11.1907891Z Get:100 http://azure.archive.ubuntu.com/ubuntu noble/main amd64 libwavpack1 amd64 5.6.0-1build1 [84.6 kB]
test	Install Playwright Browsers	2026-07-29T03:41:11.2287908Z Get:101 http://azure.archive.ubuntu.com/ubuntu noble-updates/main amd64 libsoup-3.0-common all 3.4.4-5ubuntu0.7 [11.6 kB]
test	Install Playwright Browsers	2026-07-29T03:41:11.2646232Z Get:102 http://azure.archive.ubuntu.com/ubuntu noble-updates/main amd64 libsoup-3.0-0 amd64 3.4.4-5ubuntu0.7 [292 kB]
test	Install Playwright Browsers	2026-07-29T03:41:11.3098377Z Get:103 http://azure.archive.ubuntu.com/ubuntu noble-updates/main amd64 gstreamer1.0-plugins-good amd64 1.24.2-1ubuntu1.5 [2236 kB]
test	Install Playwright Browsers	2026-07-29T03:41:11.3870808Z Get:104 http://azure.archive.ubuntu.com/ubuntu noble-updates/main amd64 libabsl20220623t64 amd64 20220623.1-3.1ubuntu3.2 [423 kB]
test	Install Playwright Browsers	2026-07-29T03:41:11.4302211Z Get:105 http://azure.archive.ubuntu.com/ubuntu noble/universe amd64 libgav1-1 amd64 0.18.0-1build3 [357 kB]
test	Install Playwright Browsers	2026-07-29T03:41:11.4715257Z Get:106 http://azure.archive.ubuntu.com/ubuntu noble/universe amd64 libyuv0 amd64 0.0~git202401110.af6ac82-1 [178 kB]
test	Install Playwright Browsers	2026-07-29T03:41:11.5124944Z Get:107 http://azure.archive.ubuntu.com/ubuntu noble/universe amd64 libavif16 amd64 1.0.4-1ubuntu3 [91.2 kB]
test	Install Playwright Browsers	2026-07-29T03:41:11.5492459Z Get:108 http://azure.archive.ubuntu.com/ubuntu noble/universe amd64 libavtp0 amd64 0.2.0-1build1 [6414 B]
test	Install Playwright Browsers	2026-07-29T03:41:11.5889674Z Get:109 http://azure.archive.ubuntu.com/ubuntu noble/main amd64 libcairo-script-interpreter2 amd64 1.18.0-3build1 [60.3 kB]
test	Install Playwright Browsers	2026-07-29T03:41:11.6263917Z Get:110 http://azure.archive.ubuntu.com/ubuntu noble/universe amd64 libdc1394-25 amd64 2.2.6-4build1 [90.1 kB]
test	Install Playwright Browsers	2026-07-29T03:41:11.6630425Z Get:111 http://azure.archive.ubuntu.com/ubuntu noble-updates/main amd64 libde265-0 amd64 1.0.15-1ubuntu0.1 [167 kB]
test	Install Playwright Browsers	2026-07-29T03:41:11.7038250Z Get:112 http://azure.archive.ubuntu.com/ubuntu noble/main amd64 libdecor-0-0 amd64 0.2.2-1build2 [16.5 kB]
test	Install Playwright Browsers	2026-07-29T03:41:11.7398108Z Get:113 http://azure.archive.ubuntu.com/ubuntu noble/main amd64 libgles2 amd64 1.7.0-1build1 [17.1 kB]
test	Install Playwright Browsers	2026-07-29T03:41:11.7763028Z Get:114 http://azure.archive.ubuntu.com/ubuntu noble/universe amd64 libdirectfb-1.7-7t64 amd64 1.7.7-11.1ubuntu2 [1035 kB]
test	Install Playwright Browsers	2026-07-29T03:41:11.8258922Z Get:115 http://azure.archive.ubuntu.com/ubuntu noble/universe amd64 libdvdread8t64 amd64 6.1.3-1.1build1 [54.7 kB]
test	Install Playwright Browsers	2026-07-29T03:41:11.8569891Z Get:116 http://azure.archive.ubuntu.com/ubuntu noble/universe amd64 libdvdnav4 amd64 6.1.1-3build1 [39.5 kB]
test	Install Playwright Browsers	2026-07-29T03:41:11.8928973Z Get:117 http://azure.archive.ubuntu.com/ubuntu noble-updates/main amd64 libegl-mesa0 amd64 25.2.8-0ubuntu0.24.04.2 [117 kB]
test	Install Playwright Browsers	2026-07-29T03:41:11.9219182Z Get:118 http://azure.archive.ubuntu.com/ubuntu noble/main amd64 libevent-2.1-7t64 amd64 2.1.12-stable-9ubuntu2 [145 kB]
test	Install Playwright Browsers	2026-07-29T03:41:11.9520177Z Get:119 http://azure.archive.ubuntu.com/ubuntu noble/universe amd64 libfaad2 amd64 2.11.1-1build1 [207 kB]
test	Install Playwright Browsers	2026-07-29T03:41:11.9893702Z Get:120 http://azure.archive.ubuntu.com/ubuntu noble/universe amd64 libinstpatch-1.0-2 amd64 1.1.6-1build2 [251 kB]
test	Install Playwright Browsers	2026-07-29T03:41:12.0724850Z Get:121 http://azure.archive.ubuntu.com/ubuntu noble/main amd64 libjack-jackd2-0 amd64 1.9.21~dfsg-3ubuntu3 [289 kB]
test	Install Playwright Browsers	2026-07-29T03:41:12.1139980Z Get:122 http://azure.archive.ubuntu.com/ubuntu noble/main amd64 libwebrtc-audio-processing1 amd64 0.3.1-0ubuntu6 [290 kB]
test	Install Playwright Browsers	2026-07-29T03:41:12.1534466Z Get:123 http://azure.archive.ubuntu.com/ubuntu noble-updates/main amd64 libspa-0.2-modules amd64 1.0.5-1ubuntu3.3 [628 kB]
test	Install Playwright Browsers	2026-07-29T03:41:12.2010312Z Get:124 http://azure.archive.ubuntu.com/ubuntu noble-updates/main amd64 libpipewire-0.3-0t64 amd64 1.0.5-1ubuntu3.3 [252 kB]
test	Install Playwright Browsers	2026-07-29T03:41:12.2408622Z Get:125 http://azure.archive.ubuntu.com/ubuntu noble-updates/main amd64 libsdl2-2.0-0 amd64 2.30.0+dfsg-1ubuntu3.1 [686 kB]
test	Install Playwright Browsers	2026-07-29T03:41:12.2891068Z Get:126 http://azure.archive.ubuntu.com/ubuntu noble/universe amd64 timgm6mb-soundfont all 1.3-5 [5427 kB]
test	Install Playwright Browsers	2026-07-29T03:41:12.4184228Z Get:127 http://azure.archive.ubuntu.com/ubuntu noble/universe amd64 libfluidsynth3 amd64 2.3.4-1build3 [249 kB]
test	Install Playwright Browsers	2026-07-29T03:41:12.4572288Z Get:128 http://azure.archive.ubuntu.com/ubuntu noble/main amd64 libfreeaptx0 amd64 0.1.1-2build1 [13.5 kB]
test	Install Playwright Browsers	2026-07-29T03:41:12.5037083Z Get:129 http://azure.archive.ubuntu.com/ubuntu noble/main amd64 libgraphene-1.0-0 amd64 1.10.8-3build2 [46.2 kB]
test	Install Playwright Browsers	2026-07-29T03:41:12.5415097Z Get:130 http://azure.archive.ubuntu.com/ubuntu noble/main amd64 libgssdp-1.6-0 amd64 1.6.3-1build3 [40.4 kB]
test	Install Playwright Browsers	2026-07-29T03:41:12.5819012Z Get:131 http://azure.archive.ubuntu.com/ubuntu noble/main amd64 libegl1 amd64 1.7.0-1build1 [28.7 kB]
test	Install Playwright Browsers	2026-07-29T03:41:12.6234261Z Get:132 http://azure.archive.ubuntu.com/ubuntu noble-updates/main amd64 libgstreamer-gl1.0-0 amd64 1.24.2-1ubuntu0.4 [214 kB]
test	Install Playwright Browsers	2026-07-29T03:41:12.6620473Z Get:133 http://azure.archive.ubuntu.com/ubuntu noble-updates/main amd64 libgtk-4-common all 4.14.5+ds-0ubuntu0.10 [1497 kB]
test	Install Playwright Browsers	2026-07-29T03:41:12.7227759Z Get:134 http://azure.archive.ubuntu.com/ubuntu noble-updates/main amd64 libgtk-4-1 amd64 4.14.5+ds-0ubuntu0.10 [3295 kB]
test	Install Playwright Browsers	2026-07-29T03:41:12.8120162Z Get:135 http://azure.archive.ubuntu.com/ubuntu noble/main amd64 libgupnp-1.6-0 amd64 1.6.6-1build3 [92.7 kB]
test	Install Playwright Browsers	2026-07-29T03:41:12.8581757Z Get:136 http://azure.archive.ubuntu.com/ubuntu noble/universe amd64 libgupnp-igd-1.6-0 amd64 1.6.0-3build3 [16.5 kB]
test	Install Playwright Browsers	2026-07-29T03:41:12.8943454Z Get:137 http://azure.archive.ubuntu.com/ubuntu noble/main amd64 libharfbuzz-icu0 amd64 8.3.0-2build2 [13.3 kB]
test	Install Playwright Browsers	2026-07-29T03:41:12.9348293Z Get:138 http://azure.archive.ubuntu.com/ubuntu noble/main amd64 libhyphen0 amd64 2.8.8-7build3 [26.5 kB]
test	Install Playwright Browsers	2026-07-29T03:41:13.0123306Z Get:139 http://azure.archive.ubuntu.com/ubuntu noble/universe amd64 libimath-3-1-29t64 amd64 3.1.9-3.1ubuntu2 [72.2 kB]
test	Install Playwright Browsers	2026-07-29T03:41:13.0487117Z Get:140 http://azure.archive.ubuntu.com/ubuntu noble/main amd64 liblc3-1 amd64 1.0.4-3build1 [69.7 kB]
test	Install Playwright Browsers	2026-07-29T03:41:13.0852493Z Get:141 http://azure.archive.ubuntu.com/ubuntu noble/main amd64 libldacbt-enc2 amd64 2.0.2.3+git20200429+ed310a0-4ubuntu2 [27.1 kB]
test	Install Playwright Browsers	2026-07-29T03:41:13.1214313Z Get:142 http://azure.archive.ubuntu.com/ubuntu noble-updates/main amd64 libraptor2-0 amd64 2.0.16-3ubuntu0.1 [165 kB]
test	Install Playwright Browsers	2026-07-29T03:41:13.1622971Z Get:143 http://azure.archive.ubuntu.com/ubuntu noble/universe amd64 liblrdf0 amd64 0.6.1-4build1 [18.5 kB]
test	Install Playwright Browsers	2026-07-29T03:41:13.1986475Z Get:144 http://azure.archive.ubuntu.com/ubuntu noble/universe amd64 libltc11 amd64 1.3.2-1build1 [13.0 kB]
test	Install Playwright Browsers	2026-07-29T03:41:13.2348736Z Get:145 http://azure.archive.ubuntu.com/ubuntu noble/main amd64 libmanette-0.2-0 amd64 0.2.7-1build2 [30.6 kB]
test	Install Playwright Browsers	2026-07-29T03:41:13.2751470Z Get:146 http://azure.archive.ubuntu.com/ubuntu noble/universe amd64 libmfx1 amd64 22.5.4-1 [3124 kB]
test	Install Playwright Browsers	2026-07-29T03:41:13.3536767Z Get:147 http://azure.archive.ubuntu.com/ubuntu noble/universe amd64 libmjpegutils-2.1-0t64 amd64 1:2.1.0+debian-8.1build1 [25.5 kB]
test	Install Playwright Browsers	2026-07-29T03:41:13.3901973Z Get:148 http://azure.archive.ubuntu.com/ubuntu noble/universe amd64 libmodplug1 amd64 1:0.8.9.0-3build1 [166 kB]
test	Install Playwright Browsers	2026-07-29T03:41:13.4283569Z Get:149 http://azure.archive.ubuntu.com/ubuntu noble/universe amd64 libmpcdec6 amd64 2:0.1~r495-2build1 [32.7 kB]
test	Install Playwright Browsers	2026-07-29T03:41:13.4654240Z Get:150 http://azure.archive.ubuntu.com/ubuntu noble/universe amd64 libmpeg2encpp-2.1-0t64 amd64 1:2.1.0+debian-8.1build1 [75.6 kB]
test	Install Playwright Browsers	2026-07-29T03:41:13.5028099Z Get:151 http://azure.archive.ubuntu.com/ubuntu noble/universe amd64 libmplex2-2.1-0t64 amd64 1:2.1.0+debian-8.1build1 [46.1 kB]
test	Install Playwright Browsers	2026-07-29T03:41:13.5402272Z Get:152 http://azure.archive.ubuntu.com/ubuntu noble/universe amd64 libneon27t64 amd64 0.33.0-1.1build3 [102 kB]
test	Install Playwright Browsers	2026-07-29T03:41:13.5768327Z Get:153 http://azure.archive.ubuntu.com/ubuntu noble/universe amd64 libnice10 amd64 0.1.21-2build3 [157 kB]
test	Install Playwright Browsers	2026-07-29T03:41:13.6151881Z Get:154 http://azure.archive.ubuntu.com/ubuntu noble/universe amd64 libopenal-data all 1:1.23.1-4build1 [161 kB]
test	Install Playwright Browsers	2026-07-29T03:41:13.6532105Z Get:155 http://azure.archive.ubuntu.com/ubuntu noble/universe amd64 libopenexr-3-1-30 amd64 3.1.5-5.1build3 [1004 kB]
test	Install Playwright Browsers	2026-07-29T03:41:13.7104411Z Get:156 http://azure.archive.ubuntu.com/ubuntu noble/universe amd64 libopenh264-7 amd64 2.4.1+dfsg-1 [409 kB]
test	Install Playwright Browsers	2026-07-29T03:41:13.7492565Z Get:157 http://azure.archive.ubuntu.com/ubuntu noble/universe amd64 libopenni2-0 amd64 2.2.0.33+dfsg-18 [370 kB]
test	Install Playwright Browsers	2026-07-29T03:41:13.8558991Z Get:158 http://azure.archive.ubuntu.com/ubuntu noble/universe amd64 libqrencode4 amd64 4.1.1-1build2 [25.0 kB]
test	Install Playwright Browsers	2026-07-29T03:41:13.9170979Z Get:159 http://azure.archive.ubuntu.com/ubuntu noble/main amd64 libsecret-common all 0.21.4-1build3 [4962 B]
test	Install Playwright Browsers	2026-07-29T03:41:13.9474131Z Get:160 http://azure.archive.ubuntu.com/ubuntu noble/main amd64 libsecret-1-0 amd64 0.21.4-1build3 [116 kB]
test	Install Playwright Browsers	2026-07-29T03:41:14.0395052Z Get:161 http://azure.archive.ubuntu.com/ubuntu noble/universe amd64 libsndio7.0 amd64 1.9.0-0.3build3 [29.6 kB]
test	Install Playwright Browsers	2026-07-29T03:41:14.0751247Z Get:162 http://azure.archive.ubuntu.com/ubuntu noble/universe amd64 libsoundtouch1 amd64 2.3.2+ds1-1build1 [60.5 kB]
test	Install Playwright Browsers	2026-07-29T03:41:14.1197163Z Get:163 http://azure.archive.ubuntu.com/ubuntu noble/universe amd64 libspandsp2t64 amd64 0.0.6+dfsg-2.1build1 [311 kB]
test	Install Playwright Browsers	2026-07-29T03:41:14.1995429Z Get:164 http://azure.archive.ubuntu.com/ubuntu noble/universe amd64 libsrtp2-1 amd64 2.5.0-3build1 [41.9 kB]
test	Install Playwright Browsers	2026-07-29T03:41:14.2304406Z Get:165 http://azure.archive.ubuntu.com/ubuntu noble/main amd64 libwayland-server0 amd64 1.22.0-2.1build1 [33.9 kB]
test	Install Playwright Browsers	2026-07-29T03:41:14.2596619Z Get:166 http://azure.archive.ubuntu.com/ubuntu noble/universe amd64 libwildmidi2 amd64 0.4.3-1build3 [68.5 kB]
test	Install Playwright Browsers	2026-07-29T03:41:14.2916168Z Get:167 http://azure.archive.ubuntu.com/ubuntu noble/main amd64 libwoff1 amd64 1.0.2-2build1 [45.3 kB]
test	Install Playwright Browsers	2026-07-29T03:41:14.3227417Z Get:168 http://azure.archive.ubuntu.com/ubuntu noble/main amd64 libxcb-xkb1 amd64 1.15-1ubuntu2 [32.3 kB]
test	Install Playwright Browsers	2026-07-29T03:41:14.3536922Z Get:169 http://azure.archive.ubuntu.com/ubuntu noble/main amd64 libxkbcommon-x11-0 amd64 1.6.0-1build1 [14.5 kB]
test	Install Playwright Browsers	2026-07-29T03:41:14.3853222Z Get:170 http://azure.archive.ubuntu.com/ubuntu noble/universe amd64 libzbar0t64 amd64 0.23.93-4build3 [123 kB]
test	Install Playwright Browsers	2026-07-29T03:41:14.4307700Z Get:171 http://azure.archive.ubuntu.com/ubuntu noble/universe amd64 libzxing3 amd64 2.2.1-3 [583 kB]
test	Install Playwright Browsers	2026-07-29T03:41:14.4901618Z Get:172 http://azure.archive.ubuntu.com/ubuntu noble/main amd64 xfonts-encodings all 1:1.0.5-0ubuntu2 [578 kB]
test	Install Playwright Browsers	2026-07-29T03:41:14.5307244Z Get:173 http://azure.archive.ubuntu.com/ubuntu noble/main amd64 xfonts-utils amd64 1:7.7+6build3 [94.4 kB]
test	Install Playwright Browsers	2026-07-29T03:41:14.5648021Z Get:174 http://azure.archive.ubuntu.com/ubuntu noble/universe amd64 xfonts-cyrillic all 1:1.0.5+nmu1 [384 kB]
test	Install Playwright Browsers	2026-07-29T03:41:14.5970670Z Get:175 http://azure.archive.ubuntu.com/ubuntu noble/main amd64 xfonts-scalable all 1:1.0.3-1.3 [304 kB]
test	Install Playwright Browsers	2026-07-29T03:41:14.6694654Z Get:176 http://azure.archive.ubuntu.com/ubuntu noble/universe amd64 libgstreamer-plugins-bad1.0-0 amd64 1.24.2-1ubuntu4 [797 kB]
test	Install Playwright Browsers	2026-07-29T03:41:14.7039754Z Get:177 http://azure.archive.ubuntu.com/ubuntu noble/universe amd64 libdca0 amd64 0.0.7-2build1 [93.8 kB]
test	Install Playwright Browsers	2026-07-29T03:41:14.7332401Z Get:178 http://azure.archive.ubuntu.com/ubuntu noble/universe amd64 libopenal1 amd64 1:1.23.1-4build1 [540 kB]
test	Install Playwright Browsers	2026-07-29T03:41:14.7656984Z Get:179 http://azure.archive.ubuntu.com/ubuntu noble/main amd64 libsbc1 amd64 2.0-1build1 [33.9 kB]
test	Install Playwright Browsers	2026-07-29T03:41:14.7954720Z Get:180 http://azure.archive.ubuntu.com/ubuntu noble/universe amd64 libvo-aacenc0 amd64 0.1.3-2build1 [67.8 kB]
test	Install Playwright Browsers	2026-07-29T03:41:14.8246608Z Get:181 http://azure.archive.ubuntu.com/ubuntu noble/universe amd64 libvo-amrwbenc0 amd64 0.1.3-2build1 [76.7 kB]
test	Install Playwright Browsers	2026-07-29T03:41:14.8536622Z Get:182 http://azure.archive.ubuntu.com/ubuntu noble/universe amd64 gstreamer1.0-plugins-bad amd64 1.24.2-1ubuntu4 [3081 kB]
test	Install Playwright Browsers	2026-07-29T03:41:15.2609092Z Fetched 114 MB in 8s (13.6 MB/s)
test	Install Playwright Browsers	2026-07-29T03:41:15.2873141Z Selecting previously unselected package fonts-ipafont-gothic.
test	Install Playwright Browsers	2026-07-29T03:41:15.3192075Z (Reading database ... 
test	Install Playwright Browsers	2026-07-29T03:41:15.3192581Z (Reading database ... 5%
test	Install Playwright Browsers	2026-07-29T03:41:15.3193152Z (Reading database ... 10%
test	Install Playwright Browsers	2026-07-29T03:41:15.3193690Z (Reading database ... 15%
test	Install Playwright Browsers	2026-07-29T03:41:15.3194017Z (Reading database ... 20%
test	Install Playwright Browsers	2026-07-29T03:41:15.3194316Z (Reading database ... 25%
test	Install Playwright Browsers	2026-07-29T03:41:15.3194580Z (Reading database ... 30%
test	Install Playwright Browsers	2026-07-29T03:41:15.3194832Z (Reading database ... 35%
test	Install Playwright Browsers	2026-07-29T03:41:15.3195084Z (Reading database ... 40%
test	Install Playwright Browsers	2026-07-29T03:41:15.3195328Z (Reading database ... 45%
test	Install Playwright Browsers	2026-07-29T03:41:15.3195581Z (Reading database ... 50%
test	Install Playwright Browsers	2026-07-29T03:41:15.3248698Z (Reading database ... 55%
test	Install Playwright Browsers	2026-07-29T03:41:15.4365175Z (Reading database ... 60%
test	Install Playwright Browsers	2026-07-29T03:41:15.6433918Z (Reading database ... 65%
test	Install Playwright Browsers	2026-07-29T03:41:15.7966527Z (Reading database ... 70%
test	Install Playwright Browsers	2026-07-29T03:41:15.9115278Z (Reading database ... 75%
test	Install Playwright Browsers	2026-07-29T03:41:16.0921177Z (Reading database ... 80%
test	Install Playwright Browsers	2026-07-29T03:41:16.3151298Z (Reading database ... 85%
test	Install Playwright Browsers	2026-07-29T03:41:16.5055183Z (Reading database ... 90%
test	Install Playwright Browsers	2026-07-29T03:41:16.6535170Z (Reading database ... 95%
test	Install Playwright Browsers	2026-07-29T03:41:16.6535730Z (Reading database ... 100%
test	Install Playwright Browsers	2026-07-29T03:41:16.6536765Z (Reading database ... 202954 files and directories currently installed.)
test	Install Playwright Browsers	2026-07-29T03:41:16.6574887Z Preparing to unpack .../000-fonts-ipafont-gothic_00303-21ubuntu1_all.deb ...
test	Install Playwright Browsers	2026-07-29T03:41:16.6662763Z Unpacking fonts-ipafont-gothic (00303-21ubuntu1) ...
test	Install Playwright Browsers	2026-07-29T03:41:16.8895327Z Selecting previously unselected package fonts-freefont-ttf.
test	Install Playwright Browsers	2026-07-29T03:41:16.9019932Z Preparing to unpack .../001-fonts-freefont-ttf_20211204+svn4273-2_all.deb ...
test	Install Playwright Browsers	2026-07-29T03:41:16.9029119Z Unpacking fonts-freefont-ttf (20211204+svn4273-2) ...
test	Install Playwright Browsers	2026-07-29T03:41:16.9795780Z Selecting previously unselected package fonts-tlwg-loma-otf.
test	Install Playwright Browsers	2026-07-29T03:41:16.9918414Z Preparing to unpack .../002-fonts-tlwg-loma-otf_1%3a0.7.3-1_all.deb ...
test	Install Playwright Browsers	2026-07-29T03:41:16.9928114Z Unpacking fonts-tlwg-loma-otf (1:0.7.3-1) ...
test	Install Playwright Browsers	2026-07-29T03:41:17.0136477Z Selecting previously unselected package fonts-unifont.
test	Install Playwright Browsers	2026-07-29T03:41:17.0257097Z Preparing to unpack .../003-fonts-unifont_1%3a15.1.01-1build1_all.deb ...
test	Install Playwright Browsers	2026-07-29T03:41:17.0265734Z Unpacking fonts-unifont (1:15.1.01-1build1) ...
test	Install Playwright Browsers	2026-07-29T03:41:17.1347512Z Selecting previously unselected package fonts-wqy-zenhei.
test	Install Playwright Browsers	2026-07-29T03:41:17.1470567Z Preparing to unpack .../004-fonts-wqy-zenhei_0.9.45-8_all.deb ...
test	Install Playwright Browsers	2026-07-29T03:41:17.1568640Z Unpacking fonts-wqy-zenhei (0.9.45-8) ...
test	Install Playwright Browsers	2026-07-29T03:41:17.6208611Z Selecting previously unselected package libproxy1v5:amd64.
test	Install Playwright Browsers	2026-07-29T03:41:17.6331976Z Preparing to unpack .../005-libproxy1v5_0.5.4-4build1_amd64.deb ...
test	Install Playwright Browsers	2026-07-29T03:41:17.6350605Z Unpacking libproxy1v5:amd64 (0.5.4-4build1) ...
test	Install Playwright Browsers	2026-07-29T03:41:17.6561005Z Selecting previously unselected package glib-networking-common.
test	Install Playwright Browsers	2026-07-29T03:41:17.6683264Z Preparing to unpack .../006-glib-networking-common_2.80.0-1build1_all.deb ...
test	Install Playwright Browsers	2026-07-29T03:41:17.6692741Z Unpacking glib-networking-common (2.80.0-1build1) ...
test	Install Playwright Browsers	2026-07-29T03:41:17.6880173Z Selecting previously unselected package glib-networking-services.
test	Install Playwright Browsers	2026-07-29T03:41:17.7000039Z Preparing to unpack .../007-glib-networking-services_2.80.0-1build1_amd64.deb ...
test	Install Playwright Browsers	2026-07-29T03:41:17.7007857Z Unpacking glib-networking-services (2.80.0-1build1) ...
test	Install Playwright Browsers	2026-07-29T03:41:17.7208373Z Selecting previously unselected package session-migration.
test	Install Playwright Browsers	2026-07-29T03:41:17.7328058Z Preparing to unpack .../008-session-migration_0.3.9build1_amd64.deb ...
test	Install Playwright Browsers	2026-07-29T03:41:17.7335517Z Unpacking session-migration (0.3.9build1) ...
test	Install Playwright Browsers	2026-07-29T03:41:17.7557479Z Selecting previously unselected package gsettings-desktop-schemas.
test	Install Playwright Browsers	2026-07-29T03:41:17.7676391Z Preparing to unpack .../009-gsettings-desktop-schemas_46.1-0ubuntu1_all.deb ...
test	Install Playwright Browsers	2026-07-29T03:41:17.7684386Z Unpacking gsettings-desktop-schemas (46.1-0ubuntu1) ...
test	Install Playwright Browsers	2026-07-29T03:41:17.8022233Z Selecting previously unselected package glib-networking:amd64.
test	Install Playwright Browsers	2026-07-29T03:41:17.8141127Z Preparing to unpack .../010-glib-networking_2.80.0-1build1_amd64.deb ...
test	Install Playwright Browsers	2026-07-29T03:41:17.8149975Z Unpacking glib-networking:amd64 (2.80.0-1build1) ...
test	Install Playwright Browsers	2026-07-29T03:41:17.8364484Z Selecting previously unselected package libva2:amd64.
test	Install Playwright Browsers	2026-07-29T03:41:17.8483891Z Preparing to unpack .../011-libva2_2.20.0-2ubuntu0.2_amd64.deb ...
test	Install Playwright Browsers	2026-07-29T03:41:17.8492722Z Unpacking libva2:amd64 (2.20.0-2ubuntu0.2) ...
test	Install Playwright Browsers	2026-07-29T03:41:17.8703733Z Selecting previously unselected package libva-drm2:amd64.
test	Install Playwright Browsers	2026-07-29T03:41:17.8822240Z Preparing to unpack .../012-libva-drm2_2.20.0-2ubuntu0.2_amd64.deb ...
test	Install Playwright Browsers	2026-07-29T03:41:17.8830442Z Unpacking libva-drm2:amd64 (2.20.0-2ubuntu0.2) ...
test	Install Playwright Browsers	2026-07-29T03:41:17.9040468Z Selecting previously unselected package libva-x11-2:amd64.
test	Install Playwright Browsers	2026-07-29T03:41:17.9159018Z Preparing to unpack .../013-libva-x11-2_2.20.0-2ubuntu0.2_amd64.deb ...
test	Install Playwright Browsers	2026-07-29T03:41:17.9167708Z Unpacking libva-x11-2:amd64 (2.20.0-2ubuntu0.2) ...
test	Install Playwright Browsers	2026-07-29T03:41:17.9368909Z Selecting previously unselected package libvdpau1:amd64.
test	Install Playwright Browsers	2026-07-29T03:41:17.9483326Z Preparing to unpack .../014-libvdpau1_1.5-2build1_amd64.deb ...
test	Install Playwright Browsers	2026-07-29T03:41:17.9493253Z Unpacking libvdpau1:amd64 (1.5-2build1) ...
test	Install Playwright Browsers	2026-07-29T03:41:17.9699683Z Selecting previously unselected package libvpl2.
test	Install Playwright Browsers	2026-07-29T03:41:17.9813003Z Preparing to unpack .../015-libvpl2_2023.3.0-1build1_amd64.deb ...
test	Install Playwright Browsers	2026-07-29T03:41:17.9821311Z Unpacking libvpl2 (2023.3.0-1build1) ...
test	Install Playwright Browsers	2026-07-29T03:41:18.0114527Z Selecting previously unselected package ocl-icd-libopencl1:amd64.
test	Install Playwright Browsers	2026-07-29T03:41:18.0325415Z Preparing to unpack .../016-ocl-icd-libopencl1_2.3.2-1build1_amd64.deb ...
test	Install Playwright Browsers	2026-07-29T03:41:18.0331595Z Unpacking ocl-icd-libopencl1:amd64 (2.3.2-1build1) ...
test	Install Playwright Browsers	2026-07-29T03:41:18.0586944Z Selecting previously unselected package libavutil58:amd64.
test	Install Playwright Browsers	2026-07-29T03:41:18.0710061Z Preparing to unpack .../017-libavutil58_7%3a6.1.1-3ubuntu5_amd64.deb ...
test	Install Playwright Browsers	2026-07-29T03:41:18.0719850Z Unpacking libavutil58:amd64 (7:6.1.1-3ubuntu5) ...
test	Install Playwright Browsers	2026-07-29T03:41:18.0961199Z Selecting previously unselected package libcodec2-1.2:amd64.
test	Install Playwright Browsers	2026-07-29T03:41:18.1083485Z Preparing to unpack .../018-libcodec2-1.2_1.2.0-2build1_amd64.deb ...
test	Install Playwright Browsers	2026-07-29T03:41:18.1094184Z Unpacking libcodec2-1.2:amd64 (1.2.0-2build1) ...
test	Install Playwright Browsers	2026-07-29T03:41:18.1809924Z Selecting previously unselected package libdav1d7:amd64.
test	Install Playwright Browsers	2026-07-29T03:41:18.1933213Z Preparing to unpack .../019-libdav1d7_1.4.1-1build1_amd64.deb ...
test	Install Playwright Browsers	2026-07-29T03:41:18.1941642Z Unpacking libdav1d7:amd64 (1.4.1-1build1) ...
test	Install Playwright Browsers	2026-07-29T03:41:18.2212822Z Selecting previously unselected package libgsm1:amd64.
test	Install Playwright Browsers	2026-07-29T03:41:18.2333930Z Preparing to unpack .../020-libgsm1_1.0.22-1build1_amd64.deb ...
test	Install Playwright Browsers	2026-07-29T03:41:18.2341779Z Unpacking libgsm1:amd64 (1.0.22-1build1) ...
test	Install Playwright Browsers	2026-07-29T03:41:18.2549414Z Selecting previously unselected package libhwy1t64:amd64.
test	Install Playwright Browsers	2026-07-29T03:41:18.2671105Z Preparing to unpack .../021-libhwy1t64_1.0.7-8.1build1_amd64.deb ...
test	Install Playwright Browsers	2026-07-29T03:41:18.2678816Z Unpacking libhwy1t64:amd64 (1.0.7-8.1build1) ...
test	Install Playwright Browsers	2026-07-29T03:41:18.2986324Z Selecting previously unselected package libjxl0.7:amd64.
test	Install Playwright Browsers	2026-07-29T03:41:18.3107863Z Preparing to unpack .../022-libjxl0.7_0.7.0-10.2ubuntu6.1_amd64.deb ...
test	Install Playwright Browsers	2026-07-29T03:41:18.3116383Z Unpacking libjxl0.7:amd64 (0.7.0-10.2ubuntu6.1) ...
test	Install Playwright Browsers	2026-07-29T03:41:18.3465324Z Selecting previously unselected package libmp3lame0:amd64.
test	Install Playwright Browsers	2026-07-29T03:41:18.3587824Z Preparing to unpack .../023-libmp3lame0_3.100-6build1_amd64.deb ...
test	Install Playwright Browsers	2026-07-29T03:41:18.3599475Z Unpacking libmp3lame0:amd64 (3.100-6build1) ...
test	Install Playwright Browsers	2026-07-29T03:41:18.3816212Z Selecting previously unselected package libopus0:amd64.
test	Install Playwright Browsers	2026-07-29T03:41:18.3934869Z Preparing to unpack .../024-libopus0_1.4-1build1_amd64.deb ...
test	Install Playwright Browsers	2026-07-29T03:41:18.3943450Z Unpacking libopus0:amd64 (1.4-1build1) ...
test	Install Playwright Browsers	2026-07-29T03:41:18.4165171Z Selecting previously unselected package librav1e0:amd64.
test	Install Playwright Browsers	2026-07-29T03:41:18.4286387Z Preparing to unpack .../025-librav1e0_0.7.1-2_amd64.deb ...
test	Install Playwright Browsers	2026-07-29T03:41:18.4294598Z Unpacking librav1e0:amd64 (0.7.1-2) ...
test	Install Playwright Browsers	2026-07-29T03:41:18.4614777Z Selecting previously unselected package librsvg2-2:amd64.
test	Install Playwright Browsers	2026-07-29T03:41:18.4736732Z Preparing to unpack .../026-librsvg2-2_2.58.0+dfsg-1build1_amd64.deb ...
test	Install Playwright Browsers	2026-07-29T03:41:18.4745697Z Unpacking librsvg2-2:amd64 (2.58.0+dfsg-1build1) ...
test	Install Playwright Browsers	2026-07-29T03:41:18.5203775Z Selecting previously unselected package libshine3:amd64.
test	Install Playwright Browsers	2026-07-29T03:41:18.5326435Z Preparing to unpack .../027-libshine3_3.1.1-2build1_amd64.deb ...
test	Install Playwright Browsers	2026-07-29T03:41:18.5335316Z Unpacking libshine3:amd64 (3.1.1-2build1) ...
test	Install Playwright Browsers	2026-07-29T03:41:18.5534451Z Selecting previously unselected package libspeex1:amd64.
test	Install Playwright Browsers	2026-07-29T03:41:18.5656353Z Preparing to unpack .../028-libspeex1_1.2.1-2ubuntu2.24.04.1_amd64.deb ...
test	Install Playwright Browsers	2026-07-29T03:41:18.5665650Z Unpacking libspeex1:amd64 (1.2.1-2ubuntu2.24.04.1) ...
test	Install Playwright Browsers	2026-07-29T03:41:18.5868239Z Selecting previously unselected package libsvtav1enc1d1:amd64.
test	Install Playwright Browsers	2026-07-29T03:41:18.5987949Z Preparing to unpack .../029-libsvtav1enc1d1_1.7.0+dfsg-2build1_amd64.deb ...
test	Install Playwright Browsers	2026-07-29T03:41:18.5996297Z Unpacking libsvtav1enc1d1:amd64 (1.7.0+dfsg-2build1) ...
test	Install Playwright Browsers	2026-07-29T03:41:18.6466231Z Selecting previously unselected package libsoxr0:amd64.
test	Install Playwright Browsers	2026-07-29T03:41:18.6588143Z Preparing to unpack .../030-libsoxr0_0.1.3-4build3_amd64.deb ...
test	Install Playwright Browsers	2026-07-29T03:41:18.6596744Z Unpacking libsoxr0:amd64 (0.1.3-4build3) ...
test	Install Playwright Browsers	2026-07-29T03:41:18.6808328Z Selecting previously unselected package libswresample4:amd64.
test	Install Playwright Browsers	2026-07-29T03:41:18.6927164Z Preparing to unpack .../031-libswresample4_7%3a6.1.1-3ubuntu5_amd64.deb ...
test	Install Playwright Browsers	2026-07-29T03:41:18.6936844Z Unpacking libswresample4:amd64 (7:6.1.1-3ubuntu5) ...
test	Install Playwright Browsers	2026-07-29T03:41:18.7140411Z Selecting previously unselected package libtheora0:amd64.
test	Install Playwright Browsers	2026-07-29T03:41:18.7258339Z Preparing to unpack .../032-libtheora0_1.1.1+dfsg.1-16.1build3_amd64.deb ...
test	Install Playwright Browsers	2026-07-29T03:41:18.7267086Z Unpacking libtheora0:amd64 (1.1.1+dfsg.1-16.1build3) ...
test	Install Playwright Browsers	2026-07-29T03:41:18.7490829Z Selecting previously unselected package libtwolame0:amd64.
test	Install Playwright Browsers	2026-07-29T03:41:18.7608605Z Preparing to unpack .../033-libtwolame0_0.4.0-2build3_amd64.deb ...
test	Install Playwright Browsers	2026-07-29T03:41:18.7617201Z Unpacking libtwolame0:amd64 (0.4.0-2build3) ...
test	Install Playwright Browsers	2026-07-29T03:41:18.7831810Z Selecting previously unselected package libvorbisenc2:amd64.
test	Install Playwright Browsers	2026-07-29T03:41:18.7948505Z Preparing to unpack .../034-libvorbisenc2_1.3.7-1build3_amd64.deb ...
test	Install Playwright Browsers	2026-07-29T03:41:18.7956811Z Unpacking libvorbisenc2:amd64 (1.3.7-1build3) ...
test	Install Playwright Browsers	2026-07-29T03:41:18.8177848Z Selecting previously unselected package libvpx9:amd64.
test	Install Playwright Browsers	2026-07-29T03:41:18.8297646Z Preparing to unpack .../035-libvpx9_1.14.0-1ubuntu2.3_amd64.deb ...
test	Install Playwright Browsers	2026-07-29T03:41:18.8306906Z Unpacking libvpx9:amd64 (1.14.0-1ubuntu2.3) ...
test	Install Playwright Browsers	2026-07-29T03:41:18.8628429Z Selecting previously unselected package libx264-164:amd64.
test	Install Playwright Browsers	2026-07-29T03:41:18.8750353Z Preparing to unpack .../036-libx264-164_2%3a0.164.3108+git31e19f9-1_amd64.deb ...
test	Install Playwright Browsers	2026-07-29T03:41:18.8759498Z Unpacking libx264-164:amd64 (2:0.164.3108+git31e19f9-1) ...
test	Install Playwright Browsers	2026-07-29T03:41:18.9032770Z Selecting previously unselected package libx265-199:amd64.
test	Install Playwright Browsers	2026-07-29T03:41:18.9154559Z Preparing to unpack .../037-libx265-199_3.5-2build1_amd64.deb ...
test	Install Playwright Browsers	2026-07-29T03:41:18.9163372Z Unpacking libx265-199:amd64 (3.5-2build1) ...
test	Install Playwright Browsers	2026-07-29T03:41:18.9797739Z Selecting previously unselected package libxvidcore4:amd64.
test	Install Playwright Browsers	2026-07-29T03:41:18.9920818Z Preparing to unpack .../038-libxvidcore4_2%3a1.3.7-1build1_amd64.deb ...
test	Install Playwright Browsers	2026-07-29T03:41:19.0004910Z Unpacking libxvidcore4:amd64 (2:1.3.7-1build1) ...
test	Install Playwright Browsers	2026-07-29T03:41:19.0218520Z Selecting previously unselected package libzvbi-common.
test	Install Playwright Browsers	2026-07-29T03:41:19.0341068Z Preparing to unpack .../039-libzvbi-common_0.2.42-2_all.deb ...
test	Install Playwright Browsers	2026-07-29T03:41:19.0348963Z Unpacking libzvbi-common (0.2.42-2) ...
test	Install Playwright Browsers	2026-07-29T03:41:19.0754907Z Selecting previously unselected package libzvbi0t64:amd64.
test	Install Playwright Browsers	2026-07-29T03:41:19.0876602Z Preparing to unpack .../040-libzvbi0t64_0.2.42-2_amd64.deb ...
test	Install Playwright Browsers	2026-07-29T03:41:19.0886086Z Unpacking libzvbi0t64:amd64 (0.2.42-2) ...
test	Install Playwright Browsers	2026-07-29T03:41:19.1122101Z Selecting previously unselected package libavcodec60:amd64.
test	Install Playwright Browsers	2026-07-29T03:41:19.1242189Z Preparing to unpack .../041-libavcodec60_7%3a6.1.1-3ubuntu5_amd64.deb ...
test	Install Playwright Browsers	2026-07-29T03:41:19.1249873Z Unpacking libavcodec60:amd64 (7:6.1.1-3ubuntu5) ...
test	Install Playwright Browsers	2026-07-29T03:41:19.2029595Z Selecting previously unselected package libunibreak5:amd64.
test	Install Playwright Browsers	2026-07-29T03:41:19.2153481Z Preparing to unpack .../042-libunibreak5_5.1-2build1_amd64.deb ...
test	Install Playwright Browsers	2026-07-29T03:41:19.2163547Z Unpacking libunibreak5:amd64 (5.1-2build1) ...
test	Install Playwright Browsers	2026-07-29T03:41:19.2368266Z Selecting previously unselected package libass9:amd64.
test	Install Playwright Browsers	2026-07-29T03:41:19.2489576Z Preparing to unpack .../043-libass9_1%3a0.17.1-2build1_amd64.deb ...
test	Install Playwright Browsers	2026-07-29T03:41:19.2498952Z Unpacking libass9:amd64 (1:0.17.1-2build1) ...
test	Install Playwright Browsers	2026-07-29T03:41:19.2707186Z Selecting previously unselected package libudfread0:amd64.
test	Install Playwright Browsers	2026-07-29T03:41:19.2827701Z Preparing to unpack .../044-libudfread0_1.1.2-1build1_amd64.deb ...
test	Install Playwright Browsers	2026-07-29T03:41:19.2836227Z Unpacking libudfread0:amd64 (1.1.2-1build1) ...
test	Install Playwright Browsers	2026-07-29T03:41:19.3036268Z Selecting previously unselected package libbluray2:amd64.
test	Install Playwright Browsers	2026-07-29T03:41:19.3155319Z Preparing to unpack .../045-libbluray2_1%3a1.3.4-1build1_amd64.deb ...
test	Install Playwright Browsers	2026-07-29T03:41:19.3163904Z Unpacking libbluray2:amd64 (1:1.3.4-1build1) ...
test	Install Playwright Browsers	2026-07-29T03:41:19.3382860Z Selecting previously unselected package libchromaprint1:amd64.
test	Install Playwright Browsers	2026-07-29T03:41:19.3502406Z Preparing to unpack .../046-libchromaprint1_1.5.1-5_amd64.deb ...
test	Install Playwright Browsers	2026-07-29T03:41:19.3512001Z Unpacking libchromaprint1:amd64 (1.5.1-5) ...
test	Install Playwright Browsers	2026-07-29T03:41:19.3716634Z Selecting previously unselected package libgme0:amd64.
test	Install Playwright Browsers	2026-07-29T03:41:19.3834292Z Preparing to unpack .../047-libgme0_0.6.3-7build1_amd64.deb ...
test	Install Playwright Browsers	2026-07-29T03:41:19.3843246Z Unpacking libgme0:amd64 (0.6.3-7build1) ...
test	Install Playwright Browsers	2026-07-29T03:41:19.4056677Z Selecting previously unselected package libmpg123-0t64:amd64.
test	Install Playwright Browsers	2026-07-29T03:41:19.4173237Z Preparing to unpack .../048-libmpg123-0t64_1.32.5-1ubuntu1.1_amd64.deb ...
test	Install Playwright Browsers	2026-07-29T03:41:19.4181744Z Unpacking libmpg123-0t64:amd64 (1.32.5-1ubuntu1.1) ...
test	Install Playwright Browsers	2026-07-29T03:41:19.4399779Z Selecting previously unselected package libopenmpt0t64:amd64.
test	Install Playwright Browsers	2026-07-29T03:41:19.4515221Z Preparing to unpack .../049-libopenmpt0t64_0.7.3-1.1build3_amd64.deb ...
test	Install Playwright Browsers	2026-07-29T03:41:19.4523589Z Unpacking libopenmpt0t64:amd64 (0.7.3-1.1build3) ...
test	Install Playwright Browsers	2026-07-29T03:41:19.4788395Z Selecting previously unselected package libcjson1:amd64.
test	Install Playwright Browsers	2026-07-29T03:41:19.4903875Z Preparing to unpack .../050-libcjson1_1.7.17-1_amd64.deb ...
test	Install Playwright Browsers	2026-07-29T03:41:19.4913848Z Unpacking libcjson1:amd64 (1.7.17-1) ...
test	Install Playwright Browsers	2026-07-29T03:41:19.5115418Z Selecting previously unselected package libmbedcrypto7t64:amd64.
test	Install Playwright Browsers	2026-07-29T03:41:19.5229959Z Preparing to unpack .../051-libmbedcrypto7t64_2.28.8-1_amd64.deb ...
test	Install Playwright Browsers	2026-07-29T03:41:19.5238613Z Unpacking libmbedcrypto7t64:amd64 (2.28.8-1) ...
test	Install Playwright Browsers	2026-07-29T03:41:19.5470482Z Selecting previously unselected package librist4:amd64.
test	Install Playwright Browsers	2026-07-29T03:41:19.5585053Z Preparing to unpack .../052-librist4_0.2.10+dfsg-2_amd64.deb ...
test	Install Playwright Browsers	2026-07-29T03:41:19.5592771Z Unpacking librist4:amd64 (0.2.10+dfsg-2) ...
test	Install Playwright Browsers	2026-07-29T03:41:19.5794656Z Selecting previously unselected package libsrt1.5-gnutls:amd64.
test	Install Playwright Browsers	2026-07-29T03:41:19.5910175Z Preparing to unpack .../053-libsrt1.5-gnutls_1.5.3-1build2_amd64.deb ...
test	Install Playwright Browsers	2026-07-29T03:41:19.5918695Z Unpacking libsrt1.5-gnutls:amd64 (1.5.3-1build2) ...
test	Install Playwright Browsers	2026-07-29T03:41:19.6153940Z Selecting previously unselected package libssh-gcrypt-4:amd64.
test	Install Playwright Browsers	2026-07-29T03:41:19.6273228Z Preparing to unpack .../054-libssh-gcrypt-4_0.10.6-2ubuntu0.4_amd64.deb ...
test	Install Playwright Browsers	2026-07-29T03:41:19.6282500Z Unpacking libssh-gcrypt-4:amd64 (0.10.6-2ubuntu0.4) ...
test	Install Playwright Browsers	2026-07-29T03:41:19.6505668Z Selecting previously unselected package libavformat60:amd64.
test	Install Playwright Browsers	2026-07-29T03:41:19.6624440Z Preparing to unpack .../055-libavformat60_7%3a6.1.1-3ubuntu5_amd64.deb ...
test	Install Playwright Browsers	2026-07-29T03:41:19.6632828Z Unpacking libavformat60:amd64 (7:6.1.1-3ubuntu5) ...
test	Install Playwright Browsers	2026-07-29T03:41:19.6931907Z Selecting previously unselected package libbs2b0:amd64.
test	Install Playwright Browsers	2026-07-29T03:41:19.7049356Z Preparing to unpack .../056-libbs2b0_3.1.0+dfsg-7build1_amd64.deb ...
test	Install Playwright Browsers	2026-07-29T03:41:19.7057274Z Unpacking libbs2b0:amd64 (3.1.0+dfsg-7build1) ...
test	Install Playwright Browsers	2026-07-29T03:41:19.7280057Z Selecting previously unselected package libflite1:amd64.
test	Install Playwright Browsers	2026-07-29T03:41:19.7398883Z Preparing to unpack .../057-libflite1_2.2-6build3_amd64.deb ...
test	Install Playwright Browsers	2026-07-29T03:41:19.7407920Z Unpacking libflite1:amd64 (2.2-6build3) ...
test	Install Playwright Browsers	2026-07-29T03:41:19.8445177Z Selecting previously unselected package libserd-0-0:amd64.
test	Install Playwright Browsers	2026-07-29T03:41:19.8568511Z Preparing to unpack .../058-libserd-0-0_0.32.2-1_amd64.deb ...
test	Install Playwright Browsers	2026-07-29T03:41:19.8577536Z Unpacking libserd-0-0:amd64 (0.32.2-1) ...
test	Install Playwright Browsers	2026-07-29T03:41:19.8794145Z Selecting previously unselected package libzix-0-0:amd64.
test	Install Playwright Browsers	2026-07-29T03:41:19.8915249Z Preparing to unpack .../059-libzix-0-0_0.4.2-2build1_amd64.deb ...
test	Install Playwright Browsers	2026-07-29T03:41:19.8925041Z Unpacking libzix-0-0:amd64 (0.4.2-2build1) ...
test	Install Playwright Browsers	2026-07-29T03:41:19.9124738Z Selecting previously unselected package libsord-0-0:amd64.
test	Install Playwright Browsers	2026-07-29T03:41:19.9244955Z Preparing to unpack .../060-libsord-0-0_0.16.16-2build1_amd64.deb ...
test	Install Playwright Browsers	2026-07-29T03:41:19.9253799Z Unpacking libsord-0-0:amd64 (0.16.16-2build1) ...
test	Install Playwright Browsers	2026-07-29T03:41:19.9453194Z Selecting previously unselected package libsratom-0-0:amd64.
test	Install Playwright Browsers	2026-07-29T03:41:19.9573389Z Preparing to unpack .../061-libsratom-0-0_0.6.16-1build1_amd64.deb ...
test	Install Playwright Browsers	2026-07-29T03:41:19.9582701Z Unpacking libsratom-0-0:amd64 (0.6.16-1build1) ...
test	Install Playwright Browsers	2026-07-29T03:41:19.9787781Z Selecting previously unselected package liblilv-0-0:amd64.
test	Install Playwright Browsers	2026-07-29T03:41:19.9908488Z Preparing to unpack .../062-liblilv-0-0_0.24.22-1build1_amd64.deb ...
test	Install Playwright Browsers	2026-07-29T03:41:19.9918205Z Unpacking liblilv-0-0:amd64 (0.24.22-1build1) ...
test	Install Playwright Browsers	2026-07-29T03:41:20.0126976Z Selecting previously unselected package libmysofa1:amd64.
test	Install Playwright Browsers	2026-07-29T03:41:20.0246525Z Preparing to unpack .../063-libmysofa1_1.3.2+dfsg-2ubuntu2_amd64.deb ...
test	Install Playwright Browsers	2026-07-29T03:41:20.0255801Z Unpacking libmysofa1:amd64 (1.3.2+dfsg-2ubuntu2) ...
test	Install Playwright Browsers	2026-07-29T03:41:20.0505733Z Selecting previously unselected package libplacebo338:amd64.
test	Install Playwright Browsers	2026-07-29T03:41:20.0626555Z Preparing to unpack .../064-libplacebo338_6.338.2-2build1_amd64.deb ...
test	Install Playwright Browsers	2026-07-29T03:41:20.0635297Z Unpacking libplacebo338:amd64 (6.338.2-2build1) ...
test	Install Playwright Browsers	2026-07-29T03:41:20.1178074Z Selecting previously unselected package libblas3:amd64.
test	Install Playwright Browsers	2026-07-29T03:41:20.1300741Z Preparing to unpack .../065-libblas3_3.12.0-3build1.1_amd64.deb ...
test	Install Playwright Browsers	2026-07-29T03:41:20.1329833Z Unpacking libblas3:amd64 (3.12.0-3build1.1) ...
test	Install Playwright Browsers	2026-07-29T03:41:20.1569594Z Selecting previously unselected package liblapack3:amd64.
test	Install Playwright Browsers	2026-07-29T03:41:20.1692837Z Preparing to unpack .../066-liblapack3_3.12.0-3build1.1_amd64.deb ...
test	Install Playwright Browsers	2026-07-29T03:41:20.1721669Z Unpacking liblapack3:amd64 (3.12.0-3build1.1) ...
test	Install Playwright Browsers	2026-07-29T03:41:20.2200521Z Selecting previously unselected package libasyncns0:amd64.
test	Install Playwright Browsers	2026-07-29T03:41:20.2323667Z Preparing to unpack .../067-libasyncns0_0.8-6build4_amd64.deb ...
test	Install Playwright Browsers	2026-07-29T03:41:20.2333257Z Unpacking libasyncns0:amd64 (0.8-6build4) ...
test	Install Playwright Browsers	2026-07-29T03:41:20.2535639Z Selecting previously unselected package libflac12t64:amd64.
test	Install Playwright Browsers	2026-07-29T03:41:20.2657806Z Preparing to unpack .../068-libflac12t64_1.4.3+ds-2.1ubuntu2_amd64.deb ...
test	Install Playwright Browsers	2026-07-29T03:41:20.2667801Z Unpacking libflac12t64:amd64 (1.4.3+ds-2.1ubuntu2) ...
test	Install Playwright Browsers	2026-07-29T03:41:20.2889732Z Selecting previously unselected package libsndfile1:amd64.
test	Install Playwright Browsers	2026-07-29T03:41:20.3011644Z Preparing to unpack .../069-libsndfile1_1.2.2-1ubuntu5.24.04.1_amd64.deb ...
test	Install Playwright Browsers	2026-07-29T03:41:20.3022219Z Unpacking libsndfile1:amd64 (1.2.2-1ubuntu5.24.04.1) ...
test	Install Playwright Browsers	2026-07-29T03:41:20.3265823Z Selecting previously unselected package libpulse0:amd64.
test	Install Playwright Browsers	2026-07-29T03:41:20.3387779Z Preparing to unpack .../070-libpulse0_1%3a16.1+dfsg1-2ubuntu10.1_amd64.deb ...
test	Install Playwright Browsers	2026-07-29T03:41:20.3451148Z Unpacking libpulse0:amd64 (1:16.1+dfsg1-2ubuntu10.1) ...
test	Install Playwright Browsers	2026-07-29T03:41:20.3701459Z Selecting previously unselected package libsphinxbase3t64:amd64.
test	Install Playwright Browsers	2026-07-29T03:41:20.3823365Z Preparing to unpack .../071-libsphinxbase3t64_0.8+5prealpha+1-17build2_amd64.deb ...
test	Install Playwright Browsers	2026-07-29T03:41:20.3831014Z Unpacking libsphinxbase3t64:amd64 (0.8+5prealpha+1-17build2) ...
test	Install Playwright Browsers	2026-07-29T03:41:20.4045569Z Selecting previously unselected package libpocketsphinx3:amd64.
test	Install Playwright Browsers	2026-07-29T03:41:20.4166615Z Preparing to unpack .../072-libpocketsphinx3_0.8.0+real5prealpha+1-15ubuntu5_amd64.deb ...
test	Install Playwright Browsers	2026-07-29T03:41:20.4176836Z Unpacking libpocketsphinx3:amd64 (0.8.0+real5prealpha+1-15ubuntu5) ...
test	Install Playwright Browsers	2026-07-29T03:41:20.4400624Z Selecting previously unselected package libpostproc57:amd64.
test	Install Playwright Browsers	2026-07-29T03:41:20.4516768Z Preparing to unpack .../073-libpostproc57_7%3a6.1.1-3ubuntu5_amd64.deb ...
test	Install Playwright Browsers	2026-07-29T03:41:20.4541861Z Unpacking libpostproc57:amd64 (7:6.1.1-3ubuntu5) ...
test	Install Playwright Browsers	2026-07-29T03:41:20.4751542Z Selecting previously unselected package libsamplerate0:amd64.
test	Install Playwright Browsers	2026-07-29T03:41:20.4878836Z Preparing to unpack .../074-libsamplerate0_0.2.2-4build1_amd64.deb ...
test	Install Playwright Browsers	2026-07-29T03:41:20.4879903Z Unpacking libsamplerate0:amd64 (0.2.2-4build1) ...
test	Install Playwright Browsers	2026-07-29T03:41:20.5130340Z Selecting previously unselected package librubberband2:amd64.
test	Install Playwright Browsers	2026-07-29T03:41:20.5245462Z Preparing to unpack .../075-librubberband2_3.3.0+dfsg-2build1_amd64.deb ...
test	Install Playwright Browsers	2026-07-29T03:41:20.5253477Z Unpacking librubberband2:amd64 (3.3.0+dfsg-2build1) ...
test	Install Playwright Browsers	2026-07-29T03:41:20.5506652Z Selecting previously unselected package libswscale7:amd64.
test	Install Playwright Browsers	2026-07-29T03:41:20.5622216Z Preparing to unpack .../076-libswscale7_7%3a6.1.1-3ubuntu5_amd64.deb ...
test	Install Playwright Browsers	2026-07-29T03:41:20.5631080Z Unpacking libswscale7:amd64 (7:6.1.1-3ubuntu5) ...
test	Install Playwright Browsers	2026-07-29T03:41:20.5861015Z Selecting previously unselected package libvidstab1.1:amd64.
test	Install Playwright Browsers	2026-07-29T03:41:20.5976699Z Preparing to unpack .../077-libvidstab1.1_1.1.0-2build1_amd64.deb ...
test	Install Playwright Browsers	2026-07-29T03:41:20.5984696Z Unpacking libvidstab1.1:amd64 (1.1.0-2build1) ...
test	Install Playwright Browsers	2026-07-29T03:41:20.6189239Z Selecting previously unselected package libzimg2:amd64.
test	Install Playwright Browsers	2026-07-29T03:41:20.6306189Z Preparing to unpack .../078-libzimg2_3.0.5+ds1-1build1_amd64.deb ...
test	Install Playwright Browsers	2026-07-29T03:41:20.6315068Z Unpacking libzimg2:amd64 (3.0.5+ds1-1build1) ...
test	Install Playwright Browsers	2026-07-29T03:41:20.6556666Z Selecting previously unselected package libavfilter9:amd64.
test	Install Playwright Browsers	2026-07-29T03:41:20.6676265Z Preparing to unpack .../079-libavfilter9_7%3a6.1.1-3ubuntu5_amd64.deb ...
test	Install Playwright Browsers	2026-07-29T03:41:20.6691477Z Unpacking libavfilter9:amd64 (7:6.1.1-3ubuntu5) ...
test	Install Playwright Browsers	2026-07-29T03:41:20.7383290Z Selecting previously unselected package liborc-0.4-0t64:amd64.
test	Install Playwright Browsers	2026-07-29T03:41:20.7507207Z Preparing to unpack .../080-liborc-0.4-0t64_1%3a0.4.38-1ubuntu0.1_amd64.deb ...
test	Install Playwright Browsers	2026-07-29T03:41:20.7516215Z Unpacking liborc-0.4-0t64:amd64 (1:0.4.38-1ubuntu0.1) ...
test	Install Playwright Browsers	2026-07-29T03:41:20.7761236Z Selecting previously unselected package libgstreamer-plugins-base1.0-0:amd64.
test	Install Playwright Browsers	2026-07-29T03:41:20.7885560Z Preparing to unpack .../081-libgstreamer-plugins-base1.0-0_1.24.2-1ubuntu0.4_amd64.deb ...
test	Install Playwright Browsers	2026-07-29T03:41:20.7895083Z Unpacking libgstreamer-plugins-base1.0-0:amd64 (1.24.2-1ubuntu0.4) ...
test	Install Playwright Browsers	2026-07-29T03:41:20.8330058Z Selecting previously unselected package gstreamer1.0-libav:amd64.
test	Install Playwright Browsers	2026-07-29T03:41:20.8451044Z Preparing to unpack .../082-gstreamer1.0-libav_1.24.1-1build1_amd64.deb ...
test	Install Playwright Browsers	2026-07-29T03:41:20.8461558Z Unpacking gstreamer1.0-libav:amd64 (1.24.1-1build1) ...
test	Install Playwright Browsers	2026-07-29T03:41:20.8676649Z Selecting previously unselected package libcdparanoia0:amd64.
test	Install Playwright Browsers	2026-07-29T03:41:20.8794365Z Preparing to unpack .../083-libcdparanoia0_3.10.2+debian-14build3_amd64.deb ...
test	Install Playwright Browsers	2026-07-29T03:41:20.8804050Z Unpacking libcdparanoia0:amd64 (3.10.2+debian-14build3) ...
test	Install Playwright Browsers	2026-07-29T03:41:20.9020989Z Selecting previously unselected package libvisual-0.4-0:amd64.
test	Install Playwright Browsers	2026-07-29T03:41:20.9136310Z Preparing to unpack .../084-libvisual-0.4-0_0.4.2-2build1_amd64.deb ...
test	Install Playwright Browsers	2026-07-29T03:41:20.9146095Z Unpacking libvisual-0.4-0:amd64 (0.4.2-2build1) ...
test	Install Playwright Browsers	2026-07-29T03:41:20.9368500Z Selecting previously unselected package gstreamer1.0-plugins-base:amd64.
test	Install Playwright Browsers	2026-07-29T03:41:20.9485616Z Preparing to unpack .../085-gstreamer1.0-plugins-base_1.24.2-1ubuntu0.4_amd64.deb ...
test	Install Playwright Browsers	2026-07-29T03:41:20.9506472Z Unpacking gstreamer1.0-plugins-base:amd64 (1.24.2-1ubuntu0.4) ...
test	Install Playwright Browsers	2026-07-29T03:41:20.9849147Z Selecting previously unselected package libaa1:amd64.
test	Install Playwright Browsers	2026-07-29T03:41:20.9969816Z Preparing to unpack .../086-libaa1_1.4p5-51.1_amd64.deb ...
test	Install Playwright Browsers	2026-07-29T03:41:20.9978836Z Unpacking libaa1:amd64 (1.4p5-51.1) ...
test	Install Playwright Browsers	2026-07-29T03:41:21.0193429Z Selecting previously unselected package libraw1394-11:amd64.
test	Install Playwright Browsers	2026-07-29T03:41:21.0312891Z Preparing to unpack .../087-libraw1394-11_2.1.2-2build3_amd64.deb ...
test	Install Playwright Browsers	2026-07-29T03:41:21.0321993Z Unpacking libraw1394-11:amd64 (2.1.2-2build3) ...
test	Install Playwright Browsers	2026-07-29T03:41:21.0533807Z Selecting previously unselected package libavc1394-0:amd64.
test	Install Playwright Browsers	2026-07-29T03:41:21.0654112Z Preparing to unpack .../088-libavc1394-0_0.5.4-5build3_amd64.deb ...
test	Install Playwright Browsers	2026-07-29T03:41:21.0663741Z Unpacking libavc1394-0:amd64 (0.5.4-5build3) ...
test	Install Playwright Browsers	2026-07-29T03:41:21.0869676Z Selecting previously unselected package libcaca0:amd64.
test	Install Playwright Browsers	2026-07-29T03:41:21.0988903Z Preparing to unpack .../089-libcaca0_0.99.beta20-4ubuntu0.2_amd64.deb ...
test	Install Playwright Browsers	2026-07-29T03:41:21.0999130Z Unpacking libcaca0:amd64 (0.99.beta20-4ubuntu0.2) ...
test	Install Playwright Browsers	2026-07-29T03:41:21.1246839Z Selecting previously unselected package libdv4t64:amd64.
test	Install Playwright Browsers	2026-07-29T03:41:21.1366449Z Preparing to unpack .../090-libdv4t64_1.0.0-17.1build1_amd64.deb ...
test	Install Playwright Browsers	2026-07-29T03:41:21.1378828Z Unpacking libdv4t64:amd64 (1.0.0-17.1build1) ...
test	Install Playwright Browsers	2026-07-29T03:41:21.1597350Z Selecting previously unselected package libgstreamer-plugins-good1.0-0:amd64.
test	Install Playwright Browsers	2026-07-29T03:41:21.1716817Z Preparing to unpack .../091-libgstreamer-plugins-good1.0-0_1.24.2-1ubuntu1.5_amd64.deb ...
test	Install Playwright Browsers	2026-07-29T03:41:21.1726185Z Unpacking libgstreamer-plugins-good1.0-0:amd64 (1.24.2-1ubuntu1.5) ...
test	Install Playwright Browsers	2026-07-29T03:41:21.1942140Z Selecting previously unselected package libiec61883-0:amd64.
test	Install Playwright Browsers	2026-07-29T03:41:21.2061797Z Preparing to unpack .../092-libiec61883-0_1.2.0-6build1_amd64.deb ...
test	Install Playwright Browsers	2026-07-29T03:41:21.2072464Z Unpacking libiec61883-0:amd64 (1.2.0-6build1) ...
test	Install Playwright Browsers	2026-07-29T03:41:21.2288085Z Selecting previously unselected package libshout3:amd64.
test	Install Playwright Browsers	2026-07-29T03:41:21.2406193Z Preparing to unpack .../093-libshout3_2.4.6-1build2_amd64.deb ...
test	Install Playwright Browsers	2026-07-29T03:41:21.2415586Z Unpacking libshout3:amd64 (2.4.6-1build2) ...
test	Install Playwright Browsers	2026-07-29T03:41:21.2629718Z Selecting previously unselected package libtag1v5-vanilla:amd64.
test	Install Playwright Browsers	2026-07-29T03:41:21.2747925Z Preparing to unpack .../094-libtag1v5-vanilla_1.13.1-1build1_amd64.deb ...
test	Install Playwright Browsers	2026-07-29T03:41:21.2757376Z Unpacking libtag1v5-vanilla:amd64 (1.13.1-1build1) ...
test	Install Playwright Browsers	2026-07-29T03:41:21.2995165Z Selecting previously unselected package libtag1v5:amd64.
test	Install Playwright Browsers	2026-07-29T03:41:21.3114460Z Preparing to unpack .../095-libtag1v5_1.13.1-1build1_amd64.deb ...
test	Install Playwright Browsers	2026-07-29T03:41:21.3157452Z Unpacking libtag1v5:amd64 (1.13.1-1build1) ...
test	Install Playwright Browsers	2026-07-29T03:41:21.3360804Z Selecting previously unselected package libv4lconvert0t64:amd64.
test	Install Playwright Browsers	2026-07-29T03:41:21.3481994Z Preparing to unpack .../096-libv4lconvert0t64_1.26.1-4build3_amd64.deb ...
test	Install Playwright Browsers	2026-07-29T03:41:21.3491108Z Unpacking libv4lconvert0t64:amd64 (1.26.1-4build3) ...
test	Install Playwright Browsers	2026-07-29T03:41:21.3718668Z Selecting previously unselected package libv4l-0t64:amd64.
test	Install Playwright Browsers	2026-07-29T03:41:21.3839781Z Preparing to unpack .../097-libv4l-0t64_1.26.1-4build3_amd64.deb ...
test	Install Playwright Browsers	2026-07-29T03:41:21.3848083Z Unpacking libv4l-0t64:amd64 (1.26.1-4build3) ...
test	Install Playwright Browsers	2026-07-29T03:41:21.4083195Z Selecting previously unselected package libwavpack1:amd64.
test	Install Playwright Browsers	2026-07-29T03:41:21.4203897Z Preparing to unpack .../098-libwavpack1_5.6.0-1build1_amd64.deb ...
test	Install Playwright Browsers	2026-07-29T03:41:21.4213133Z Unpacking libwavpack1:amd64 (5.6.0-1build1) ...
test	Install Playwright Browsers	2026-07-29T03:41:21.4413626Z Selecting previously unselected package libsoup-3.0-common.
test	Install Playwright Browsers	2026-07-29T03:41:21.4534154Z Preparing to unpack .../099-libsoup-3.0-common_3.4.4-5ubuntu0.7_all.deb ...
test	Install Playwright Browsers	2026-07-29T03:41:21.4547171Z Unpacking libsoup-3.0-common (3.4.4-5ubuntu0.7) ...
test	Install Playwright Browsers	2026-07-29T03:41:21.4748622Z Selecting previously unselected package libsoup-3.0-0:amd64.
test	Install Playwright Browsers	2026-07-29T03:41:21.4867934Z Preparing to unpack .../100-libsoup-3.0-0_3.4.4-5ubuntu0.7_amd64.deb ...
test	Install Playwright Browsers	2026-07-29T03:41:21.4878694Z Unpacking libsoup-3.0-0:amd64 (3.4.4-5ubuntu0.7) ...
test	Install Playwright Browsers	2026-07-29T03:41:21.5103460Z Selecting previously unselected package gstreamer1.0-plugins-good:amd64.
test	Install Playwright Browsers	2026-07-29T03:41:21.5223550Z Preparing to unpack .../101-gstreamer1.0-plugins-good_1.24.2-1ubuntu1.5_amd64.deb ...
test	Install Playwright Browsers	2026-07-29T03:41:21.5231109Z Unpacking gstreamer1.0-plugins-good:amd64 (1.24.2-1ubuntu1.5) ...
test	Install Playwright Browsers	2026-07-29T03:41:21.5785038Z Selecting previously unselected package libabsl20220623t64:amd64.
test	Install Playwright Browsers	2026-07-29T03:41:21.5910501Z Preparing to unpack .../102-libabsl20220623t64_20220623.1-3.1ubuntu3.2_amd64.deb ...
test	Install Playwright Browsers	2026-07-29T03:41:21.5921363Z Unpacking libabsl20220623t64:amd64 (20220623.1-3.1ubuntu3.2) ...
test	Install Playwright Browsers	2026-07-29T03:41:21.6332172Z Selecting previously unselected package libgav1-1:amd64.
test	Install Playwright Browsers	2026-07-29T03:41:21.6456574Z Preparing to unpack .../103-libgav1-1_0.18.0-1build3_amd64.deb ...
test	Install Playwright Browsers	2026-07-29T03:41:21.6476230Z Unpacking libgav1-1:amd64 (0.18.0-1build3) ...
test	Install Playwright Browsers	2026-07-29T03:41:21.6714515Z Selecting previously unselected package libyuv0:amd64.
test	Install Playwright Browsers	2026-07-29T03:41:21.6839488Z Preparing to unpack .../104-libyuv0_0.0~git202401110.af6ac82-1_amd64.deb ...
test	Install Playwright Browsers	2026-07-29T03:41:21.6849141Z Unpacking libyuv0:amd64 (0.0~git202401110.af6ac82-1) ...
test	Install Playwright Browsers	2026-07-29T03:41:21.7079357Z Selecting previously unselected package libavif16:amd64.
test	Install Playwright Browsers	2026-07-29T03:41:21.7202499Z Preparing to unpack .../105-libavif16_1.0.4-1ubuntu3_amd64.deb ...
test	Install Playwright Browsers	2026-07-29T03:41:21.7211163Z Unpacking libavif16:amd64 (1.0.4-1ubuntu3) ...
test	Install Playwright Browsers	2026-07-29T03:41:21.7427786Z Selecting previously unselected package libavtp0:amd64.
test	Install Playwright Browsers	2026-07-29T03:41:21.7550657Z Preparing to unpack .../106-libavtp0_0.2.0-1build1_amd64.deb ...
test	Install Playwright Browsers	2026-07-29T03:41:21.7560121Z Unpacking libavtp0:amd64 (0.2.0-1build1) ...
test	Install Playwright Browsers	2026-07-29T03:41:21.7763679Z Selecting previously unselected package libcairo-script-interpreter2:amd64.
test	Install Playwright Browsers	2026-07-29T03:41:21.7885180Z Preparing to unpack .../107-libcairo-script-interpreter2_1.18.0-3build1_amd64.deb ...
test	Install Playwright Browsers	2026-07-29T03:41:21.7895375Z Unpacking libcairo-script-interpreter2:amd64 (1.18.0-3build1) ...
test	Install Playwright Browsers	2026-07-29T03:41:21.8108903Z Selecting previously unselected package libdc1394-25:amd64.
test	Install Playwright Browsers	2026-07-29T03:41:21.8230786Z Preparing to unpack .../108-libdc1394-25_2.2.6-4build1_amd64.deb ...
test	Install Playwright Browsers	2026-07-29T03:41:21.8239565Z Unpacking libdc1394-25:amd64 (2.2.6-4build1) ...
test	Install Playwright Browsers	2026-07-29T03:41:21.8461977Z Selecting previously unselected package libde265-0:amd64.
test	Install Playwright Browsers	2026-07-29T03:41:21.8583251Z Preparing to unpack .../109-libde265-0_1.0.15-1ubuntu0.1_amd64.deb ...
test	Install Playwright Browsers	2026-07-29T03:41:21.8591408Z Unpacking libde265-0:amd64 (1.0.15-1ubuntu0.1) ...
test	Install Playwright Browsers	2026-07-29T03:41:21.8816825Z Selecting previously unselected package libdecor-0-0:amd64.
test	Install Playwright Browsers	2026-07-29T03:41:21.8937277Z Preparing to unpack .../110-libdecor-0-0_0.2.2-1build2_amd64.deb ...
test	Install Playwright Browsers	2026-07-29T03:41:21.8946343Z Unpacking libdecor-0-0:amd64 (0.2.2-1build2) ...
test	Install Playwright Browsers	2026-07-29T03:41:21.9164519Z Selecting previously unselected package libgles2:amd64.
test	Install Playwright Browsers	2026-07-29T03:41:21.9284632Z Preparing to unpack .../111-libgles2_1.7.0-1build1_amd64.deb ...
test	Install Playwright Browsers	2026-07-29T03:41:21.9293391Z Unpacking libgles2:amd64 (1.7.0-1build1) ...
test	Install Playwright Browsers	2026-07-29T03:41:21.9502770Z Selecting previously unselected package libdirectfb-1.7-7t64:amd64.
test	Install Playwright Browsers	2026-07-29T03:41:21.9622413Z Preparing to unpack .../112-libdirectfb-1.7-7t64_1.7.7-11.1ubuntu2_amd64.deb ...
test	Install Playwright Browsers	2026-07-29T03:41:21.9635635Z Unpacking libdirectfb-1.7-7t64:amd64 (1.7.7-11.1ubuntu2) ...
test	Install Playwright Browsers	2026-07-29T03:41:22.0039145Z Selecting previously unselected package libdvdread8t64:amd64.
test	Install Playwright Browsers	2026-07-29T03:41:22.0160979Z Preparing to unpack .../113-libdvdread8t64_6.1.3-1.1build1_amd64.deb ...
test	Install Playwright Browsers	2026-07-29T03:41:22.0171694Z Unpacking libdvdread8t64:amd64 (6.1.3-1.1build1) ...
test	Install Playwright Browsers	2026-07-29T03:41:22.0384189Z Selecting previously unselected package libdvdnav4:amd64.
test	Install Playwright Browsers	2026-07-29T03:41:22.0504376Z Preparing to unpack .../114-libdvdnav4_6.1.1-3build1_amd64.deb ...
test	Install Playwright Browsers	2026-07-29T03:41:22.0519877Z Unpacking libdvdnav4:amd64 (6.1.1-3build1) ...
test	Install Playwright Browsers	2026-07-29T03:41:22.0764562Z Selecting previously unselected package libegl-mesa0:amd64.
test	Install Playwright Browsers	2026-07-29T03:41:22.0884626Z Preparing to unpack .../115-libegl-mesa0_25.2.8-0ubuntu0.24.04.2_amd64.deb ...
test	Install Playwright Browsers	2026-07-29T03:41:22.0905079Z Unpacking libegl-mesa0:amd64 (25.2.8-0ubuntu0.24.04.2) ...
test	Install Playwright Browsers	2026-07-29T03:41:22.1150011Z Selecting previously unselected package libevent-2.1-7t64:amd64.
test	Install Playwright Browsers	2026-07-29T03:41:22.1270231Z Preparing to unpack .../116-libevent-2.1-7t64_2.1.12-stable-9ubuntu2_amd64.deb ...
test	Install Playwright Browsers	2026-07-29T03:41:22.1280030Z Unpacking libevent-2.1-7t64:amd64 (2.1.12-stable-9ubuntu2) ...
test	Install Playwright Browsers	2026-07-29T03:41:22.1517549Z Selecting previously unselected package libfaad2:amd64.
test	Install Playwright Browsers	2026-07-29T03:41:22.1636828Z Preparing to unpack .../117-libfaad2_2.11.1-1build1_amd64.deb ...
test	Install Playwright Browsers	2026-07-29T03:41:22.1647796Z Unpacking libfaad2:amd64 (2.11.1-1build1) ...
test	Install Playwright Browsers	2026-07-29T03:41:22.1881215Z Selecting previously unselected package libinstpatch-1.0-2:amd64.
test	Install Playwright Browsers	2026-07-29T03:41:22.2000006Z Preparing to unpack .../118-libinstpatch-1.0-2_1.1.6-1build2_amd64.deb ...
test	Install Playwright Browsers	2026-07-29T03:41:22.2014778Z Unpacking libinstpatch-1.0-2:amd64 (1.1.6-1build2) ...
test	Install Playwright Browsers	2026-07-29T03:41:22.2248544Z Selecting previously unselected package libjack-jackd2-0:amd64.
test	Install Playwright Browsers	2026-07-29T03:41:22.2366857Z Preparing to unpack .../119-libjack-jackd2-0_1.9.21~dfsg-3ubuntu3_amd64.deb ...
test	Install Playwright Browsers	2026-07-29T03:41:22.2376982Z Unpacking libjack-jackd2-0:amd64 (1.9.21~dfsg-3ubuntu3) ...
test	Install Playwright Browsers	2026-07-29T03:41:22.2619517Z Selecting previously unselected package libwebrtc-audio-processing1:amd64.
test	Install Playwright Browsers	2026-07-29T03:41:22.2737099Z Preparing to unpack .../120-libwebrtc-audio-processing1_0.3.1-0ubuntu6_amd64.deb ...
test	Install Playwright Browsers	2026-07-29T03:41:22.2746212Z Unpacking libwebrtc-audio-processing1:amd64 (0.3.1-0ubuntu6) ...
test	Install Playwright Browsers	2026-07-29T03:41:22.2967430Z Selecting previously unselected package libspa-0.2-modules:amd64.
test	Install Playwright Browsers	2026-07-29T03:41:22.3087959Z Preparing to unpack .../121-libspa-0.2-modules_1.0.5-1ubuntu3.3_amd64.deb ...
test	Install Playwright Browsers	2026-07-29T03:41:22.3098770Z Unpacking libspa-0.2-modules:amd64 (1.0.5-1ubuntu3.3) ...
test	Install Playwright Browsers	2026-07-29T03:41:22.3411037Z Selecting previously unselected package libpipewire-0.3-0t64:amd64.
test	Install Playwright Browsers	2026-07-29T03:41:22.3533492Z Preparing to unpack .../122-libpipewire-0.3-0t64_1.0.5-1ubuntu3.3_amd64.deb ...
test	Install Playwright Browsers	2026-07-29T03:41:22.3542308Z Unpacking libpipewire-0.3-0t64:amd64 (1.0.5-1ubuntu3.3) ...
test	Install Playwright Browsers	2026-07-29T03:41:22.3783618Z Selecting previously unselected package libsdl2-2.0-0:amd64.
test	Install Playwright Browsers	2026-07-29T03:41:22.3905275Z Preparing to unpack .../123-libsdl2-2.0-0_2.30.0+dfsg-1ubuntu3.1_amd64.deb ...
test	Install Playwright Browsers	2026-07-29T03:41:22.3915250Z Unpacking libsdl2-2.0-0:amd64 (2.30.0+dfsg-1ubuntu3.1) ...
test	Install Playwright Browsers	2026-07-29T03:41:22.4199803Z Selecting previously unselected package timgm6mb-soundfont.
test	Install Playwright Browsers	2026-07-29T03:41:22.4323020Z Preparing to unpack .../124-timgm6mb-soundfont_1.3-5_all.deb ...
test	Install Playwright Browsers	2026-07-29T03:41:22.4331579Z Unpacking timgm6mb-soundfont (1.3-5) ...
test	Install Playwright Browsers	2026-07-29T03:41:22.7727029Z Selecting previously unselected package libfluidsynth3:amd64.
test	Install Playwright Browsers	2026-07-29T03:41:22.7851807Z Preparing to unpack .../125-libfluidsynth3_2.3.4-1build3_amd64.deb ...
test	Install Playwright Browsers	2026-07-29T03:41:22.7866166Z Unpacking libfluidsynth3:amd64 (2.3.4-1build3) ...
test	Install Playwright Browsers	2026-07-29T03:41:22.8097748Z Selecting previously unselected package libfreeaptx0:amd64.
test	Install Playwright Browsers	2026-07-29T03:41:22.8220740Z Preparing to unpack .../126-libfreeaptx0_0.1.1-2build1_amd64.deb ...
test	Install Playwright Browsers	2026-07-29T03:41:22.8228669Z Unpacking libfreeaptx0:amd64 (0.1.1-2build1) ...
test	Install Playwright Browsers	2026-07-29T03:41:22.8429496Z Selecting previously unselected package libgraphene-1.0-0:amd64.
test	Install Playwright Browsers	2026-07-29T03:41:22.8552009Z Preparing to unpack .../127-libgraphene-1.0-0_1.10.8-3build2_amd64.deb ...
test	Install Playwright Browsers	2026-07-29T03:41:22.8560263Z Unpacking libgraphene-1.0-0:amd64 (1.10.8-3build2) ...
test	Install Playwright Browsers	2026-07-29T03:41:22.8781685Z Selecting previously unselected package libgssdp-1.6-0:amd64.
test	Install Playwright Browsers	2026-07-29T03:41:22.8904695Z Preparing to unpack .../128-libgssdp-1.6-0_1.6.3-1build3_amd64.deb ...
test	Install Playwright Browsers	2026-07-29T03:41:22.8912827Z Unpacking libgssdp-1.6-0:amd64 (1.6.3-1build3) ...
test	Install Playwright Browsers	2026-07-29T03:41:22.9122145Z Selecting previously unselected package libegl1:amd64.
test	Install Playwright Browsers	2026-07-29T03:41:22.9243601Z Preparing to unpack .../129-libegl1_1.7.0-1build1_amd64.deb ...
test	Install Playwright Browsers	2026-07-29T03:41:22.9253297Z Unpacking libegl1:amd64 (1.7.0-1build1) ...
test	Install Playwright Browsers	2026-07-29T03:41:22.9465692Z Selecting previously unselected package libgstreamer-gl1.0-0:amd64.
test	Install Playwright Browsers	2026-07-29T03:41:22.9586764Z Preparing to unpack .../130-libgstreamer-gl1.0-0_1.24.2-1ubuntu0.4_amd64.deb ...
test	Install Playwright Browsers	2026-07-29T03:41:22.9595885Z Unpacking libgstreamer-gl1.0-0:amd64 (1.24.2-1ubuntu0.4) ...
test	Install Playwright Browsers	2026-07-29T03:41:22.9817812Z Selecting previously unselected package libgtk-4-common.
test	Install Playwright Browsers	2026-07-29T03:41:22.9939363Z Preparing to unpack .../131-libgtk-4-common_4.14.5+ds-0ubuntu0.10_all.deb ...
test	Install Playwright Browsers	2026-07-29T03:41:22.9950127Z Unpacking libgtk-4-common (4.14.5+ds-0ubuntu0.10) ...
test	Install Playwright Browsers	2026-07-29T03:41:23.0410916Z Selecting previously unselected package libgtk-4-1:amd64.
test	Install Playwright Browsers	2026-07-29T03:41:23.0534413Z Preparing to unpack .../132-libgtk-4-1_4.14.5+ds-0ubuntu0.10_amd64.deb ...
test	Install Playwright Browsers	2026-07-29T03:41:23.0544999Z Unpacking libgtk-4-1:amd64 (4.14.5+ds-0ubuntu0.10) ...
test	Install Playwright Browsers	2026-07-29T03:41:23.1152385Z Selecting previously unselected package libgupnp-1.6-0:amd64.
test	Install Playwright Browsers	2026-07-29T03:41:23.1277566Z Preparing to unpack .../133-libgupnp-1.6-0_1.6.6-1build3_amd64.deb ...
test	Install Playwright Browsers	2026-07-29T03:41:23.1286508Z Unpacking libgupnp-1.6-0:amd64 (1.6.6-1build3) ...
test	Install Playwright Browsers	2026-07-29T03:41:23.1502730Z Selecting previously unselected package libgupnp-igd-1.6-0:amd64.
test	Install Playwright Browsers	2026-07-29T03:41:23.1627335Z Preparing to unpack .../134-libgupnp-igd-1.6-0_1.6.0-3build3_amd64.deb ...
test	Install Playwright Browsers	2026-07-29T03:41:23.1636216Z Unpacking libgupnp-igd-1.6-0:amd64 (1.6.0-3build3) ...
test	Install Playwright Browsers	2026-07-29T03:41:23.1845452Z Selecting previously unselected package libharfbuzz-icu0:amd64.
test	Install Playwright Browsers	2026-07-29T03:41:23.1967625Z Preparing to unpack .../135-libharfbuzz-icu0_8.3.0-2build2_amd64.deb ...
test	Install Playwright Browsers	2026-07-29T03:41:23.1975316Z Unpacking libharfbuzz-icu0:amd64 (8.3.0-2build2) ...
test	Install Playwright Browsers	2026-07-29T03:41:23.2174819Z Selecting previously unselected package libhyphen0:amd64.
test	Install Playwright Browsers	2026-07-29T03:41:23.2305391Z Preparing to unpack .../136-libhyphen0_2.8.8-7build3_amd64.deb ...
test	Install Playwright Browsers	2026-07-29T03:41:23.2315106Z Unpacking libhyphen0:amd64 (2.8.8-7build3) ...
test	Install Playwright Browsers	2026-07-29T03:41:23.2533621Z Selecting previously unselected package libimath-3-1-29t64:amd64.
test	Install Playwright Browsers	2026-07-29T03:41:23.2659120Z Preparing to unpack .../137-libimath-3-1-29t64_3.1.9-3.1ubuntu2_amd64.deb ...
test	Install Playwright Browsers	2026-07-29T03:41:23.2667886Z Unpacking libimath-3-1-29t64:amd64 (3.1.9-3.1ubuntu2) ...
test	Install Playwright Browsers	2026-07-29T03:41:23.2928650Z Selecting previously unselected package liblc3-1:amd64.
test	Install Playwright Browsers	2026-07-29T03:41:23.3053351Z Preparing to unpack .../138-liblc3-1_1.0.4-3build1_amd64.deb ...
test	Install Playwright Browsers	2026-07-29T03:41:23.3061986Z Unpacking liblc3-1:amd64 (1.0.4-3build1) ...
test	Install Playwright Browsers	2026-07-29T03:41:23.3314391Z Selecting previously unselected package libldacbt-enc2:amd64.
test	Install Playwright Browsers	2026-07-29T03:41:23.3438449Z Preparing to unpack .../139-libldacbt-enc2_2.0.2.3+git20200429+ed310a0-4ubuntu2_amd64.deb ...
test	Install Playwright Browsers	2026-07-29T03:41:23.3446591Z Unpacking libldacbt-enc2:amd64 (2.0.2.3+git20200429+ed310a0-4ubuntu2) ...
test	Install Playwright Browsers	2026-07-29T03:41:23.3653906Z Selecting previously unselected package libraptor2-0:amd64.
test	Install Playwright Browsers	2026-07-29T03:41:23.3773928Z Preparing to unpack .../140-libraptor2-0_2.0.16-3ubuntu0.1_amd64.deb ...
test	Install Playwright Browsers	2026-07-29T03:41:23.3782244Z Unpacking libraptor2-0:amd64 (2.0.16-3ubuntu0.1) ...
test	Install Playwright Browsers	2026-07-29T03:41:23.4018792Z Selecting previously unselected package liblrdf0:amd64.
test	Install Playwright Browsers	2026-07-29T03:41:23.4139482Z Preparing to unpack .../141-liblrdf0_0.6.1-4build1_amd64.deb ...
test	Install Playwright Browsers	2026-07-29T03:41:23.4149606Z Unpacking liblrdf0:amd64 (0.6.1-4build1) ...
test	Install Playwright Browsers	2026-07-29T03:41:23.4378780Z Selecting previously unselected package libltc11:amd64.
test	Install Playwright Browsers	2026-07-29T03:41:23.4499021Z Preparing to unpack .../142-libltc11_1.3.2-1build1_amd64.deb ...
test	Install Playwright Browsers	2026-07-29T03:41:23.4508018Z Unpacking libltc11:amd64 (1.3.2-1build1) ...
test	Install Playwright Browsers	2026-07-29T03:41:23.4715027Z Selecting previously unselected package libmanette-0.2-0:amd64.
test	Install Playwright Browsers	2026-07-29T03:41:23.4835103Z Preparing to unpack .../143-libmanette-0.2-0_0.2.7-1build2_amd64.deb ...
test	Install Playwright Browsers	2026-07-29T03:41:23.4843593Z Unpacking libmanette-0.2-0:amd64 (0.2.7-1build2) ...
test	Install Playwright Browsers	2026-07-29T03:41:23.5057625Z Selecting previously unselected package libmfx1:amd64.
test	Install Playwright Browsers	2026-07-29T03:41:23.5175375Z Preparing to unpack .../144-libmfx1_22.5.4-1_amd64.deb ...
test	Install Playwright Browsers	2026-07-29T03:41:23.5183760Z Unpacking libmfx1:amd64 (22.5.4-1) ...
test	Install Playwright Browsers	2026-07-29T03:41:23.6069967Z Selecting previously unselected package libmjpegutils-2.1-0t64:amd64.
test	Install Playwright Browsers	2026-07-29T03:41:23.6194682Z Preparing to unpack .../145-libmjpegutils-2.1-0t64_1%3a2.1.0+debian-8.1build1_amd64.deb ...
test	Install Playwright Browsers	2026-07-29T03:41:23.6203309Z Unpacking libmjpegutils-2.1-0t64:amd64 (1:2.1.0+debian-8.1build1) ...
test	Install Playwright Browsers	2026-07-29T03:41:23.6421990Z Selecting previously unselected package libmodplug1:amd64.
test	Install Playwright Browsers	2026-07-29T03:41:23.6545554Z Preparing to unpack .../146-libmodplug1_1%3a0.8.9.0-3build1_amd64.deb ...
test	Install Playwright Browsers	2026-07-29T03:41:23.6554076Z Unpacking libmodplug1:amd64 (1:0.8.9.0-3build1) ...
test	Install Playwright Browsers	2026-07-29T03:41:23.6779308Z Selecting previously unselected package libmpcdec6:amd64.
test	Install Playwright Browsers	2026-07-29T03:41:23.6901940Z Preparing to unpack .../147-libmpcdec6_2%3a0.1~r495-2build1_amd64.deb ...
test	Install Playwright Browsers	2026-07-29T03:41:23.6910615Z Unpacking libmpcdec6:amd64 (2:0.1~r495-2build1) ...
test	Install Playwright Browsers	2026-07-29T03:41:23.7114929Z Selecting previously unselected package libmpeg2encpp-2.1-0t64:amd64.
test	Install Playwright Browsers	2026-07-29T03:41:23.7235818Z Preparing to unpack .../148-libmpeg2encpp-2.1-0t64_1%3a2.1.0+debian-8.1build1_amd64.deb ...
test	Install Playwright Browsers	2026-07-29T03:41:23.7246682Z Unpacking libmpeg2encpp-2.1-0t64:amd64 (1:2.1.0+debian-8.1build1) ...
test	Install Playwright Browsers	2026-07-29T03:41:23.7459004Z Selecting previously unselected package libmplex2-2.1-0t64:amd64.
test	Install Playwright Browsers	2026-07-29T03:41:23.7580205Z Preparing to unpack .../149-libmplex2-2.1-0t64_1%3a2.1.0+debian-8.1build1_amd64.deb ...
test	Install Playwright Browsers	2026-07-29T03:41:23.7589012Z Unpacking libmplex2-2.1-0t64:amd64 (1:2.1.0+debian-8.1build1) ...
test	Install Playwright Browsers	2026-07-29T03:41:23.7873992Z Selecting previously unselected package libneon27t64:amd64.
test	Install Playwright Browsers	2026-07-29T03:41:23.7994853Z Preparing to unpack .../150-libneon27t64_0.33.0-1.1build3_amd64.deb ...
test	Install Playwright Browsers	2026-07-29T03:41:23.8007559Z Unpacking libneon27t64:amd64 (0.33.0-1.1build3) ...
test	Install Playwright Browsers	2026-07-29T03:41:23.8229036Z Selecting previously unselected package libnice10:amd64.
test	Install Playwright Browsers	2026-07-29T03:41:23.8348938Z Preparing to unpack .../151-libnice10_0.1.21-2build3_amd64.deb ...
test	Install Playwright Browsers	2026-07-29T03:41:23.8356896Z Unpacking libnice10:amd64 (0.1.21-2build3) ...
test	Install Playwright Browsers	2026-07-29T03:41:23.8570167Z Selecting previously unselected package libopenal-data.
test	Install Playwright Browsers	2026-07-29T03:41:23.8689392Z Preparing to unpack .../152-libopenal-data_1%3a1.23.1-4build1_all.deb ...
test	Install Playwright Browsers	2026-07-29T03:41:23.8697891Z Unpacking libopenal-data (1:1.23.1-4build1) ...
test	Install Playwright Browsers	2026-07-29T03:41:23.8947581Z Selecting previously unselected package libopenexr-3-1-30:amd64.
test	Install Playwright Browsers	2026-07-29T03:41:23.9067760Z Preparing to unpack .../153-libopenexr-3-1-30_3.1.5-5.1build3_amd64.deb ...
test	Install Playwright Browsers	2026-07-29T03:41:23.9076746Z Unpacking libopenexr-3-1-30:amd64 (3.1.5-5.1build3) ...
test	Install Playwright Browsers	2026-07-29T03:41:23.9427228Z Selecting previously unselected package libopenh264-7:amd64.
test	Install Playwright Browsers	2026-07-29T03:41:23.9550432Z Preparing to unpack .../154-libopenh264-7_2.4.1+dfsg-1_amd64.deb ...
test	Install Playwright Browsers	2026-07-29T03:41:23.9560733Z Unpacking libopenh264-7:amd64 (2.4.1+dfsg-1) ...
test	Install Playwright Browsers	2026-07-29T03:41:23.9819809Z Selecting previously unselected package libopenni2-0:amd64.
test	Install Playwright Browsers	2026-07-29T03:41:23.9942568Z Preparing to unpack .../155-libopenni2-0_2.2.0.33+dfsg-18_amd64.deb ...
test	Install Playwright Browsers	2026-07-29T03:41:23.9975817Z Unpacking libopenni2-0:amd64 (2.2.0.33+dfsg-18) ...
test	Install Playwright Browsers	2026-07-29T03:41:24.0234105Z Selecting previously unselected package libqrencode4:amd64.
test	Install Playwright Browsers	2026-07-29T03:41:24.0355815Z Preparing to unpack .../156-libqrencode4_4.1.1-1build2_amd64.deb ...
test	Install Playwright Browsers	2026-07-29T03:41:24.0364451Z Unpacking libqrencode4:amd64 (4.1.1-1build2) ...
test	Install Playwright Browsers	2026-07-29T03:41:24.0558224Z Selecting previously unselected package libsecret-common.
test	Install Playwright Browsers	2026-07-29T03:41:24.0679515Z Preparing to unpack .../157-libsecret-common_0.21.4-1build3_all.deb ...
test	Install Playwright Browsers	2026-07-29T03:41:24.0691474Z Unpacking libsecret-common (0.21.4-1build3) ...
test	Install Playwright Browsers	2026-07-29T03:41:24.0893567Z Selecting previously unselected package libsecret-1-0:amd64.
test	Install Playwright Browsers	2026-07-29T03:41:24.1014183Z Preparing to unpack .../158-libsecret-1-0_0.21.4-1build3_amd64.deb ...
test	Install Playwright Browsers	2026-07-29T03:41:24.1024065Z Unpacking libsecret-1-0:amd64 (0.21.4-1build3) ...
test	Install Playwright Browsers	2026-07-29T03:41:24.1245687Z Selecting previously unselected package libsndio7.0:amd64.
test	Install Playwright Browsers	2026-07-29T03:41:24.1365747Z Preparing to unpack .../159-libsndio7.0_1.9.0-0.3build3_amd64.deb ...
test	Install Playwright Browsers	2026-07-29T03:41:24.1374853Z Unpacking libsndio7.0:amd64 (1.9.0-0.3build3) ...
test	Install Playwright Browsers	2026-07-29T03:41:24.1591137Z Selecting previously unselected package libsoundtouch1:amd64.
test	Install Playwright Browsers	2026-07-29T03:41:24.1710365Z Preparing to unpack .../160-libsoundtouch1_2.3.2+ds1-1build1_amd64.deb ...
test	Install Playwright Browsers	2026-07-29T03:41:24.1719331Z Unpacking libsoundtouch1:amd64 (2.3.2+ds1-1build1) ...
test	Install Playwright Browsers	2026-07-29T03:41:24.1938697Z Selecting previously unselected package libspandsp2t64:amd64.
test	Install Playwright Browsers	2026-07-29T03:41:24.2057588Z Preparing to unpack .../161-libspandsp2t64_0.0.6+dfsg-2.1build1_amd64.deb ...
test	Install Playwright Browsers	2026-07-29T03:41:24.2066206Z Unpacking libspandsp2t64:amd64 (0.0.6+dfsg-2.1build1) ...
test	Install Playwright Browsers	2026-07-29T03:41:24.2305321Z Selecting previously unselected package libsrtp2-1:amd64.
test	Install Playwright Browsers	2026-07-29T03:41:24.2425483Z Preparing to unpack .../162-libsrtp2-1_2.5.0-3build1_amd64.deb ...
test	Install Playwright Browsers	2026-07-29T03:41:24.2437214Z Unpacking libsrtp2-1:amd64 (2.5.0-3build1) ...
test	Install Playwright Browsers	2026-07-29T03:41:24.2656614Z Selecting previously unselected package libwayland-server0:amd64.
test	Install Playwright Browsers	2026-07-29T03:41:24.2775375Z Preparing to unpack .../163-libwayland-server0_1.22.0-2.1build1_amd64.deb ...
test	Install Playwright Browsers	2026-07-29T03:41:24.2786435Z Unpacking libwayland-server0:amd64 (1.22.0-2.1build1) ...
test	Install Playwright Browsers	2026-07-29T03:41:24.3001400Z Selecting previously unselected package libwildmidi2:amd64.
test	Install Playwright Browsers	2026-07-29T03:41:24.3119742Z Preparing to unpack .../164-libwildmidi2_0.4.3-1build3_amd64.deb ...
test	Install Playwright Browsers	2026-07-29T03:41:24.3131916Z Unpacking libwildmidi2:amd64 (0.4.3-1build3) ...
test	Install Playwright Browsers	2026-07-29T03:41:24.3460796Z Selecting previously unselected package libwoff1:amd64.
test	Install Playwright Browsers	2026-07-29T03:41:24.3581075Z Preparing to unpack .../165-libwoff1_1.0.2-2build1_amd64.deb ...
test	Install Playwright Browsers	2026-07-29T03:41:24.3589253Z Unpacking libwoff1:amd64 (1.0.2-2build1) ...
test	Install Playwright Browsers	2026-07-29T03:41:24.3809459Z Selecting previously unselected package libxcb-xkb1:amd64.
test	Install Playwright Browsers	2026-07-29T03:41:24.3928911Z Preparing to unpack .../166-libxcb-xkb1_1.15-1ubuntu2_amd64.deb ...
test	Install Playwright Browsers	2026-07-29T03:41:24.3937895Z Unpacking libxcb-xkb1:amd64 (1.15-1ubuntu2) ...
test	Install Playwright Browsers	2026-07-29T03:41:24.4168146Z Selecting previously unselected package libxkbcommon-x11-0:amd64.
test	Install Playwright Browsers	2026-07-29T03:41:24.4285361Z Preparing to unpack .../167-libxkbcommon-x11-0_1.6.0-1build1_amd64.deb ...
test	Install Playwright Browsers	2026-07-29T03:41:24.4293609Z Unpacking libxkbcommon-x11-0:amd64 (1.6.0-1build1) ...
test	Install Playwright Browsers	2026-07-29T03:41:24.4497207Z Selecting previously unselected package libzbar0t64:amd64.
test	Install Playwright Browsers	2026-07-29T03:41:24.4614154Z Preparing to unpack .../168-libzbar0t64_0.23.93-4build3_amd64.deb ...
test	Install Playwright Browsers	2026-07-29T03:41:24.4622243Z Unpacking libzbar0t64:amd64 (0.23.93-4build3) ...
test	Install Playwright Browsers	2026-07-29T03:41:24.4835767Z Selecting previously unselected package libzxing3:amd64.
test	Install Playwright Browsers	2026-07-29T03:41:24.4952871Z Preparing to unpack .../169-libzxing3_2.2.1-3_amd64.deb ...
test	Install Playwright Browsers	2026-07-29T03:41:24.4961101Z Unpacking libzxing3:amd64 (2.2.1-3) ...
test	Install Playwright Browsers	2026-07-29T03:41:24.5201563Z Selecting previously unselected package xfonts-encodings.
test	Install Playwright Browsers	2026-07-29T03:41:24.5318864Z Preparing to unpack .../170-xfonts-encodings_1%3a1.0.5-0ubuntu2_all.deb ...
test	Install Playwright Browsers	2026-07-29T03:41:24.5327110Z Unpacking xfonts-encodings (1:1.0.5-0ubuntu2) ...
test	Install Playwright Browsers	2026-07-29T03:41:24.5671702Z Selecting previously unselected package xfonts-utils.
test	Install Playwright Browsers	2026-07-29T03:41:24.5791823Z Preparing to unpack .../171-xfonts-utils_1%3a7.7+6build3_amd64.deb ...
test	Install Playwright Browsers	2026-07-29T03:41:24.5799763Z Unpacking xfonts-utils (1:7.7+6build3) ...
test	Install Playwright Browsers	2026-07-29T03:41:24.6151969Z Selecting previously unselected package xfonts-cyrillic.
test	Install Playwright Browsers	2026-07-29T03:41:24.6275033Z Preparing to unpack .../172-xfonts-cyrillic_1%3a1.0.5+nmu1_all.deb ...
test	Install Playwright Browsers	2026-07-29T03:41:24.6285636Z Unpacking xfonts-cyrillic (1:1.0.5+nmu1) ...
test	Install Playwright Browsers	2026-07-29T03:41:24.6657875Z Selecting previously unselected package xfonts-scalable.
test	Install Playwright Browsers	2026-07-29T03:41:24.6779482Z Preparing to unpack .../173-xfonts-scalable_1%3a1.0.3-1.3_all.deb ...
test	Install Playwright Browsers	2026-07-29T03:41:24.6787424Z Unpacking xfonts-scalable (1:1.0.3-1.3) ...
test	Install Playwright Browsers	2026-07-29T03:41:24.7026804Z Selecting previously unselected package libgstreamer-plugins-bad1.0-0:amd64.
test	Install Playwright Browsers	2026-07-29T03:41:24.7146875Z Preparing to unpack .../174-libgstreamer-plugins-bad1.0-0_1.24.2-1ubuntu4_amd64.deb ...
test	Install Playwright Browsers	2026-07-29T03:41:24.7157017Z Unpacking libgstreamer-plugins-bad1.0-0:amd64 (1.24.2-1ubuntu4) ...
test	Install Playwright Browsers	2026-07-29T03:41:24.7522769Z Selecting previously unselected package libdca0:amd64.
test	Install Playwright Browsers	2026-07-29T03:41:24.7645618Z Preparing to unpack .../175-libdca0_0.0.7-2build1_amd64.deb ...
test	Install Playwright Browsers	2026-07-29T03:41:24.7655151Z Unpacking libdca0:amd64 (0.0.7-2build1) ...
test	Install Playwright Browsers	2026-07-29T03:41:24.7865544Z Selecting previously unselected package libopenal1:amd64.
test	Install Playwright Browsers	2026-07-29T03:41:24.7984129Z Preparing to unpack .../176-libopenal1_1%3a1.23.1-4build1_amd64.deb ...
test	Install Playwright Browsers	2026-07-29T03:41:24.7992355Z Unpacking libopenal1:amd64 (1:1.23.1-4build1) ...
test	Install Playwright Browsers	2026-07-29T03:41:24.8248375Z Selecting previously unselected package libsbc1:amd64.
test	Install Playwright Browsers	2026-07-29T03:41:24.8368725Z Preparing to unpack .../177-libsbc1_2.0-1build1_amd64.deb ...
test	Install Playwright Browsers	2026-07-29T03:41:24.8377081Z Unpacking libsbc1:amd64 (2.0-1build1) ...
test	Install Playwright Browsers	2026-07-29T03:41:24.8580975Z Selecting previously unselected package libvo-aacenc0:amd64.
test	Install Playwright Browsers	2026-07-29T03:41:24.8698425Z Preparing to unpack .../178-libvo-aacenc0_0.1.3-2build1_amd64.deb ...
test	Install Playwright Browsers	2026-07-29T03:41:24.8706670Z Unpacking libvo-aacenc0:amd64 (0.1.3-2build1) ...
test	Install Playwright Browsers	2026-07-29T03:41:24.8914431Z Selecting previously unselected package libvo-amrwbenc0:amd64.
test	Install Playwright Browsers	2026-07-29T03:41:24.9034258Z Preparing to unpack .../179-libvo-amrwbenc0_0.1.3-2build1_amd64.deb ...
test	Install Playwright Browsers	2026-07-29T03:41:24.9044259Z Unpacking libvo-amrwbenc0:amd64 (0.1.3-2build1) ...
test	Install Playwright Browsers	2026-07-29T03:41:24.9253536Z Selecting previously unselected package gstreamer1.0-plugins-bad:amd64.
test	Install Playwright Browsers	2026-07-29T03:41:24.9371279Z Preparing to unpack .../180-gstreamer1.0-plugins-bad_1.24.2-1ubuntu4_amd64.deb ...
test	Install Playwright Browsers	2026-07-29T03:41:24.9378764Z Unpacking gstreamer1.0-plugins-bad:amd64 (1.24.2-1ubuntu4) ...
test	Install Playwright Browsers	2026-07-29T03:41:25.1035231Z Setting up libgme0:amd64 (0.6.3-7build1) ...
test	Install Playwright Browsers	2026-07-29T03:41:25.1061369Z Setting up libchromaprint1:amd64 (1.5.1-5) ...
test	Install Playwright Browsers	2026-07-29T03:41:25.1080741Z Setting up libssh-gcrypt-4:amd64 (0.10.6-2ubuntu0.4) ...
test	Install Playwright Browsers	2026-07-29T03:41:25.1106994Z Setting up libhwy1t64:amd64 (1.0.7-8.1build1) ...
test	Install Playwright Browsers	2026-07-29T03:41:25.1129115Z Setting up libcairo-script-interpreter2:amd64 (1.18.0-3build1) ...
test	Install Playwright Browsers	2026-07-29T03:41:25.1151729Z Setting up libfreeaptx0:amd64 (0.1.1-2build1) ...
test	Install Playwright Browsers	2026-07-29T03:41:25.1173296Z Setting up libdvdread8t64:amd64 (6.1.3-1.1build1) ...
test	Install Playwright Browsers	2026-07-29T03:41:25.1193836Z Setting up libudfread0:amd64 (1.1.2-1build1) ...
test	Install Playwright Browsers	2026-07-29T03:41:25.1214888Z Setting up libmodplug1:amd64 (1:0.8.9.0-3build1) ...
test	Install Playwright Browsers	2026-07-29T03:41:25.1235299Z Setting up libcdparanoia0:amd64 (3.10.2+debian-14build3) ...
test	Install Playwright Browsers	2026-07-29T03:41:25.1259629Z Setting up libwayland-server0:amd64 (1.22.0-2.1build1) ...
test	Install Playwright Browsers	2026-07-29T03:41:25.1282886Z Setting up libvo-amrwbenc0:amd64 (0.1.3-2build1) ...
test	Install Playwright Browsers	2026-07-29T03:41:25.1303668Z Setting up session-migration (0.3.9build1) ...
test	Install Playwright Browsers	2026-07-29T03:41:25.2615656Z Created symlink /etc/systemd/user/graphical-session-pre.target.wants/session-migration.service → /usr/lib/systemd/user/session-migration.service.
test	Install Playwright Browsers	2026-07-29T03:41:25.2616981Z 
test	Install Playwright Browsers	2026-07-29T03:41:25.2645173Z Setting up libraw1394-11:amd64 (2.1.2-2build3) ...
test	Install Playwright Browsers	2026-07-29T03:41:25.2664881Z Setting up libsbc1:amd64 (2.0-1build1) ...
test	Install Playwright Browsers	2026-07-29T03:41:25.2689903Z Setting up libproxy1v5:amd64 (0.5.4-4build1) ...
test	Install Playwright Browsers	2026-07-29T03:41:25.2713781Z Setting up libneon27t64:amd64 (0.33.0-1.1build3) ...
test	Install Playwright Browsers	2026-07-29T03:41:25.2737756Z Setting up libtag1v5-vanilla:amd64 (1.13.1-1build1) ...
test	Install Playwright Browsers	2026-07-29T03:41:25.2762612Z Setting up libharfbuzz-icu0:amd64 (8.3.0-2build2) ...
test	Install Playwright Browsers	2026-07-29T03:41:25.2788770Z Setting up libopenni2-0:amd64 (2.2.0.33+dfsg-18) ...
test	Install Playwright Browsers	2026-07-29T03:41:25.2951243Z Setting up libspeex1:amd64 (1.2.1-2ubuntu2.24.04.1) ...
test	Install Playwright Browsers	2026-07-29T03:41:25.2972636Z Setting up libshine3:amd64 (3.1.1-2build1) ...
test	Install Playwright Browsers	2026-07-29T03:41:25.2998088Z Setting up libcaca0:amd64 (0.99.beta20-4ubuntu0.2) ...
test	Install Playwright Browsers	2026-07-29T03:41:25.3020766Z Setting up libvpl2 (2023.3.0-1build1) ...
test	Install Playwright Browsers	2026-07-29T03:41:25.3042516Z Setting up libv4lconvert0t64:amd64 (1.26.1-4build3) ...
test	Install Playwright Browsers	2026-07-29T03:41:25.3066215Z Setting up libx264-164:amd64 (2:0.164.3108+git31e19f9-1) ...
test	Install Playwright Browsers	2026-07-29T03:41:25.3087422Z Setting up libtwolame0:amd64 (0.4.0-2build3) ...
test	Install Playwright Browsers	2026-07-29T03:41:25.3110212Z Setting up libmbedcrypto7t64:amd64 (2.28.8-1) ...
test	Install Playwright Browsers	2026-07-29T03:41:25.3135128Z Setting up libwoff1:amd64 (1.0.2-2build1) ...
test	Install Playwright Browsers	2026-07-29T03:41:25.3173538Z Setting up liblc3-1:amd64 (1.0.4-3build1) ...
test	Install Playwright Browsers	2026-07-29T03:41:25.3195110Z Setting up libqrencode4:amd64 (4.1.1-1build2) ...
test	Install Playwright Browsers	2026-07-29T03:41:25.3219296Z Setting up libhyphen0:amd64 (2.8.8-7build3) ...
test	Install Playwright Browsers	2026-07-29T03:41:25.3240558Z Setting up libgsm1:amd64 (1.0.22-1build1) ...
test	Install Playwright Browsers	2026-07-29T03:41:25.3264504Z Setting up libvisual-0.4-0:amd64 (0.4.2-2build1) ...
test	Install Playwright Browsers	2026-07-29T03:41:25.3288901Z Setting up libsoxr0:amd64 (0.1.3-4build3) ...
test	Install Playwright Browsers	2026-07-29T03:41:25.3312544Z Setting up libzix-0-0:amd64 (0.4.2-2build1) ...
test	Install Playwright Browsers	2026-07-29T03:41:25.3336254Z Setting up libcodec2-1.2:amd64 (1.2.0-2build1) ...
test	Install Playwright Browsers	2026-07-29T03:41:25.3358299Z Setting up libmanette-0.2-0:amd64 (0.2.7-1build2) ...
test	Install Playwright Browsers	2026-07-29T03:41:25.3383034Z Setting up libsrtp2-1:amd64 (2.5.0-3build1) ...
test	Install Playwright Browsers	2026-07-29T03:41:25.3408230Z Setting up libmysofa1:amd64 (1.3.2+dfsg-2ubuntu2) ...
test	Install Playwright Browsers	2026-07-29T03:41:25.3432521Z Setting up libraptor2-0:amd64 (2.0.16-3ubuntu0.1) ...
test	Install Playwright Browsers	2026-07-29T03:41:25.3454545Z Setting up libldacbt-enc2:amd64 (2.0.2.3+git20200429+ed310a0-4ubuntu2) ...
test	Install Playwright Browsers	2026-07-29T03:41:25.3479078Z Setting up fonts-wqy-zenhei (0.9.45-8) ...
test	Install Playwright Browsers	2026-07-29T03:41:25.3600893Z Setting up libwebrtc-audio-processing1:amd64 (0.3.1-0ubuntu6) ...
test	Install Playwright Browsers	2026-07-29T03:41:25.3629885Z Setting up fonts-freefont-ttf (20211204+svn4273-2) ...
test	Install Playwright Browsers	2026-07-29T03:41:25.3651859Z Setting up libevent-2.1-7t64:amd64 (2.1.12-stable-9ubuntu2) ...
test	Install Playwright Browsers	2026-07-29T03:41:25.3675973Z Setting up libsvtav1enc1d1:amd64 (1.7.0+dfsg-2build1) ...
test	Install Playwright Browsers	2026-07-29T03:41:25.3697916Z Setting up libsoup-3.0-common (3.4.4-5ubuntu0.7) ...
test	Install Playwright Browsers	2026-07-29T03:41:25.3718890Z Setting up libmpg123-0t64:amd64 (1.32.5-1ubuntu1.1) ...
test	Install Playwright Browsers	2026-07-29T03:41:25.3745336Z Setting up libcjson1:amd64 (1.7.17-1) ...
test	Install Playwright Browsers	2026-07-29T03:41:25.3767652Z Setting up libxvidcore4:amd64 (2:1.3.7-1build1) ...
test	Install Playwright Browsers	2026-07-29T03:41:25.3797950Z Setting up libmpcdec6:amd64 (2:0.1~r495-2build1) ...
test	Install Playwright Browsers	2026-07-29T03:41:25.3823002Z Setting up libmjpegutils-2.1-0t64:amd64 (1:2.1.0+debian-8.1build1) ...
test	Install Playwright Browsers	2026-07-29T03:41:25.3844426Z Setting up librav1e0:amd64 (0.7.1-2) ...
test	Install Playwright Browsers	2026-07-29T03:41:25.3867162Z Setting up liborc-0.4-0t64:amd64 (1:0.4.38-1ubuntu0.1) ...
test	Install Playwright Browsers	2026-07-29T03:41:25.3890358Z Setting up libxcb-xkb1:amd64 (1.15-1ubuntu2) ...
test	Install Playwright Browsers	2026-07-29T03:41:25.3911793Z Setting up libvo-aacenc0:amd64 (0.1.3-2build1) ...
test	Install Playwright Browsers	2026-07-29T03:41:25.3938213Z Setting up librist4:amd64 (0.2.10+dfsg-2) ...
test	Install Playwright Browsers	2026-07-29T03:41:25.3960990Z Setting up librsvg2-2:amd64 (2.58.0+dfsg-1build1) ...
test	Install Playwright Browsers	2026-07-29T03:41:25.3983564Z Setting up libblas3:amd64 (3.12.0-3build1.1) ...
test	Install Playwright Browsers	2026-07-29T03:41:25.4048799Z update-alternatives: using /usr/lib/x86_64-linux-gnu/blas/libblas.so.3 to provide /usr/lib/x86_64-linux-gnu/libblas.so.3 (libblas.so.3-x86_64-linux-gnu) in auto mode
test	Install Playwright Browsers	2026-07-29T03:41:25.4065352Z Setting up libegl-mesa0:amd64 (25.2.8-0ubuntu0.24.04.2) ...
test	Install Playwright Browsers	2026-07-29T03:41:25.4087191Z Setting up libsoundtouch1:amd64 (2.3.2+ds1-1build1) ...
test	Install Playwright Browsers	2026-07-29T03:41:25.4113939Z Setting up libplacebo338:amd64 (6.338.2-2build1) ...
test	Install Playwright Browsers	2026-07-29T03:41:25.4139752Z Setting up libgles2:amd64 (1.7.0-1build1) ...
test	Install Playwright Browsers	2026-07-29T03:41:25.4162413Z Setting up fonts-tlwg-loma-otf (1:0.7.3-1) ...
test	Install Playwright Browsers	2026-07-29T03:41:25.4188948Z Setting up libva2:amd64 (2.20.0-2ubuntu0.2) ...
test	Install Playwright Browsers	2026-07-29T03:41:25.4212301Z Setting up libspa-0.2-modules:amd64 (1.0.5-1ubuntu3.3) ...
test	Install Playwright Browsers	2026-07-29T03:41:25.4233966Z Setting up libzxing3:amd64 (2.2.1-3) ...
test	Install Playwright Browsers	2026-07-29T03:41:25.4275738Z Setting up xfonts-encodings (1:1.0.5-0ubuntu2) ...
test	Install Playwright Browsers	2026-07-29T03:41:25.4297092Z Setting up libopus0:amd64 (1.4-1build1) ...
test	Install Playwright Browsers	2026-07-29T03:41:25.4322339Z Setting up libfaad2:amd64 (2.11.1-1build1) ...
test	Install Playwright Browsers	2026-07-29T03:41:25.4350620Z Setting up libxkbcommon-x11-0:amd64 (1.6.0-1build1) ...
test	Install Playwright Browsers	2026-07-29T03:41:25.4374208Z Setting up libdc1394-25:amd64 (2.2.6-4build1) ...
test	Install Playwright Browsers	2026-07-29T03:41:25.4397100Z Setting up libimath-3-1-29t64:amd64 (3.1.9-3.1ubuntu2) ...
test	Install Playwright Browsers	2026-07-29T03:41:25.4423672Z Setting up libunibreak5:amd64 (5.1-2build1) ...
test	Install Playwright Browsers	2026-07-29T03:41:25.4451435Z Setting up libdv4t64:amd64 (1.0.0-17.1build1) ...
test	Install Playwright Browsers	2026-07-29T03:41:25.4473049Z Setting up libjxl0.7:amd64 (0.7.0-10.2ubuntu6.1) ...
test	Install Playwright Browsers	2026-07-29T03:41:25.4497058Z Setting up libopenh264-7:amd64 (2.4.1+dfsg-1) ...
test	Install Playwright Browsers	2026-07-29T03:41:25.4519010Z Setting up libltc11:amd64 (1.3.2-1build1) ...
test	Install Playwright Browsers	2026-07-29T03:41:25.4541418Z Setting up libx265-199:amd64 (3.5-2build1) ...
test	Install Playwright Browsers	2026-07-29T03:41:25.4567997Z Setting up libv4l-0t64:amd64 (1.26.1-4build3) ...
test	Install Playwright Browsers	2026-07-29T03:41:25.4592522Z Setting up libavtp0:amd64 (0.2.0-1build1) ...
test	Install Playwright Browsers	2026-07-29T03:41:25.4614733Z Setting up libsndio7.0:amd64 (1.9.0-0.3build3) ...
test	Install Playwright Browsers	2026-07-29T03:41:25.4748746Z Setting up libdirectfb-1.7-7t64:amd64 (1.7.7-11.1ubuntu2) ...
test	Install Playwright Browsers	2026-07-29T03:41:25.4771625Z Setting up libspandsp2t64:amd64 (0.0.6+dfsg-2.1build1) ...
test	Install Playwright Browsers	2026-07-29T03:41:25.4793104Z Setting up libvidstab1.1:amd64 (1.1.0-2build1) ...
test	Install Playwright Browsers	2026-07-29T03:41:25.4818183Z Setting up libvpx9:amd64 (1.14.0-1ubuntu2.3) ...
test	Install Playwright Browsers	2026-07-29T03:41:25.4843509Z Setting up libsrt1.5-gnutls:amd64 (1.5.3-1build2) ...
test	Install Playwright Browsers	2026-07-29T03:41:25.4866997Z Setting up libtag1v5:amd64 (1.13.1-1build1) ...
test	Install Playwright Browsers	2026-07-29T03:41:25.4893397Z Setting up libflite1:amd64 (2.2-6build3) ...
test	Install Playwright Browsers	2026-07-29T03:41:25.4916727Z Setting up libdav1d7:amd64 (1.4.1-1build1) ...
test	Install Playwright Browsers	2026-07-29T03:41:25.4939401Z Setting up libva-drm2:amd64 (2.20.0-2ubuntu0.2) ...
test	Install Playwright Browsers	2026-07-29T03:41:25.4961499Z Setting up fonts-ipafont-gothic (00303-21ubuntu1) ...
test	Install Playwright Browsers	2026-07-29T03:41:25.5031157Z update-alternatives: using /usr/share/fonts/opentype/ipafont-gothic/ipag.ttf to provide /usr/share/fonts/truetype/fonts-japanese-gothic.ttf (fonts-japanese-gothic.ttf) in auto mode
test	Install Playwright Browsers	2026-07-29T03:41:25.5050079Z Setting up ocl-icd-libopencl1:amd64 (2.3.2-1build1) ...
test	Install Playwright Browsers	2026-07-29T03:41:25.5073992Z Setting up libasyncns0:amd64 (0.8-6build4) ...
test	Install Playwright Browsers	2026-07-29T03:41:25.5096346Z Setting up libwildmidi2:amd64 (0.4.3-1build3) ...
test	Install Playwright Browsers	2026-07-29T03:41:25.5116348Z Setting up libvdpau1:amd64 (1.5-2build1) ...
test	Install Playwright Browsers	2026-07-29T03:41:25.5147137Z Setting up libwavpack1:amd64 (5.6.0-1build1) ...
test	Install Playwright Browsers	2026-07-29T03:41:25.5168503Z Setting up libbs2b0:amd64 (3.1.0+dfsg-7build1) ...
test	Install Playwright Browsers	2026-07-29T03:41:25.5188774Z Setting up libtheora0:amd64 (1.1.1+dfsg.1-16.1build3) ...
test	Install Playwright Browsers	2026-07-29T03:41:25.5213028Z Setting up libegl1:amd64 (1.7.0-1build1) ...
test	Install Playwright Browsers	2026-07-29T03:41:25.5235143Z Setting up libdecor-0-0:amd64 (0.2.2-1build2) ...
test	Install Playwright Browsers	2026-07-29T03:41:25.5257045Z Setting up libdca0:amd64 (0.0.7-2build1) ...
test	Install Playwright Browsers	2026-07-29T03:41:25.5278358Z Setting up libzimg2:amd64 (3.0.5+ds1-1build1) ...
test	Install Playwright Browsers	2026-07-29T03:41:25.5298144Z Setting up libopenal-data (1:1.23.1-4build1) ...
test	Install Playwright Browsers	2026-07-29T03:41:25.5331738Z Setting up libabsl20220623t64:amd64 (20220623.1-3.1ubuntu3.2) ...
test	Install Playwright Browsers	2026-07-29T03:41:25.5370291Z Setting up libflac12t64:amd64 (1.4.3+ds-2.1ubuntu2) ...
test	Install Playwright Browsers	2026-07-29T03:41:25.5392252Z Setting up libgtk-4-common (4.14.5+ds-0ubuntu0.10) ...
test	Install Playwright Browsers	2026-07-29T03:41:25.5415305Z Setting up libmpeg2encpp-2.1-0t64:amd64 (1:2.1.0+debian-8.1build1) ...
test	Install Playwright Browsers	2026-07-29T03:41:25.5442964Z Setting up glib-networking-common (2.80.0-1build1) ...
test	Install Playwright Browsers	2026-07-29T03:41:25.5464524Z Setting up libmfx1:amd64 (22.5.4-1) ...
test	Install Playwright Browsers	2026-07-29T03:41:25.5488409Z Setting up libbluray2:amd64 (1:1.3.4-1build1) ...
test	Install Playwright Browsers	2026-07-29T03:41:25.5509688Z Setting up libde265-0:amd64 (1.0.15-1ubuntu0.1) ...
test	Install Playwright Browsers	2026-07-29T03:41:25.5530906Z Setting up libsamplerate0:amd64 (0.2.2-4build1) ...
test	Install Playwright Browsers	2026-07-29T03:41:25.5554016Z Setting up timgm6mb-soundfont (1.3-5) ...
test	Install Playwright Browsers	2026-07-29T03:41:25.5634150Z update-alternatives: using /usr/share/sounds/sf2/TimGM6mb.sf2 to provide /usr/share/sounds/sf2/default-GM.sf2 (default-GM.sf2) in auto mode
test	Install Playwright Browsers	2026-07-29T03:41:25.5678076Z update-alternatives: using /usr/share/sounds/sf2/TimGM6mb.sf2 to provide /usr/share/sounds/sf3/default-GM.sf3 (default-GM.sf3) in auto mode
test	Install Playwright Browsers	2026-07-29T03:41:25.5695662Z Setting up libva-x11-2:amd64 (2.20.0-2ubuntu0.2) ...
test	Install Playwright Browsers	2026-07-29T03:41:25.5720209Z Setting up libyuv0:amd64 (0.0~git202401110.af6ac82-1) ...
test	Install Playwright Browsers	2026-07-29T03:41:25.5742686Z Setting up libmplex2-2.1-0t64:amd64 (1:2.1.0+debian-8.1build1) ...
test	Install Playwright Browsers	2026-07-29T03:41:25.5766564Z Setting up libpipewire-0.3-0t64:amd64 (1.0.5-1ubuntu3.3) ...
test	Install Playwright Browsers	2026-07-29T03:41:25.5792893Z Setting up libopenmpt0t64:amd64 (0.7.3-1.1build3) ...
test	Install Playwright Browsers	2026-07-29T03:41:25.5814137Z Setting up libzvbi-common (0.2.42-2) ...
test	Install Playwright Browsers	2026-07-29T03:41:25.5839253Z Setting up libsecret-common (0.21.4-1build3) ...
test	Install Playwright Browsers	2026-07-29T03:41:25.5861419Z Setting up libmp3lame0:amd64 (3.100-6build1) ...
test	Install Playwright Browsers	2026-07-29T03:41:25.5884255Z Setting up libgraphene-1.0-0:amd64 (1.10.8-3build2) ...
test	Install Playwright Browsers	2026-07-29T03:41:25.5904736Z Setting up libvorbisenc2:amd64 (1.3.7-1build3) ...
test	Install Playwright Browsers	2026-07-29T03:41:25.5925236Z Setting up libdvdnav4:amd64 (6.1.1-3build1) ...
test	Install Playwright Browsers	2026-07-29T03:41:25.5950062Z Setting up fonts-unifont (1:15.1.01-1build1) ...
test	Install Playwright Browsers	2026-07-29T03:41:25.5970391Z Setting up libaa1:amd64 (1.4p5-51.1) ...
test	Install Playwright Browsers	2026-07-29T03:41:25.5995220Z Setting up libiec61883-0:amd64 (1.2.0-6build1) ...
test	Install Playwright Browsers	2026-07-29T03:41:25.6020911Z Setting up libserd-0-0:amd64 (0.32.2-1) ...
test	Install Playwright Browsers	2026-07-29T03:41:25.6043335Z Setting up libavc1394-0:amd64 (0.5.4-5build3) ...
test	Install Playwright Browsers	2026-07-29T03:41:25.6067518Z Setting up gsettings-desktop-schemas (46.1-0ubuntu1) ...
test	Install Playwright Browsers	2026-07-29T03:41:25.6090516Z Setting up glib-networking-services (2.80.0-1build1) ...
test	Install Playwright Browsers	2026-07-29T03:41:25.6111628Z Setting up liblapack3:amd64 (3.12.0-3build1.1) ...
test	Install Playwright Browsers	2026-07-29T03:41:25.6172108Z update-alternatives: using /usr/lib/x86_64-linux-gnu/lapack/liblapack.so.3 to provide /usr/lib/x86_64-linux-gnu/liblapack.so.3 (liblapack.so.3-x86_64-linux-gnu) in auto mode
test	Install Playwright Browsers	2026-07-29T03:41:25.6191910Z Setting up libzvbi0t64:amd64 (0.2.42-2) ...
test	Install Playwright Browsers	2026-07-29T03:41:25.6214823Z Setting up liblrdf0:amd64 (0.6.1-4build1) ...
test	Install Playwright Browsers	2026-07-29T03:41:25.6236391Z Setting up libzbar0t64:amd64 (0.23.93-4build3) ...
test	Install Playwright Browsers	2026-07-29T03:41:25.6260481Z Setting up libgstreamer-plugins-base1.0-0:amd64 (1.24.2-1ubuntu0.4) ...
test	Install Playwright Browsers	2026-07-29T03:41:25.6281527Z Setting up libavutil58:amd64 (7:6.1.1-3ubuntu5) ...
test	Install Playwright Browsers	2026-07-29T03:41:25.6306770Z Setting up libopenal1:amd64 (1:1.23.1-4build1) ...
test	Install Playwright Browsers	2026-07-29T03:41:25.6330570Z Setting up xfonts-utils (1:7.7+6build3) ...
test	Install Playwright Browsers	2026-07-29T03:41:25.6373456Z Setting up libsecret-1-0:amd64 (0.21.4-1build3) ...
test	Install Playwright Browsers	2026-07-29T03:41:25.6398168Z Setting up libgstreamer-plugins-good1.0-0:amd64 (1.24.2-1ubuntu1.5) ...
test	Install Playwright Browsers	2026-07-29T03:41:25.6420359Z Setting up libgstreamer-gl1.0-0:amd64 (1.24.2-1ubuntu0.4) ...
test	Install Playwright Browsers	2026-07-29T03:41:25.6442278Z Setting up gstreamer1.0-plugins-base:amd64 (1.24.2-1ubuntu0.4) ...
test	Install Playwright Browsers	2026-07-29T03:41:25.6479323Z Setting up libass9:amd64 (1:0.17.1-2build1) ...
test	Install Playwright Browsers	2026-07-29T03:41:25.6503344Z Setting up libswresample4:amd64 (7:6.1.1-3ubuntu5) ...
test	Install Playwright Browsers	2026-07-29T03:41:25.6525831Z Setting up libopenexr-3-1-30:amd64 (3.1.5-5.1build3) ...
test	Install Playwright Browsers	2026-07-29T03:41:25.6552607Z Setting up libshout3:amd64 (2.4.6-1build2) ...
test	Install Playwright Browsers	2026-07-29T03:41:25.6574487Z Setting up libgav1-1:amd64 (0.18.0-1build3) ...
test	Install Playwright Browsers	2026-07-29T03:41:25.6595550Z Setting up libavcodec60:amd64 (7:6.1.1-3ubuntu5) ...
test	Install Playwright Browsers	2026-07-29T03:41:25.6622702Z Setting up librubberband2:amd64 (3.3.0+dfsg-2build1) ...
test	Install Playwright Browsers	2026-07-29T03:41:25.6645352Z Setting up libjack-jackd2-0:amd64 (1.9.21~dfsg-3ubuntu3) ...
test	Install Playwright Browsers	2026-07-29T03:41:25.6668488Z Setting up libsord-0-0:amd64 (0.16.16-2build1) ...
test	Install Playwright Browsers	2026-07-29T03:41:25.6695781Z Setting up xfonts-cyrillic (1:1.0.5+nmu1) ...
test	Install Playwright Browsers	2026-07-29T03:41:25.6996773Z Setting up libpostproc57:amd64 (7:6.1.1-3ubuntu5) ...
test	Install Playwright Browsers	2026-07-29T03:41:25.7023606Z Setting up libsratom-0-0:amd64 (0.6.16-1build1) ...
test	Install Playwright Browsers	2026-07-29T03:41:25.7045269Z Setting up libsndfile1:amd64 (1.2.2-1ubuntu5.24.04.1) ...
test	Install Playwright Browsers	2026-07-29T03:41:25.7065780Z Setting up liblilv-0-0:amd64 (0.24.22-1build1) ...
test	Install Playwright Browsers	2026-07-29T03:41:25.7091761Z Setting up libinstpatch-1.0-2:amd64 (1.1.6-1build2) ...
test	Install Playwright Browsers	2026-07-29T03:41:25.7119121Z Setting up xfonts-scalable (1:1.0.3-1.3) ...
test	Install Playwright Browsers	2026-07-29T03:41:25.7390755Z Setting up libswscale7:amd64 (7:6.1.1-3ubuntu5) ...
test	Install Playwright Browsers	2026-07-29T03:41:25.7414068Z Setting up libavif16:amd64 (1.0.4-1ubuntu3) ...
test	Install Playwright Browsers	2026-07-29T03:41:25.7439234Z Setting up libpulse0:amd64 (1:16.1+dfsg1-2ubuntu10.1) ...
test	Install Playwright Browsers	2026-07-29T03:41:25.7629974Z Setting up libavformat60:amd64 (7:6.1.1-3ubuntu5) ...
test	Install Playwright Browsers	2026-07-29T03:41:25.7652600Z Setting up libsphinxbase3t64:amd64 (0.8+5prealpha+1-17build2) ...
test	Install Playwright Browsers	2026-07-29T03:41:25.7675673Z Setting up libsdl2-2.0-0:amd64 (2.30.0+dfsg-1ubuntu3.1) ...
test	Install Playwright Browsers	2026-07-29T03:41:25.7700728Z Setting up libfluidsynth3:amd64 (2.3.4-1build3) ...
test	Install Playwright Browsers	2026-07-29T03:41:25.7728756Z Setting up libpocketsphinx3:amd64 (0.8.0+real5prealpha+1-15ubuntu5) ...
test	Install Playwright Browsers	2026-07-29T03:41:25.7759537Z Setting up libavfilter9:amd64 (7:6.1.1-3ubuntu5) ...
test	Install Playwright Browsers	2026-07-29T03:41:25.7789202Z Setting up gstreamer1.0-libav:amd64 (1.24.1-1build1) ...
test	Install Playwright Browsers	2026-07-29T03:41:25.8308836Z Processing triggers for fontconfig (2.15.0-1.1ubuntu2) ...
test	Install Playwright Browsers	2026-07-29T03:41:25.9193382Z Processing triggers for libc-bin (2.39-0ubuntu8.7) ...
test	Install Playwright Browsers	2026-07-29T03:41:25.9682582Z Processing triggers for man-db (2.12.0-4build2) ...
test	Install Playwright Browsers	2026-07-29T03:41:25.9704568Z Not building database; man-db/auto-update is not 'true'.
test	Install Playwright Browsers	2026-07-29T03:41:25.9731712Z Processing triggers for libglib2.0-0t64:amd64 (2.80.0-6ubuntu3.8) ...
test	Install Playwright Browsers	2026-07-29T03:41:26.0099073Z Setting up libgtk-4-1:amd64 (4.14.5+ds-0ubuntu0.10) ...
test	Install Playwright Browsers	2026-07-29T03:41:26.2012509Z Setting up glib-networking:amd64 (2.80.0-1build1) ...
test	Install Playwright Browsers	2026-07-29T03:41:26.2051810Z Setting up libsoup-3.0-0:amd64 (3.4.4-5ubuntu0.7) ...
test	Install Playwright Browsers	2026-07-29T03:41:26.2088850Z Setting up libgssdp-1.6-0:amd64 (1.6.3-1build3) ...
test	Install Playwright Browsers	2026-07-29T03:41:26.2159153Z Setting up gstreamer1.0-plugins-good:amd64 (1.24.2-1ubuntu1.5) ...
test	Install Playwright Browsers	2026-07-29T03:41:26.2191633Z Setting up libgupnp-1.6-0:amd64 (1.6.6-1build3) ...
test	Install Playwright Browsers	2026-07-29T03:41:26.2254404Z Setting up libgupnp-igd-1.6-0:amd64 (1.6.0-3build3) ...
test	Install Playwright Browsers	2026-07-29T03:41:26.2295524Z Setting up libnice10:amd64 (0.1.21-2build3) ...
test	Install Playwright Browsers	2026-07-29T03:41:26.2347037Z Setting up libgstreamer-plugins-bad1.0-0:amd64 (1.24.2-1ubuntu4) ...
test	Install Playwright Browsers	2026-07-29T03:41:26.2389246Z Setting up gstreamer1.0-plugins-bad:amd64 (1.24.2-1ubuntu4) ...
test	Install Playwright Browsers	2026-07-29T03:41:26.2420105Z Processing triggers for libc-bin (2.39-0ubuntu8.7) ...
test	Install Playwright Browsers	2026-07-29T03:41:26.9055469Z 
test	Install Playwright Browsers	2026-07-29T03:41:26.9056424Z Running kernel seems to be up-to-date.
test	Install Playwright Browsers	2026-07-29T03:41:26.9056837Z 
test	Install Playwright Browsers	2026-07-29T03:41:26.9057134Z No services need to be restarted.
test	Install Playwright Browsers	2026-07-29T03:41:26.9057451Z 
test	Install Playwright Browsers	2026-07-29T03:41:26.9057739Z No containers need to be restarted.
test	Install Playwright Browsers	2026-07-29T03:41:26.9058077Z 
test	Install Playwright Browsers	2026-07-29T03:41:26.9058435Z No user sessions are running outdated binaries.
test	Install Playwright Browsers	2026-07-29T03:41:26.9058784Z 
test	Install Playwright Browsers	2026-07-29T03:41:26.9059341Z No VM guests are running outdated hypervisor (qemu) binaries on this host.
test	Install Playwright Browsers	2026-07-29T03:41:27.6384553Z Downloading Chrome for Testing 151.0.7922.34 (playwright chromium v1234) from https://cdn.playwright.dev/builds/cft/151.0.7922.34/linux64/chrome-linux64.zip
test	Install Playwright Browsers	2026-07-29T03:41:28.7184019Z |                                                                                |   0% of 184.3 MiB
test	Install Playwright Browsers	2026-07-29T03:41:29.0869807Z |■■■■■■■■                                                                        |  10% of 184.3 MiB
test	Install Playwright Browsers	2026-07-29T03:41:29.1857020Z |■■■■■■■■■■■■■■■■                                                                |  20% of 184.3 MiB
test	Install Playwright Browsers	2026-07-29T03:41:29.2840331Z |■■■■■■■■■■■■■■■■■■■■■■■■                                                        |  30% of 184.3 MiB
test	Install Playwright Browsers	2026-07-29T03:41:29.3743933Z |■■■■■■■■■■■■■■■■■■■■■■■■■■■■■■■■                                                |  40% of 184.3 MiB
test	Install Playwright Browsers	2026-07-29T03:41:29.4549021Z |■■■■■■■■■■■■■■■■■■■■■■■■■■■■■■■■■■■■■■■■                                        |  50% of 184.3 MiB
test	Install Playwright Browsers	2026-07-29T03:41:29.5452085Z |■■■■■■■■■■■■■■■■■■■■■■■■■■■■■■■■■■■■■■■■■■■■■■■■                                |  60% of 184.3 MiB
test	Install Playwright Browsers	2026-07-29T03:41:29.6358444Z |■■■■■■■■■■■■■■■■■■■■■■■■■■■■■■■■■■■■■■■■■■■■■■■■■■■■■■■■                        |  70% of 184.3 MiB
test	Install Playwright Browsers	2026-07-29T03:41:29.7256410Z |■■■■■■■■■■■■■■■■■■■■■■■■■■■■■■■■■■■■■■■■■■■■■■■■■■■■■■■■■■■■■■■■                |  80% of 184.3 MiB
test	Install Playwright Browsers	2026-07-29T03:41:29.8138959Z |■■■■■■■■■■■■■■■■■■■■■■■■■■■■■■■■■■■■■■■■■■■■■■■■■■■■■■■■■■■■■■■■■■■■■■■■        |  90% of 184.3 MiB
test	Install Playwright Browsers	2026-07-29T03:41:29.9100044Z |■■■■■■■■■■■■■■■■■■■■■■■■■■■■■■■■■■■■■■■■■■■■■■■■■■■■■■■■■■■■■■■■■■■■■■■■■■■■■■■■| 100% of 184.3 MiB
test	Install Playwright Browsers	2026-07-29T03:41:33.4957194Z Chrome for Testing 151.0.7922.34 (playwright chromium v1234) downloaded to /home/runner/.cache/ms-playwright/chromium-1234
test	Install Playwright Browsers	2026-07-29T03:41:33.4961116Z Downloading Chrome Headless Shell 151.0.7922.34 (playwright chromium-headless-shell v1234) from https://cdn.playwright.dev/builds/cft/151.0.7922.34/linux64/chrome-headless-shell-linux64.zip
test	Install Playwright Browsers	2026-07-29T03:41:34.5749043Z |                                                                                |   0% of 114.7 MiB
test	Install Playwright Browsers	2026-07-29T03:41:34.9568252Z |■■■■■■■■                                                                        |  10% of 114.7 MiB
test	Install Playwright Browsers	2026-07-29T03:41:35.0389717Z |■■■■■■■■■■■■■■■■                                                                |  20% of 114.7 MiB
test	Install Playwright Browsers	2026-07-29T03:41:35.1117953Z |■■■■■■■■■■■■■■■■■■■■■■■■                                                        |  30% of 114.7 MiB
test	Install Playwright Browsers	2026-07-29T03:41:35.1720919Z |■■■■■■■■■■■■■■■■■■■■■■■■■■■■■■■■                                                |  40% of 114.7 MiB
test	Install Playwright Browsers	2026-07-29T03:41:35.2372564Z |■■■■■■■■■■■■■■■■■■■■■■■■■■■■■■■■■■■■■■■■                                        |  50% of 114.7 MiB
test	Install Playwright Browsers	2026-07-29T03:41:35.3020589Z |■■■■■■■■■■■■■■■■■■■■■■■■■■■■■■■■■■■■■■■■■■■■■■■■                                |  60% of 114.7 MiB
test	Install Playwright Browsers	2026-07-29T03:41:35.3671002Z |■■■■■■■■■■■■■■■■■■■■■■■■■■■■■■■■■■■■■■■■■■■■■■■■■■■■■■■■                        |  70% of 114.7 MiB
test	Install Playwright Browsers	2026-07-29T03:41:35.4319297Z |■■■■■■■■■■■■■■■■■■■■■■■■■■■■■■■■■■■■■■■■■■■■■■■■■■■■■■■■■■■■■■■■                |  80% of 114.7 MiB
test	Install Playwright Browsers	2026-07-29T03:41:35.4967154Z |■■■■■■■■■■■■■■■■■■■■■■■■■■■■■■■■■■■■■■■■■■■■■■■■■■■■■■■■■■■■■■■■■■■■■■■■        |  90% of 114.7 MiB
test	Install Playwright Browsers	2026-07-29T03:41:35.5614967Z |■■■■■■■■■■■■■■■■■■■■■■■■■■■■■■■■■■■■■■■■■■■■■■■■■■■■■■■■■■■■■■■■■■■■■■■■■■■■■■■■| 100% of 114.7 MiB
test	Install Playwright Browsers	2026-07-29T03:41:38.0633669Z Chrome Headless Shell 151.0.7922.34 (playwright chromium-headless-shell v1234) downloaded to /home/runner/.cache/ms-playwright/chromium_headless_shell-1234
test	Install Playwright Browsers	2026-07-29T03:41:38.0638860Z Downloading Firefox 153.0 (playwright firefox v1538) from https://cdn.playwright.dev/dbazure/download/playwright/builds/firefox/1538/firefox-ubuntu-24.04.zip
test	Install Playwright Browsers	2026-07-29T03:41:39.1597547Z |                                                                                |   0% of 108.2 MiB
test	Install Playwright Browsers	2026-07-29T03:41:39.3771658Z |■■■■■■■■                                                                        |  10% of 108.2 MiB
test	Install Playwright Browsers	2026-07-29T03:41:39.4655480Z |■■■■■■■■■■■■■■■■                                                                |  20% of 108.2 MiB
test	Install Playwright Browsers	2026-07-29T03:41:39.5588811Z |■■■■■■■■■■■■■■■■■■■■■■■■                                                        |  30% of 108.2 MiB
test	Install Playwright Browsers	2026-07-29T03:41:39.6452263Z |■■■■■■■■■■■■■■■■■■■■■■■■■■■■■■■■                                                |  40% of 108.2 MiB
test	Install Playwright Browsers	2026-07-29T03:41:39.8066326Z |■■■■■■■■■■■■■■■■■■■■■■■■■■■■■■■■■■■■■■■■                                        |  50% of 108.2 MiB
test	Install Playwright Browsers	2026-07-29T03:41:39.8957092Z |■■■■■■■■■■■■■■■■■■■■■■■■■■■■■■■■■■■■■■■■■■■■■■■■                                |  60% of 108.2 MiB
test	Install Playwright Browsers	2026-07-29T03:41:39.9678841Z |■■■■■■■■■■■■■■■■■■■■■■■■■■■■■■■■■■■■■■■■■■■■■■■■■■■■■■■■                        |  70% of 108.2 MiB
test	Install Playwright Browsers	2026-07-29T03:41:40.0481216Z |■■■■■■■■■■■■■■■■■■■■■■■■■■■■■■■■■■■■■■■■■■■■■■■■■■■■■■■■■■■■■■■■                |  80% of 108.2 MiB
test	Install Playwright Browsers	2026-07-29T03:41:40.1308895Z |■■■■■■■■■■■■■■■■■■■■■■■■■■■■■■■■■■■■■■■■■■■■■■■■■■■■■■■■■■■■■■■■■■■■■■■■        |  90% of 108.2 MiB
test	Install Playwright Browsers	2026-07-29T03:41:40.2390881Z |■■■■■■■■■■■■■■■■■■■■■■■■■■■■■■■■■■■■■■■■■■■■■■■■■■■■■■■■■■■■■■■■■■■■■■■■■■■■■■■■| 100% of 108.2 MiB
test	Install Playwright Browsers	2026-07-29T03:41:42.6081718Z Firefox 153.0 (playwright firefox v1538) downloaded to /home/runner/.cache/ms-playwright/firefox-1538
test	Install Playwright Browsers	2026-07-29T03:41:42.6084833Z Downloading WebKit 26.5 (playwright webkit v2336) from https://cdn.playwright.dev/dbazure/download/playwright/builds/webkit/2336/webkit-ubuntu-24.04.zip
test	Install Playwright Browsers	2026-07-29T03:41:43.7542764Z |                                                                                |   0% of 102 MiB
test	Install Playwright Browsers	2026-07-29T03:41:44.1246481Z |■■■■■■■■                                                                        |  10% of 102 MiB
test	Install Playwright Browsers	2026-07-29T03:41:44.4184426Z |■■■■■■■■■■■■■■■■                                                                |  20% of 102 MiB
test	Install Playwright Browsers	2026-07-29T03:41:44.5851055Z |■■■■■■■■■■■■■■■■■■■■■■■■                                                        |  30% of 102 MiB
test	Install Playwright Browsers	2026-07-29T03:41:44.7318235Z |■■■■■■■■■■■■■■■■■■■■■■■■■■■■■■■■                                                |  40% of 102 MiB
test	Install Playwright Browsers	2026-07-29T03:41:44.9282763Z |■■■■■■■■■■■■■■■■■■■■■■■■■■■■■■■■■■■■■■■■                                        |  50% of 102 MiB
test	Install Playwright Browsers	2026-07-29T03:41:45.0946300Z |■■■■■■■■■■■■■■■■■■■■■■■■■■■■■■■■■■■■■■■■■■■■■■■■                                |  60% of 102 MiB
test	Install Playwright Browsers	2026-07-29T03:41:45.4945850Z |■■■■■■■■■■■■■■■■■■■■■■■■■■■■■■■■■■■■■■■■■■■■■■■■■■■■■■■■                        |  70% of 102 MiB
test	Install Playwright Browsers	2026-07-29T03:41:45.7338840Z |■■■■■■■■■■■■■■■■■■■■■■■■■■■■■■■■■■■■■■■■■■■■■■■■■■■■■■■■■■■■■■■■                |  80% of 102 MiB
test	Install Playwright Browsers	2026-07-29T03:41:45.9266938Z |■■■■■■■■■■■■■■■■■■■■■■■■■■■■■■■■■■■■■■■■■■■■■■■■■■■■■■■■■■■■■■■■■■■■■■■■        |  90% of 102 MiB
test	Install Playwright Browsers	2026-07-29T03:41:46.1253537Z |■■■■■■■■■■■■■■■■■■■■■■■■■■■■■■■■■■■■■■■■■■■■■■■■■■■■■■■■■■■■■■■■■■■■■■■■■■■■■■■■| 100% of 102 MiB
test	Install Playwright Browsers	2026-07-29T03:41:48.3861150Z WebKit 26.5 (playwright webkit v2336) downloaded to /home/runner/.cache/ms-playwright/webkit-2336
test	Install Playwright Browsers	2026-07-29T03:41:48.3864588Z Downloading FFmpeg (playwright ffmpeg v1011) from https://cdn.playwright.dev/dbazure/download/playwright/builds/ffmpeg/1011/ffmpeg-linux.zip
test	Install Playwright Browsers	2026-07-29T03:41:49.4452296Z |                                                                                |   0% of 2.3 MiB
test	Install Playwright Browsers	2026-07-29T03:41:49.4749227Z |■■■■■■■■                                                                        |  10% of 2.3 MiB
test	Install Playwright Browsers	2026-07-29T03:41:49.4934581Z |■■■■■■■■■■■■■■■■                                                                |  20% of 2.3 MiB
test	Install Playwright Browsers	2026-07-29T03:41:49.5079771Z |■■■■■■■■■■■■■■■■■■■■■■■■                                                        |  30% of 2.3 MiB
test	Install Playwright Browsers	2026-07-29T03:41:49.5199794Z |■■■■■■■■■■■■■■■■■■■■■■■■■■■■■■■■                                                |  40% of 2.3 MiB
test	Install Playwright Browsers	2026-07-29T03:41:49.5251757Z |■■■■■■■■■■■■■■■■■■■■■■■■■■■■■■■■■■■■■■■■                                        |  50% of 2.3 MiB
test	Install Playwright Browsers	2026-07-29T03:41:49.5355415Z |■■■■■■■■■■■■■■■■■■■■■■■■■■■■■■■■■■■■■■■■■■■■■■■■                                |  60% of 2.3 MiB
test	Install Playwright Browsers	2026-07-29T03:41:49.5388889Z |■■■■■■■■■■■■■■■■■■■■■■■■■■■■■■■■■■■■■■■■■■■■■■■■■■■■■■■■                        |  70% of 2.3 MiB
test	Install Playwright Browsers	2026-07-29T03:41:49.5490785Z |■■■■■■■■■■■■■■■■■■■■■■■■■■■■■■■■■■■■■■■■■■■■■■■■■■■■■■■■■■■■■■■■                |  80% of 2.3 MiB
test	Install Playwright Browsers	2026-07-29T03:41:49.5515665Z |■■■■■■■■■■■■■■■■■■■■■■■■■■■■■■■■■■■■■■■■■■■■■■■■■■■■■■■■■■■■■■■■■■■■■■■■        |  90% of 2.3 MiB
test	Install Playwright Browsers	2026-07-29T03:41:49.5542510Z |■■■■■■■■■■■■■■■■■■■■■■■■■■■■■■■■■■■■■■■■■■■■■■■■■■■■■■■■■■■■■■■■■■■■■■■■■■■■■■■■| 100% of 2.3 MiB
test	Install Playwright Browsers	2026-07-29T03:41:49.6288111Z FFmpeg (playwright ffmpeg v1011) downloaded to /home/runner/.cache/ms-playwright/ffmpeg-1011
test	Setup Postgres Roles	﻿2026-07-29T03:41:49.9951041Z ##[group]Run psql -h localhost -U postgres -c "CREATE ROLE servicedesk_app WITH LOGIN PASSWORD 'TestPassword123!' SUPERUSER;"
test	Setup Postgres Roles	2026-07-29T03:41:49.9951958Z ^[[36;1mpsql -h localhost -U postgres -c "CREATE ROLE servicedesk_app WITH LOGIN PASSWORD 'TestPassword123!' SUPERUSER;"^[[0m
test	Setup Postgres Roles	2026-07-29T03:41:49.9952985Z ^[[36;1mpsql -h localhost -U postgres -c "CREATE ROLE servicedesk_system WITH LOGIN PASSWORD 'TestPassword123!' SUPERUSER;"^[[0m
test	Setup Postgres Roles	2026-07-29T03:41:49.9953744Z ^[[36;1mpsql -h localhost -U postgres -c "CREATE DATABASE servicedesk_test OWNER servicedesk_system;" || true^[[0m
test	Setup Postgres Roles	2026-07-29T03:41:49.9954606Z ^[[36;1mpsql -h localhost -U postgres -d servicedesk_test -c "GRANT ALL PRIVILEGES ON DATABASE servicedesk_test TO servicedesk_app, servicedesk_system;"^[[0m
test	Setup Postgres Roles	2026-07-29T03:41:49.9999364Z shell: /usr/bin/bash -e {0}
test	Setup Postgres Roles	2026-07-29T03:41:49.9999607Z env:
test	Setup Postgres Roles	2026-07-29T03:41:49.9999796Z   DOTNET_ROOT: /usr/share/dotnet
test	Setup Postgres Roles	2026-07-29T03:41:50.0000055Z   PGPASSWORD: testpass
test	Setup Postgres Roles	2026-07-29T03:41:50.0000268Z ##[endgroup]
test	Setup Postgres Roles	2026-07-29T03:41:50.0986658Z CREATE ROLE
test	Setup Postgres Roles	2026-07-29T03:41:50.1371975Z CREATE ROLE
test	Setup Postgres Roles	2026-07-29T03:41:50.1771658Z ERROR:  database "servicedesk_test" already exists
test	Setup Postgres Roles	2026-07-29T03:41:50.2143578Z GRANT
test	Start Backend API	﻿2026-07-29T03:41:50.2179959Z ##[group]Run export ASPNETCORE_ENVIRONMENT=Testing
test	Start Backend API	2026-07-29T03:41:50.2180368Z ^[[36;1mexport ASPNETCORE_ENVIRONMENT=Testing^[[0m
test	Start Backend API	2026-07-29T03:41:50.2180742Z ^[[36;1mexport ASPNETCORE_URLS=http://127.0.0.1:5093^[[0m
test	Start Backend API	2026-07-29T03:41:50.2181921Z ^[[36;1mexport ConnectionStrings__Default="Host=localhost;Database=servicedesk_test;Username=servicedesk_app;***"^[[0m
test	Start Backend API	2026-07-29T03:41:50.2182826Z ^[[36;1mexport ConnectionStrings__System="Host=localhost;Database=servicedesk_test;Username=servicedesk_system;***"^[[0m
test	Start Backend API	2026-07-29T03:41:50.2183476Z ^[[36;1mexport Jwt__Key="Test-SuperSecretKey-AtLeast32Characters-2026!"^[[0m
test	Start Backend API	2026-07-29T03:41:50.2183840Z ^[[36;1m^[[0m
test	Start Backend API	2026-07-29T03:41:50.2184191Z ^[[36;1mdotnet run --project src/ServiceDesk.Api/ServiceDesk.Api.csproj > api.log 2>&1 &^[[0m
test	Start Backend API	2026-07-29T03:41:50.2184609Z ^[[36;1m^[[0m
test	Start Backend API	2026-07-29T03:41:50.2184810Z ^[[36;1mecho "Waiting for API to boot..."^[[0m
test	Start Backend API	2026-07-29T03:41:50.2185079Z ^[[36;1mfor i in {1..30}; do^[[0m
test	Start Backend API	2026-07-29T03:41:50.2185384Z ^[[36;1m  if curl -s http://127.0.0.1:5093/health > /dev/null; then^[[0m
test	Start Backend API	2026-07-29T03:41:50.2185774Z ^[[36;1m    echo "API is healthy!"^[[0m
test	Start Backend API	2026-07-29T03:41:50.2186390Z ^[[36;1m    break^[[0m
test	Start Backend API	2026-07-29T03:41:50.2186589Z ^[[36;1m  fi^[[0m
test	Start Backend API	2026-07-29T03:41:50.2186778Z ^[[36;1m  if [ $i -eq 30 ]; then^[[0m
test	Start Backend API	2026-07-29T03:41:50.2187073Z ^[[36;1m    echo "API failed to start. Printing api.log:"^[[0m
test	Start Backend API	2026-07-29T03:41:50.2187377Z ^[[36;1m    cat api.log^[[0m
test	Start Backend API	2026-07-29T03:41:50.2187584Z ^[[36;1m    exit 1^[[0m
test	Start Backend API	2026-07-29T03:41:50.2187771Z ^[[36;1m  fi^[[0m
test	Start Backend API	2026-07-29T03:41:50.2187947Z ^[[36;1m  sleep 1^[[0m
test	Start Backend API	2026-07-29T03:41:50.2188130Z ^[[36;1mdone^[[0m
test	Start Backend API	2026-07-29T03:41:50.2231951Z shell: /usr/bin/bash -e {0}
test	Start Backend API	2026-07-29T03:41:50.2232191Z env:
test	Start Backend API	2026-07-29T03:41:50.2232379Z   DOTNET_ROOT: /usr/share/dotnet
test	Start Backend API	2026-07-29T03:41:50.2232618Z ##[endgroup]
test	Start Backend API	2026-07-29T03:41:50.2296617Z Waiting for API to boot...
test	Start Backend API	2026-07-29T03:41:56.3886665Z API is healthy!
test	Build and Start Frontend	﻿2026-07-29T03:41:56.3929349Z ##[group]Run cd src/servicedesk-web
test	Build and Start Frontend	2026-07-29T03:41:56.3929929Z ^[[36;1mcd src/servicedesk-web^[[0m
test	Build and Start Frontend	2026-07-29T03:41:56.3930371Z ^[[36;1mnpm ci^[[0m
test	Build and Start Frontend	2026-07-29T03:41:56.3930710Z ^[[36;1mnpm run build^[[0m
test	Build and Start Frontend	2026-07-29T03:41:56.3931123Z ^[[36;1mnpx serve@latest out -p 3000 &^[[0m
test	Build and Start Frontend	2026-07-29T03:41:56.3931584Z ^[[36;1mcd ../..^[[0m
test	Build and Start Frontend	2026-07-29T03:41:56.3931910Z ^[[36;1m^[[0m
test	Build and Start Frontend	2026-07-29T03:41:56.3932267Z ^[[36;1mecho "Waiting for Frontend to boot..."^[[0m
test	Build and Start Frontend	2026-07-29T03:41:56.3932766Z ^[[36;1mfor i in {1..15}; do^[[0m
test	Build and Start Frontend	2026-07-29T03:41:56.3933287Z ^[[36;1m  if curl -s http://localhost:3000 > /dev/null; then^[[0m
test	Build and Start Frontend	2026-07-29T03:41:56.3933894Z ^[[36;1m    echo "Frontend is healthy!"^[[0m
test	Build and Start Frontend	2026-07-29T03:41:56.3934339Z ^[[36;1m    break^[[0m
test	Build and Start Frontend	2026-07-29T03:41:56.3934661Z ^[[36;1m  fi^[[0m
test	Build and Start Frontend	2026-07-29T03:41:56.3934977Z ^[[36;1m  sleep 1^[[0m
test	Build and Start Frontend	2026-07-29T03:41:56.3935311Z ^[[36;1mdone^[[0m
test	Build and Start Frontend	2026-07-29T03:41:56.3988852Z shell: /usr/bin/bash -e {0}
test	Build and Start Frontend	2026-07-29T03:41:56.3989114Z env:
test	Build and Start Frontend	2026-07-29T03:41:56.3989312Z   DOTNET_ROOT: /usr/share/dotnet
test	Build and Start Frontend	2026-07-29T03:41:56.3989601Z ##[endgroup]
test	Build and Start Frontend	2026-07-29T03:41:56.9084005Z npm warn EBADENGINE Unsupported engine {
test	Build and Start Frontend	2026-07-29T03:41:56.9085442Z npm warn EBADENGINE   package: '@puppeteer/browsers@3.0.6',
test	Build and Start Frontend	2026-07-29T03:41:56.9086686Z npm warn EBADENGINE   required: { node: '>=22.12.0' },
test	Build and Start Frontend	2026-07-29T03:41:56.9087640Z npm warn EBADENGINE   current: { node: 'v20.20.2', npm: '10.8.2' }
test	Build and Start Frontend	2026-07-29T03:41:56.9088352Z npm warn EBADENGINE }
test	Build and Start Frontend	2026-07-29T03:41:56.9122708Z npm warn EBADENGINE Unsupported engine {
test	Build and Start Frontend	2026-07-29T03:41:56.9127110Z npm warn EBADENGINE   package: 'puppeteer@25.3.0',
test	Build and Start Frontend	2026-07-29T03:41:56.9128396Z npm warn EBADENGINE   required: { node: '>=22.12.0' },
test	Build and Start Frontend	2026-07-29T03:41:56.9129594Z npm warn EBADENGINE   current: { node: 'v20.20.2', npm: '10.8.2' }
test	Build and Start Frontend	2026-07-29T03:41:56.9130543Z npm warn EBADENGINE }
test	Build and Start Frontend	2026-07-29T03:41:56.9131410Z npm warn EBADENGINE Unsupported engine {
test	Build and Start Frontend	2026-07-29T03:41:56.9132532Z npm warn EBADENGINE   package: 'puppeteer-core@25.3.0',
test	Build and Start Frontend	2026-07-29T03:41:56.9133682Z npm warn EBADENGINE   required: { node: '>=22.12.0' },
test	Build and Start Frontend	2026-07-29T03:41:56.9134943Z npm warn EBADENGINE   current: { node: 'v20.20.2', npm: '10.8.2' }
test	Build and Start Frontend	2026-07-29T03:41:56.9136211Z npm warn EBADENGINE }
test	Build and Start Frontend	2026-07-29T03:42:18.1297690Z 
test	Build and Start Frontend	2026-07-29T03:42:18.1298517Z added 457 packages, and audited 458 packages in 22s
test	Build and Start Frontend	2026-07-29T03:42:18.1299024Z 
test	Build and Start Frontend	2026-07-29T03:42:18.1299351Z 160 packages are looking for funding
test	Build and Start Frontend	2026-07-29T03:42:18.1299862Z   run `npm fund` for details
test	Build and Start Frontend	2026-07-29T03:42:18.2251964Z 
test	Build and Start Frontend	2026-07-29T03:42:18.2252899Z 12 high severity vulnerabilities
test	Build and Start Frontend	2026-07-29T03:42:18.2253274Z 
test	Build and Start Frontend	2026-07-29T03:42:18.2253750Z To address issues that do not require attention, run:
test	Build and Start Frontend	2026-07-29T03:42:18.2254347Z   npm audit fix
test	Build and Start Frontend	2026-07-29T03:42:18.2254576Z 
test	Build and Start Frontend	2026-07-29T03:42:18.2255130Z To address all issues (including breaking changes), run:
test	Build and Start Frontend	2026-07-29T03:42:18.2255762Z   npm audit fix --force
test	Build and Start Frontend	2026-07-29T03:42:18.2256283Z 
test	Build and Start Frontend	2026-07-29T03:42:18.2256543Z Run `npm audit` for details.
test	Build and Start Frontend	2026-07-29T03:42:18.3661606Z 
test	Build and Start Frontend	2026-07-29T03:42:18.3662284Z > servicedesk-web@0.1.0 build
test	Build and Start Frontend	2026-07-29T03:42:18.3662853Z > next build
test	Build and Start Frontend	2026-07-29T03:42:18.3663085Z 
test	Build and Start Frontend	2026-07-29T03:42:18.7310276Z ⚠ No build cache found. Please configure build caching for faster rebuilds. Read more: https://nextjs.org/docs/messages/no-cache
test	Build and Start Frontend	2026-07-29T03:42:18.7399763Z Attention: Next.js now collects completely anonymous telemetry regarding usage.
test	Build and Start Frontend	2026-07-29T03:42:18.7401047Z This information is used to shape Next.js' roadmap and prioritize features.
test	Build and Start Frontend	2026-07-29T03:42:18.7403603Z You can learn more, including how to opt-out if you'd not like to participate in this anonymous program, by visiting the following URL:
test	Build and Start Frontend	2026-07-29T03:42:18.7405165Z https://nextjs.org/telemetry
test	Build and Start Frontend	2026-07-29T03:42:18.7406138Z 
test	Build and Start Frontend	2026-07-29T03:42:18.7677535Z ▲ Next.js 16.2.11 (Turbopack)
test	Build and Start Frontend	2026-07-29T03:42:18.7679813Z 
test	Build and Start Frontend	2026-07-29T03:42:18.8448837Z   Creating an optimized production build ...
test	Build and Start Frontend	2026-07-29T03:42:24.1817467Z ✓ Compiled successfully in 5.1s
test	Build and Start Frontend	2026-07-29T03:42:24.1866815Z   Skipping validation of types
test	Build and Start Frontend	2026-07-29T03:42:24.1936626Z   Finished TypeScript config validation in 8ms ...
test	Build and Start Frontend	2026-07-29T03:42:24.1966477Z   Collecting page data using 3 workers ...
test	Build and Start Frontend	2026-07-29T03:42:24.7171474Z   Generating static pages using 3 workers (0/9) ...
test	Build and Start Frontend	2026-07-29T03:42:25.0651549Z   Generating static pages using 3 workers (2/9) 
test	Build and Start Frontend	2026-07-29T03:42:25.0652794Z   Generating static pages using 3 workers (4/9) 
test	Build and Start Frontend	2026-07-29T03:42:25.0656007Z   Generating static pages using 3 workers (6/9) 
test	Build and Start Frontend	2026-07-29T03:42:25.0829608Z ✓ Generating static pages using 3 workers (9/9) in 366ms
test	Build and Start Frontend	2026-07-29T03:42:25.0883987Z   Finalizing page optimization ...
test	Build and Start Frontend	2026-07-29T03:42:25.2979108Z 
test	Build and Start Frontend	2026-07-29T03:42:25.2998235Z Route (app)
test	Build and Start Frontend	2026-07-29T03:42:25.2999010Z ┌ ○ /
test	Build and Start Frontend	2026-07-29T03:42:25.2999503Z ├ ○ /_not-found
test	Build and Start Frontend	2026-07-29T03:42:25.3000037Z ├ ○ /assets
test	Build and Start Frontend	2026-07-29T03:42:25.3000482Z ├ ○ /audit
test	Build and Start Frontend	2026-07-29T03:42:25.3000931Z ├ ○ /login
test	Build and Start Frontend	2026-07-29T03:42:25.3001378Z ├ ○ /settings
test	Build and Start Frontend	2026-07-29T03:42:25.3001830Z └ ○ /tickets
test	Build and Start Frontend	2026-07-29T03:42:25.3002113Z 
test	Build and Start Frontend	2026-07-29T03:42:25.3002127Z 
test	Build and Start Frontend	2026-07-29T03:42:25.3002685Z ○  (Static)  prerendered as static content
test	Build and Start Frontend	2026-07-29T03:42:25.3003153Z 
test	Build and Start Frontend	2026-07-29T03:42:25.3323922Z Waiting for Frontend to boot...
test	Build and Start Frontend	2026-07-29T03:42:26.5642422Z npm warn exec The following package was not found and will be installed: serve@14.2.6
test	Build and Start Frontend	2026-07-29T03:42:32.8652525Z  INFO  Accepting connections at http://localhost:3000
test	Build and Start Frontend	2026-07-29T03:42:33.4064670Z  HTTP  7/29/2026 3:42:33 AM ::1 GET /
test	Build and Start Frontend	2026-07-29T03:42:33.4113637Z  HTTP  7/29/2026 3:42:33 AM ::1 Returned 200 in 13 ms
test	Build and Start Frontend	2026-07-29T03:42:33.4126729Z Frontend is healthy!
test	Run Playwright Tests	﻿2026-07-29T03:42:38.4172437Z ##[group]Run npx playwright test
test	Run Playwright Tests	2026-07-29T03:42:38.4172753Z ^[[36;1mnpx playwright test^[[0m
test	Run Playwright Tests	2026-07-29T03:42:38.4216663Z shell: /usr/bin/bash -e {0}
test	Run Playwright Tests	2026-07-29T03:42:38.4216899Z env:
test	Run Playwright Tests	2026-07-29T03:42:38.4217086Z   DOTNET_ROOT: /usr/share/dotnet
test	Run Playwright Tests	2026-07-29T03:42:38.4217321Z ##[endgroup]
test	Run Playwright Tests	2026-07-29T03:42:39.5470700Z 
test	Run Playwright Tests	2026-07-29T03:42:39.5472827Z Running 6 tests using 2 workers
test	Run Playwright Tests	2026-07-29T03:43:48.5371411Z ·F·FFT
test	Run Playwright Tests	2026-07-29T03:43:48.5379556Z 
test	Run Playwright Tests	2026-07-29T03:43:48.5389731Z   1) edge-cases.spec.ts:48:7 › Edge Case Matrix › RBAC & RLS Violation Test ────────────────────────
test	Run Playwright Tests	2026-07-29T03:43:48.5390499Z 
test	Run Playwright Tests	2026-07-29T03:43:48.5390905Z     Error: expect(received).toBe(expected) // Object.is equality
test	Run Playwright Tests	2026-07-29T03:43:48.5391405Z 
test	Run Playwright Tests	2026-07-29T03:43:48.5391582Z     Expected: 404
test	Run Playwright Tests	2026-07-29T03:43:48.5391980Z     Received: 200
test	Run Playwright Tests	2026-07-29T03:43:48.5392204Z 
test	Run Playwright Tests	2026-07-29T03:43:48.5392357Z       91 |
test	Run Playwright Tests	2026-07-29T03:43:48.5392918Z       92 |     // RLS should completely hide it, returning 404 Not Found
test	Run Playwright Tests	2026-07-29T03:43:48.5393669Z     > 93 |     expect(fetchRes.status()).toBe(404);
test	Run Playwright Tests	2026-07-29T03:43:48.5394355Z          |                               ^
test	Run Playwright Tests	2026-07-29T03:43:48.5394830Z       94 |   });
test	Run Playwright Tests	2026-07-29T03:43:48.5395174Z       95 | });
test	Run Playwright Tests	2026-07-29T03:43:48.5395504Z       96 |
test	Run Playwright Tests	2026-07-29T03:43:48.5396445Z         at /home/runner/work/ServiceDesk/ServiceDesk/e2e/edge-cases.spec.ts:93:31
test	Run Playwright Tests	2026-07-29T03:43:48.5397056Z 
test	Run Playwright Tests	2026-07-29T03:43:48.5397789Z     Error Context: test-results/edge-cases-Edge-Case-Matrix-RBAC-RLS-Violation-Test/error-context.md
test	Run Playwright Tests	2026-07-29T03:43:48.5398583Z 
test	Run Playwright Tests	2026-07-29T03:43:48.5399449Z     attachment #2: trace (application/zip) ─────────────────────────────────────────────────────────
test	Run Playwright Tests	2026-07-29T03:43:48.5400686Z     test-results/edge-cases-Edge-Case-Matrix-RBAC-RLS-Violation-Test/trace.zip
test	Run Playwright Tests	2026-07-29T03:43:48.5401488Z     Usage:
test	Run Playwright Tests	2026-07-29T03:43:48.5401696Z 
test	Run Playwright Tests	2026-07-29T03:43:48.5402492Z         npx playwright show-trace test-results/edge-cases-Edge-Case-Matrix-RBAC-RLS-Violation-Test/trace.zip
test	Run Playwright Tests	2026-07-29T03:43:48.5403338Z 
test	Run Playwright Tests	2026-07-29T03:43:48.5404142Z     ────────────────────────────────────────────────────────────────────────────────────────────────
test	Run Playwright Tests	2026-07-29T03:43:48.5404736Z 
test	Run Playwright Tests	2026-07-29T03:43:48.5405639Z   2) exhaustive-ticket-flow.spec.ts:25:7 › Exhaustive Ticket Flow Matrix › The Modal Deep-Dive ─────
test	Run Playwright Tests	2026-07-29T03:43:48.5407969Z 
test	Run Playwright Tests	2026-07-29T03:43:48.5408283Z     Error: expect(locator).toBeVisible() failed
test	Run Playwright Tests	2026-07-29T03:43:48.5408746Z 
test	Run Playwright Tests	2026-07-29T03:43:48.5409040Z     Locator: locator('text=Dashboard').first()
test	Run Playwright Tests	2026-07-29T03:43:48.5409613Z     Expected: visible
test	Run Playwright Tests	2026-07-29T03:43:48.5410058Z     Timeout: 5000ms
test	Run Playwright Tests	2026-07-29T03:43:48.5410507Z     Error: element(s) not found
test	Run Playwright Tests	2026-07-29T03:43:48.5410800Z 
test	Run Playwright Tests	2026-07-29T03:43:48.5410960Z     Call log:
test	Run Playwright Tests	2026-07-29T03:43:48.5411445Z       - Expect "toBeVisible" with timeout 5000ms
test	Run Playwright Tests	2026-07-29T03:43:48.5412136Z       - waiting for locator('text=Dashboard').first()
test	Run Playwright Tests	2026-07-29T03:43:48.5412572Z 
test	Run Playwright Tests	2026-07-29T03:43:48.5412589Z 
test	Run Playwright Tests	2026-07-29T03:43:48.5412738Z       16 |     
test	Run Playwright Tests	2026-07-29T03:43:48.5413371Z       17 |     // Wait for Dashboard to appear, confirming successful login
test	Run Playwright Tests	2026-07-29T03:43:48.5414347Z     > 18 |     await expect(page.locator('text=Dashboard').first()).toBeVisible();
test	Run Playwright Tests	2026-07-29T03:43:48.5415203Z          |                                                          ^
test	Run Playwright Tests	2026-07-29T03:43:48.5415743Z       19 |     
test	Run Playwright Tests	2026-07-29T03:43:48.5416298Z       20 |     // Navigate to Ticket Board
test	Run Playwright Tests	2026-07-29T03:43:48.5416694Z       21 |     await page.click('nav a:has-text("Ticket Board")');
test	Run Playwright Tests	2026-07-29T03:43:48.5417269Z         at /home/runner/work/ServiceDesk/ServiceDesk/e2e/exhaustive-ticket-flow.spec.ts:18:58
test	Run Playwright Tests	2026-07-29T03:43:48.5417952Z 
test	Run Playwright Tests	2026-07-29T03:43:48.5418444Z     attachment #1: screenshot (image/png) ──────────────────────────────────────────────────────────
test	Run Playwright Tests	2026-07-29T03:43:48.5419184Z     test-results/exhaustive-ticket-flow-Exh-61d46--Matrix-The-Modal-Deep-Dive/test-failed-1.png
test	Run Playwright Tests	2026-07-29T03:43:48.5419989Z     ────────────────────────────────────────────────────────────────────────────────────────────────
test	Run Playwright Tests	2026-07-29T03:43:48.5420541Z 
test	Run Playwright Tests	2026-07-29T03:43:48.5421003Z     attachment #2: video (video/webm) ──────────────────────────────────────────────────────────────
test	Run Playwright Tests	2026-07-29T03:43:48.5421697Z     test-results/exhaustive-ticket-flow-Exh-61d46--Matrix-The-Modal-Deep-Dive/video.webm
test	Run Playwright Tests	2026-07-29T03:43:48.5422461Z     ────────────────────────────────────────────────────────────────────────────────────────────────
test	Run Playwright Tests	2026-07-29T03:43:48.5422765Z 
test	Run Playwright Tests	2026-07-29T03:43:48.5423202Z     Error Context: test-results/exhaustive-ticket-flow-Exh-61d46--Matrix-The-Modal-Deep-Dive/error-context.md
test	Run Playwright Tests	2026-07-29T03:43:48.5423729Z 
test	Run Playwright Tests	2026-07-29T03:43:48.5424134Z     attachment #4: trace (application/zip) ─────────────────────────────────────────────────────────
test	Run Playwright Tests	2026-07-29T03:43:48.5424865Z     test-results/exhaustive-ticket-flow-Exh-61d46--Matrix-The-Modal-Deep-Dive/trace.zip
test	Run Playwright Tests	2026-07-29T03:43:48.5425450Z     Usage:
test	Run Playwright Tests	2026-07-29T03:43:48.5425590Z 
test	Run Playwright Tests	2026-07-29T03:43:48.5426457Z         npx playwright show-trace test-results/exhaustive-ticket-flow-Exh-61d46--Matrix-The-Modal-Deep-Dive/trace.zip
test	Run Playwright Tests	2026-07-29T03:43:48.5426985Z 
test	Run Playwright Tests	2026-07-29T03:43:48.5427495Z     ────────────────────────────────────────────────────────────────────────────────────────────────
test	Run Playwright Tests	2026-07-29T03:43:48.5427913Z 
test	Run Playwright Tests	2026-07-29T03:43:48.5429089Z   3) exhaustive-ticket-flow.spec.ts:52:7 › Exhaustive Ticket Flow Matrix › Exhaustive Creation, Status Matrix, Assignee Mod, Board Filter 
test	Run Playwright Tests	2026-07-29T03:43:48.5429812Z 
test	Run Playwright Tests	2026-07-29T03:43:48.5429981Z     Error: expect(locator).toBeVisible() failed
test	Run Playwright Tests	2026-07-29T03:43:48.5430210Z 
test	Run Playwright Tests	2026-07-29T03:43:48.5430354Z     Locator: locator('text=Dashboard').first()
test	Run Playwright Tests	2026-07-29T03:43:48.5430653Z     Expected: visible
test	Run Playwright Tests	2026-07-29T03:43:48.5430865Z     Timeout: 5000ms
test	Run Playwright Tests	2026-07-29T03:43:48.5431095Z     Error: element(s) not found
test	Run Playwright Tests	2026-07-29T03:43:48.5431248Z 
test	Run Playwright Tests	2026-07-29T03:43:48.5431328Z     Call log:
test	Run Playwright Tests	2026-07-29T03:43:48.5431579Z       - Expect "toBeVisible" with timeout 5000ms
test	Run Playwright Tests	2026-07-29T03:43:48.5431932Z       - waiting for locator('text=Dashboard').first()
test	Run Playwright Tests	2026-07-29T03:43:48.5432155Z 
test	Run Playwright Tests	2026-07-29T03:43:48.5432161Z 
test	Run Playwright Tests	2026-07-29T03:43:48.5432235Z       16 |     
test	Run Playwright Tests	2026-07-29T03:43:48.5432552Z       17 |     // Wait for Dashboard to appear, confirming successful login
test	Run Playwright Tests	2026-07-29T03:43:48.5433062Z     > 18 |     await expect(page.locator('text=Dashboard').first()).toBeVisible();
test	Run Playwright Tests	2026-07-29T03:43:48.5433509Z          |                                                          ^
test	Run Playwright Tests	2026-07-29T03:43:48.5433789Z       19 |     
test	Run Playwright Tests	2026-07-29T03:43:48.5434015Z       20 |     // Navigate to Ticket Board
test	Run Playwright Tests	2026-07-29T03:43:48.5434600Z       21 |     await page.click('nav a:has-text("Ticket Board")');
test	Run Playwright Tests	2026-07-29T03:43:48.5435157Z         at /home/runner/work/ServiceDesk/ServiceDesk/e2e/exhaustive-ticket-flow.spec.ts:18:58
test	Run Playwright Tests	2026-07-29T03:43:48.5435537Z 
test	Run Playwright Tests	2026-07-29T03:43:48.5436699Z     attachment #1: screenshot (image/png) ──────────────────────────────────────────────────────────
test	Run Playwright Tests	2026-07-29T03:43:48.5437535Z     test-results/exhaustive-ticket-flow-Exh-2eb3e-x-Assignee-Mod-Board-Filter/test-failed-1.png
test	Run Playwright Tests	2026-07-29T03:43:48.5438505Z     ────────────────────────────────────────────────────────────────────────────────────────────────
test	Run Playwright Tests	2026-07-29T03:43:48.5438793Z 
test	Run Playwright Tests	2026-07-29T03:43:48.5439179Z     attachment #2: video (video/webm) ──────────────────────────────────────────────────────────────
test	Run Playwright Tests	2026-07-29T03:43:48.5439822Z     test-results/exhaustive-ticket-flow-Exh-2eb3e-x-Assignee-Mod-Board-Filter/video.webm
test	Run Playwright Tests	2026-07-29T03:43:48.5440530Z     ────────────────────────────────────────────────────────────────────────────────────────────────
test	Run Playwright Tests	2026-07-29T03:43:48.5440816Z 
test	Run Playwright Tests	2026-07-29T03:43:48.5441221Z     Error Context: test-results/exhaustive-ticket-flow-Exh-2eb3e-x-Assignee-Mod-Board-Filter/error-context.md
test	Run Playwright Tests	2026-07-29T03:43:48.5441671Z 
test	Run Playwright Tests	2026-07-29T03:43:48.5442048Z     attachment #4: trace (application/zip) ─────────────────────────────────────────────────────────
test	Run Playwright Tests	2026-07-29T03:43:48.5443016Z     test-results/exhaustive-ticket-flow-Exh-2eb3e-x-Assignee-Mod-Board-Filter/trace.zip
test	Run Playwright Tests	2026-07-29T03:43:48.5443855Z     Usage:
test	Run Playwright Tests	2026-07-29T03:43:48.5444030Z 
test	Run Playwright Tests	2026-07-29T03:43:48.5444832Z         npx playwright show-trace test-results/exhaustive-ticket-flow-Exh-2eb3e-x-Assignee-Mod-Board-Filter/trace.zip
test	Run Playwright Tests	2026-07-29T03:43:48.5445662Z 
test	Run Playwright Tests	2026-07-29T03:43:48.5446493Z     ────────────────────────────────────────────────────────────────────────────────────────────────
test	Run Playwright Tests	2026-07-29T03:43:48.5446987Z 
test	Run Playwright Tests	2026-07-29T03:43:48.5447710Z   4) tests/ticket-lifecycle.spec.ts:6:5 › login, create ticket, move to InProgress, Resolve ────────
test	Run Playwright Tests	2026-07-29T03:43:48.5448360Z 
test	Run Playwright Tests	2026-07-29T03:43:48.5448576Z     Test timeout of 60000ms exceeded.
test	Run Playwright Tests	2026-07-29T03:43:48.5448879Z 
test	Run Playwright Tests	2026-07-29T03:43:48.5449198Z     Error: page.waitForURL: Test timeout of 60000ms exceeded.
test	Run Playwright Tests	2026-07-29T03:43:48.5449861Z     =========================== logs ===========================
test	Run Playwright Tests	2026-07-29T03:43:48.5450553Z     waiting for navigation to "http://localhost:3000/" until "load"
test	Run Playwright Tests	2026-07-29T03:43:48.5451240Z     ============================================================
test	Run Playwright Tests	2026-07-29T03:43:48.5451586Z 
test	Run Playwright Tests	2026-07-29T03:43:48.5451950Z       60 |   await page.fill('input[type="password"]', 'Password123!');
test	Run Playwright Tests	2026-07-29T03:43:48.5452652Z       61 |   await page.click('button[type="submit"]');
test	Run Playwright Tests	2026-07-29T03:43:48.5453253Z     > 62 |   await page.waitForURL(FRONTEND_URL + '/');
test	Run Playwright Tests	2026-07-29T03:43:48.5453757Z          |              ^
test	Run Playwright Tests	2026-07-29T03:43:48.5454116Z       63 |   
test	Run Playwright Tests	2026-07-29T03:43:48.5454609Z       64 |   await page.click('nav a:has-text("Ticket Board")');
test	Run Playwright Tests	2026-07-29T03:43:48.5455423Z       65 |   await expect(page.locator('text=Tickets').first()).toBeVisible();
test	Run Playwright Tests	2026-07-29T03:43:48.5456833Z         at /home/runner/work/ServiceDesk/ServiceDesk/e2e/tests/ticket-lifecycle.spec.ts:62:14
test	Run Playwright Tests	2026-07-29T03:43:48.5457484Z 
test	Run Playwright Tests	2026-07-29T03:43:48.5458206Z     attachment #1: screenshot (image/png) ──────────────────────────────────────────────────────────
test	Run Playwright Tests	2026-07-29T03:43:48.5459496Z     test-results/tests-ticket-lifecycle-log-3bdbe--move-to-InProgress-Resolve/test-failed-1.png
test	Run Playwright Tests	2026-07-29T03:43:48.5461003Z     ────────────────────────────────────────────────────────────────────────────────────────────────
test	Run Playwright Tests	2026-07-29T03:43:48.5461484Z 
test	Run Playwright Tests	2026-07-29T03:43:48.5462165Z     attachment #2: video (video/webm) ──────────────────────────────────────────────────────────────
test	Run Playwright Tests	2026-07-29T03:43:48.5463344Z     test-results/tests-ticket-lifecycle-log-3bdbe--move-to-InProgress-Resolve/video.webm
test	Run Playwright Tests	2026-07-29T03:43:48.5464631Z     ────────────────────────────────────────────────────────────────────────────────────────────────
test	Run Playwright Tests	2026-07-29T03:43:48.5465155Z 
test	Run Playwright Tests	2026-07-29T03:43:48.5466104Z     Error Context: test-results/tests-ticket-lifecycle-log-3bdbe--move-to-InProgress-Resolve/error-context.md
test	Run Playwright Tests	2026-07-29T03:43:48.5466931Z 
test	Run Playwright Tests	2026-07-29T03:43:48.5467620Z     attachment #4: trace (application/zip) ─────────────────────────────────────────────────────────
test	Run Playwright Tests	2026-07-29T03:43:48.5468782Z     test-results/tests-ticket-lifecycle-log-3bdbe--move-to-InProgress-Resolve/trace.zip
test	Run Playwright Tests	2026-07-29T03:43:48.5469591Z     Usage:
test	Run Playwright Tests	2026-07-29T03:43:48.5469798Z 
test	Run Playwright Tests	2026-07-29T03:43:48.5470602Z         npx playwright show-trace test-results/tests-ticket-lifecycle-log-3bdbe--move-to-InProgress-Resolve/trace.zip
test	Run Playwright Tests	2026-07-29T03:43:48.5471456Z 
test	Run Playwright Tests	2026-07-29T03:43:48.5472063Z     ────────────────────────────────────────────────────────────────────────────────────────────────
test	Run Playwright Tests	2026-07-29T03:43:48.5472542Z 
test	Run Playwright Tests	2026-07-29T03:43:48.5472677Z   4 failed
test	Run Playwright Tests	2026-07-29T03:43:48.5473561Z     edge-cases.spec.ts:48:7 › Edge Case Matrix › RBAC & RLS Violation Test ─────────────────────────
test	Run Playwright Tests	2026-07-29T03:43:48.5474920Z     exhaustive-ticket-flow.spec.ts:25:7 › Exhaustive Ticket Flow Matrix › The Modal Deep-Dive ──────
test	Run Playwright Tests	2026-07-29T03:43:48.5476840Z     exhaustive-ticket-flow.spec.ts:52:7 › Exhaustive Ticket Flow Matrix › Exhaustive Creation, Status Matrix, Assignee Mod, Board Filter 
test	Run Playwright Tests	2026-07-29T03:43:48.5478474Z     tests/ticket-lifecycle.spec.ts:6:5 › login, create ticket, move to InProgress, Resolve ─────────
test	Run Playwright Tests	2026-07-29T03:43:48.5479297Z   2 passed (1.2m)
test	Run Playwright Tests	2026-07-29T03:43:48.5598822Z ##[error]Process completed with exit code 1.
test	Upload Playwright Report (Visual Proof)	﻿2026-07-29T03:43:48.5648728Z Node 20 is being deprecated. This workflow is running with Node 24 by default. If you need to temporarily use Node 20, you can set the ACTIONS_ALLOW_USE_UNSECURE_NODE_VERSION=true environment variable. For more information see: https://github.blog/changelog/2025-09-19-deprecation-of-node-20-on-github-actions-runners/
test	Upload Playwright Report (Visual Proof)	2026-07-29T03:43:48.5650011Z ##[group]Run actions/upload-artifact@v4
test	Upload Playwright Report (Visual Proof)	2026-07-29T03:43:48.5650271Z with:
test	Upload Playwright Report (Visual Proof)	2026-07-29T03:43:48.5650460Z   name: playwright-report
test	Upload Playwright Report (Visual Proof)	2026-07-29T03:43:48.5651104Z   path: e2e/playwright-report/
test	Upload Playwright Report (Visual Proof)	2026-07-29T03:43:48.5651502Z   retention-days: 7
test	Upload Playwright Report (Visual Proof)	2026-07-29T03:43:48.5651858Z   if-no-files-found: warn
test	Upload Playwright Report (Visual Proof)	2026-07-29T03:43:48.5652206Z   compression-level: 6
test	Upload Playwright Report (Visual Proof)	2026-07-29T03:43:48.5664056Z   overwrite: false
test	Upload Playwright Report (Visual Proof)	2026-07-29T03:43:48.5664310Z   include-hidden-files: false
test	Upload Playwright Report (Visual Proof)	2026-07-29T03:43:48.5664552Z env:
test	Upload Playwright Report (Visual Proof)	2026-07-29T03:43:48.5664741Z   DOTNET_ROOT: /usr/share/dotnet
test	Upload Playwright Report (Visual Proof)	2026-07-29T03:43:48.5664972Z ##[endgroup]
test	Upload Playwright Report (Visual Proof)	2026-07-29T03:43:48.7255842Z (node:7539) [DEP0040] DeprecationWarning: The `punycode` module is deprecated. Please use a userland alternative instead.
test	Upload Playwright Report (Visual Proof)	2026-07-29T03:43:48.7257812Z (Use `node --trace-deprecation ...` to show where the warning was created)
test	Upload Playwright Report (Visual Proof)	2026-07-29T03:43:48.7287189Z ##[warning]No files were found with the provided path: e2e/playwright-report/. No artifacts will be uploaded.
test	Dump API Logs on Failure	﻿2026-07-29T03:43:48.7430801Z ##[group]Run if [ -f api.log ]; then
test	Dump API Logs on Failure	2026-07-29T03:43:48.7431127Z ^[[36;1mif [ -f api.log ]; then^[[0m
test	Dump API Logs on Failure	2026-07-29T03:43:48.7431398Z ^[[36;1m  echo "=== API STACK TRACE LOGS ==="^[[0m
test	Dump API Logs on Failure	2026-07-29T03:43:48.7431693Z ^[[36;1m  cat api.log^[[0m
test	Dump API Logs on Failure	2026-07-29T03:43:48.7431897Z ^[[36;1mfi^[[0m
test	Dump API Logs on Failure	2026-07-29T03:43:48.7476156Z shell: /usr/bin/bash -e {0}
test	Dump API Logs on Failure	2026-07-29T03:43:48.7476457Z env:
test	Dump API Logs on Failure	2026-07-29T03:43:48.7476666Z   DOTNET_ROOT: /usr/share/dotnet
test	Dump API Logs on Failure	2026-07-29T03:43:48.7476907Z ##[endgroup]
test	Dump API Logs on Failure	2026-07-29T03:43:48.7557264Z === API STACK TRACE LOGS ===
test	Dump API Logs on Failure	2026-07-29T03:43:48.7563471Z Using launch settings from src/ServiceDesk.Api/Properties/launchSettings.json...
test	Dump API Logs on Failure	2026-07-29T03:43:48.7563929Z Building...
test	Dump API Logs on Failure	2026-07-29T03:43:48.7564330Z info: Microsoft.EntityFrameworkCore.Database.Command[20101]
test	Dump API Logs on Failure	2026-07-29T03:43:48.7565093Z       Executed DbCommand (7ms) [Parameters=[@__normalizedName_0='?'], CommandType='Text', CommandTimeout='30']
test	Dump API Logs on Failure	2026-07-29T03:43:48.7565746Z       SELECT a."Id", a."ConcurrencyStamp", a."Name", a."NormalizedName"
test	Dump API Logs on Failure	2026-07-29T03:43:48.7566694Z       FROM "AspNetRoles" AS a
test	Dump API Logs on Failure	2026-07-29T03:43:48.7567268Z       WHERE a."NormalizedName" = @__normalizedName_0
test	Dump API Logs on Failure	2026-07-29T03:43:48.7567793Z       LIMIT 1
test	Dump API Logs on Failure	2026-07-29T03:43:48.7568658Z info: Microsoft.EntityFrameworkCore.Database.Command[20101]
test	Dump API Logs on Failure	2026-07-29T03:43:48.7569782Z       Executed DbCommand (0ms) [Parameters=[@__normalizedName_0='?'], CommandType='Text', CommandTimeout='30']
test	Dump API Logs on Failure	2026-07-29T03:43:48.7570883Z       SELECT a."Id", a."ConcurrencyStamp", a."Name", a."NormalizedName"
test	Dump API Logs on Failure	2026-07-29T03:43:48.7571536Z       FROM "AspNetRoles" AS a
test	Dump API Logs on Failure	2026-07-29T03:43:48.7572065Z       WHERE a."NormalizedName" = @__normalizedName_0
test	Dump API Logs on Failure	2026-07-29T03:43:48.7572373Z       LIMIT 1
test	Dump API Logs on Failure	2026-07-29T03:43:48.7572878Z info: Microsoft.EntityFrameworkCore.Database.Command[20101]
test	Dump API Logs on Failure	2026-07-29T03:43:48.7574185Z       Executed DbCommand (2ms) [Parameters=[@p0='?', @p1='?', @p2='?', @p3='?'], CommandType='Text', CommandTimeout='30']
test	Dump API Logs on Failure	2026-07-29T03:43:48.7575713Z       INSERT INTO "AspNetRoles" ("Id", "ConcurrencyStamp", "Name", "NormalizedName")
test	Dump API Logs on Failure	2026-07-29T03:43:48.7576897Z       VALUES (@p0, @p1, @p2, @p3);
test	Dump API Logs on Failure	2026-07-29T03:43:48.7577887Z info: Microsoft.EntityFrameworkCore.Database.Command[20101]
test	Dump API Logs on Failure	2026-07-29T03:43:48.7579252Z       Executed DbCommand (0ms) [Parameters=[@__normalizedName_0='?'], CommandType='Text', CommandTimeout='30']
test	Dump API Logs on Failure	2026-07-29T03:43:48.7580554Z       SELECT a."Id", a."ConcurrencyStamp", a."Name", a."NormalizedName"
test	Dump API Logs on Failure	2026-07-29T03:43:48.7581288Z       FROM "AspNetRoles" AS a
test	Dump API Logs on Failure	2026-07-29T03:43:48.7581900Z       WHERE a."NormalizedName" = @__normalizedName_0
test	Dump API Logs on Failure	2026-07-29T03:43:48.7582483Z       LIMIT 1
test	Dump API Logs on Failure	2026-07-29T03:43:48.7583288Z info: Microsoft.EntityFrameworkCore.Database.Command[20101]
test	Dump API Logs on Failure	2026-07-29T03:43:48.7584538Z       Executed DbCommand (0ms) [Parameters=[@__normalizedName_0='?'], CommandType='Text', CommandTimeout='30']
test	Dump API Logs on Failure	2026-07-29T03:43:48.7585594Z       SELECT a."Id", a."ConcurrencyStamp", a."Name", a."NormalizedName"
test	Dump API Logs on Failure	2026-07-29T03:43:48.7586432Z       FROM "AspNetRoles" AS a
test	Dump API Logs on Failure	2026-07-29T03:43:48.7586971Z       WHERE a."NormalizedName" = @__normalizedName_0
test	Dump API Logs on Failure	2026-07-29T03:43:48.7587490Z       LIMIT 1
test	Dump API Logs on Failure	2026-07-29T03:43:48.7588140Z info: Microsoft.EntityFrameworkCore.Database.Command[20101]
test	Dump API Logs on Failure	2026-07-29T03:43:48.7589489Z       Executed DbCommand (1ms) [Parameters=[@p0='?', @p1='?', @p2='?', @p3='?'], CommandType='Text', CommandTimeout='30']
test	Dump API Logs on Failure	2026-07-29T03:43:48.7590304Z       INSERT INTO "AspNetRoles" ("Id", "ConcurrencyStamp", "Name", "NormalizedName")
test	Dump API Logs on Failure	2026-07-29T03:43:48.7590909Z       VALUES (@p0, @p1, @p2, @p3);
test	Dump API Logs on Failure	2026-07-29T03:43:48.7591347Z info: Microsoft.EntityFrameworkCore.Database.Command[20101]
test	Dump API Logs on Failure	2026-07-29T03:43:48.7591971Z       Executed DbCommand (0ms) [Parameters=[@__normalizedName_0='?'], CommandType='Text', CommandTimeout='30']
test	Dump API Logs on Failure	2026-07-29T03:43:48.7593005Z       SELECT a."Id", a."ConcurrencyStamp", a."Name", a."NormalizedName"
test	Dump API Logs on Failure	2026-07-29T03:43:48.7593874Z       FROM "AspNetRoles" AS a
test	Dump API Logs on Failure	2026-07-29T03:43:48.7594536Z       WHERE a."NormalizedName" = @__normalizedName_0
test	Dump API Logs on Failure	2026-07-29T03:43:48.7595170Z       LIMIT 1
test	Dump API Logs on Failure	2026-07-29T03:43:48.7596600Z info: Microsoft.EntityFrameworkCore.Database.Command[20101]
test	Dump API Logs on Failure	2026-07-29T03:43:48.7598090Z       Executed DbCommand (0ms) [Parameters=[@__normalizedName_0='?'], CommandType='Text', CommandTimeout='30']
test	Dump API Logs on Failure	2026-07-29T03:43:48.7599515Z       SELECT a."Id", a."ConcurrencyStamp", a."Name", a."NormalizedName"
test	Dump API Logs on Failure	2026-07-29T03:43:48.7600348Z       FROM "AspNetRoles" AS a
test	Dump API Logs on Failure	2026-07-29T03:43:48.7600938Z       WHERE a."NormalizedName" = @__normalizedName_0
test	Dump API Logs on Failure	2026-07-29T03:43:48.7601432Z       LIMIT 1
test	Dump API Logs on Failure	2026-07-29T03:43:48.7602069Z info: Microsoft.EntityFrameworkCore.Database.Command[20101]
test	Dump API Logs on Failure	2026-07-29T03:43:48.7603147Z       Executed DbCommand (1ms) [Parameters=[@p0='?', @p1='?', @p2='?', @p3='?'], CommandType='Text', CommandTimeout='30']
test	Dump API Logs on Failure	2026-07-29T03:43:48.7604261Z       INSERT INTO "AspNetRoles" ("Id", "ConcurrencyStamp", "Name", "NormalizedName")
test	Dump API Logs on Failure	2026-07-29T03:43:48.7604996Z       VALUES (@p0, @p1, @p2, @p3);
test	Dump API Logs on Failure	2026-07-29T03:43:48.7605758Z info: Microsoft.EntityFrameworkCore.Database.Command[20101]
test	Dump API Logs on Failure	2026-07-29T03:43:48.7607119Z       Executed DbCommand (1ms) [Parameters=[@__normalizedEmail_0='?'], CommandType='Text', CommandTimeout='30']
test	Dump API Logs on Failure	2026-07-29T03:43:48.7610498Z       SELECT a."Id", a."AccessFailedCount", a."AvatarUrl", a."ConcurrencyStamp", a."DepartmentId", a."Email", a."EmailConfirmed", a."FullName", a."LockoutEnabled", a."LockoutEnd", a."NormalizedEmail", a."NormalizedUserName", a."PasswordHash", a."PhoneNumber", a."PhoneNumberConfirmed", a."SecurityStamp", a."TwoFactorEnabled", a."UserName"
test	Dump API Logs on Failure	2026-07-29T03:43:48.7612450Z       FROM "AspNetUsers" AS a
test	Dump API Logs on Failure	2026-07-29T03:43:48.7612787Z       WHERE a."NormalizedEmail" = @__normalizedEmail_0
test	Dump API Logs on Failure	2026-07-29T03:43:48.7613087Z       LIMIT 2
test	Dump API Logs on Failure	2026-07-29T03:43:48.7613471Z info: Microsoft.EntityFrameworkCore.Database.Command[20101]
test	Dump API Logs on Failure	2026-07-29T03:43:48.7614120Z       Executed DbCommand (0ms) [Parameters=[@__normalizedUserName_0='?'], CommandType='Text', CommandTimeout='30']
test	Dump API Logs on Failure	2026-07-29T03:43:48.7615724Z       SELECT a."Id", a."AccessFailedCount", a."AvatarUrl", a."ConcurrencyStamp", a."DepartmentId", a."Email", a."EmailConfirmed", a."FullName", a."LockoutEnabled", a."LockoutEnd", a."NormalizedEmail", a."NormalizedUserName", a."PasswordHash", a."PhoneNumber", a."PhoneNumberConfirmed", a."SecurityStamp", a."TwoFactorEnabled", a."UserName"
test	Dump API Logs on Failure	2026-07-29T03:43:48.7617546Z       FROM "AspNetUsers" AS a
test	Dump API Logs on Failure	2026-07-29T03:43:48.7618131Z       WHERE a."NormalizedUserName" = @__normalizedUserName_0
test	Dump API Logs on Failure	2026-07-29T03:43:48.7618671Z       LIMIT 1
test	Dump API Logs on Failure	2026-07-29T03:43:48.7619318Z info: Microsoft.EntityFrameworkCore.Database.Command[20101]
test	Dump API Logs on Failure	2026-07-29T03:43:48.7620419Z       Executed DbCommand (1ms) [Parameters=[@__normalizedEmail_0='?'], CommandType='Text', CommandTimeout='30']
test	Dump API Logs on Failure	2026-07-29T03:43:48.7623309Z       SELECT a."Id", a."AccessFailedCount", a."AvatarUrl", a."ConcurrencyStamp", a."DepartmentId", a."Email", a."EmailConfirmed", a."FullName", a."LockoutEnabled", a."LockoutEnd", a."NormalizedEmail", a."NormalizedUserName", a."PasswordHash", a."PhoneNumber", a."PhoneNumberConfirmed", a."SecurityStamp", a."TwoFactorEnabled", a."UserName"
test	Dump API Logs on Failure	2026-07-29T03:43:48.7624687Z       FROM "AspNetUsers" AS a
test	Dump API Logs on Failure	2026-07-29T03:43:48.7625223Z       WHERE a."NormalizedEmail" = @__normalizedEmail_0
test	Dump API Logs on Failure	2026-07-29T03:43:48.7625814Z       LIMIT 2
test	Dump API Logs on Failure	2026-07-29T03:43:48.7626690Z info: Microsoft.EntityFrameworkCore.Database.Command[20101]
test	Dump API Logs on Failure	2026-07-29T03:43:48.7628539Z       Executed DbCommand (4ms) [Parameters=[@p0='?', @p1='?' (DbType = Int32), @p2='?', @p3='?', @p4='?' (DbType = Guid), @p5='?', @p6='?' (DbType = Boolean), @p7='?', @p8='?' (DbType = Boolean), @p9='?' (DbType = DateTime), @p10='?', @p11='?', @p12='?', @p13='?', @p14='?' (DbType = Boolean), @p15='?', @p16='?' (DbType = Boolean), @p17='?'], CommandType='Text', CommandTimeout='30']
test	Dump API Logs on Failure	2026-07-29T03:43:48.7633173Z       INSERT INTO "AspNetUsers" ("Id", "AccessFailedCount", "AvatarUrl", "ConcurrencyStamp", "DepartmentId", "Email", "EmailConfirmed", "FullName", "LockoutEnabled", "LockoutEnd", "NormalizedEmail", "NormalizedUserName", "PasswordHash", "PhoneNumber", "PhoneNumberConfirmed", "SecurityStamp", "TwoFactorEnabled", "UserName")
test	Dump API Logs on Failure	2026-07-29T03:43:48.7636784Z       VALUES (@p0, @p1, @p2, @p3, @p4, @p5, @p6, @p7, @p8, @p9, @p10, @p11, @p12, @p13, @p14, @p15, @p16, @p17);
test	Dump API Logs on Failure	2026-07-29T03:43:48.7637827Z info: Microsoft.EntityFrameworkCore.Database.Command[20101]
test	Dump API Logs on Failure	2026-07-29T03:43:48.7639013Z       Executed DbCommand (0ms) [Parameters=[@__normalizedRoleName_0='?'], CommandType='Text', CommandTimeout='30']
test	Dump API Logs on Failure	2026-07-29T03:43:48.7640041Z       SELECT a."Id", a."ConcurrencyStamp", a."Name", a."NormalizedName"
test	Dump API Logs on Failure	2026-07-29T03:43:48.7640520Z       FROM "AspNetRoles" AS a
test	Dump API Logs on Failure	2026-07-29T03:43:48.7640918Z       WHERE a."NormalizedName" = @__normalizedRoleName_0
test	Dump API Logs on Failure	2026-07-29T03:43:48.7641275Z       LIMIT 2
test	Dump API Logs on Failure	2026-07-29T03:43:48.7641731Z info: Microsoft.EntityFrameworkCore.Database.Command[20101]
test	Dump API Logs on Failure	2026-07-29T03:43:48.7642475Z       Executed DbCommand (1ms) [Parameters=[@__p_0='?', @__p_1='?'], CommandType='Text', CommandTimeout='30']
test	Dump API Logs on Failure	2026-07-29T03:43:48.7643264Z       SELECT a."UserId", a."RoleId"
test	Dump API Logs on Failure	2026-07-29T03:43:48.7643565Z       FROM "AspNetUserRoles" AS a
test	Dump API Logs on Failure	2026-07-29T03:43:48.7643883Z       WHERE a."UserId" = @__p_0 AND a."RoleId" = @__p_1
test	Dump API Logs on Failure	2026-07-29T03:43:48.7644306Z       LIMIT 1
test	Dump API Logs on Failure	2026-07-29T03:43:48.7644780Z info: Microsoft.EntityFrameworkCore.Database.Command[20101]
test	Dump API Logs on Failure	2026-07-29T03:43:48.7645482Z       Executed DbCommand (0ms) [Parameters=[@__normalizedRoleName_0='?'], CommandType='Text', CommandTimeout='30']
test	Dump API Logs on Failure	2026-07-29T03:43:48.7646506Z       SELECT a."Id", a."ConcurrencyStamp", a."Name", a."NormalizedName"
test	Dump API Logs on Failure	2026-07-29T03:43:48.7646881Z       FROM "AspNetRoles" AS a
test	Dump API Logs on Failure	2026-07-29T03:43:48.7647198Z       WHERE a."NormalizedName" = @__normalizedRoleName_0
test	Dump API Logs on Failure	2026-07-29T03:43:48.7647492Z       LIMIT 2
test	Dump API Logs on Failure	2026-07-29T03:43:48.7648049Z info: Microsoft.EntityFrameworkCore.Database.Command[20101]
test	Dump API Logs on Failure	2026-07-29T03:43:48.7649697Z       Executed DbCommand (0ms) [Parameters=[@__normalizedUserName_0='?'], CommandType='Text', CommandTimeout='30']
test	Dump API Logs on Failure	2026-07-29T03:43:48.7653999Z       SELECT a."Id", a."AccessFailedCount", a."AvatarUrl", a."ConcurrencyStamp", a."DepartmentId", a."Email", a."EmailConfirmed", a."FullName", a."LockoutEnabled", a."LockoutEnd", a."NormalizedEmail", a."NormalizedUserName", a."PasswordHash", a."PhoneNumber", a."PhoneNumberConfirmed", a."SecurityStamp", a."TwoFactorEnabled", a."UserName"
test	Dump API Logs on Failure	2026-07-29T03:43:48.7657041Z       FROM "AspNetUsers" AS a
test	Dump API Logs on Failure	2026-07-29T03:43:48.7657529Z       WHERE a."NormalizedUserName" = @__normalizedUserName_0
test	Dump API Logs on Failure	2026-07-29T03:43:48.7658269Z       LIMIT 1
test	Dump API Logs on Failure	2026-07-29T03:43:48.7659147Z info: Microsoft.EntityFrameworkCore.Database.Command[20101]
test	Dump API Logs on Failure	2026-07-29T03:43:48.7660303Z       Executed DbCommand (1ms) [Parameters=[@__normalizedEmail_0='?'], CommandType='Text', CommandTimeout='30']
test	Dump API Logs on Failure	2026-07-29T03:43:48.7662722Z       SELECT a."Id", a."AccessFailedCount", a."AvatarUrl", a."ConcurrencyStamp", a."DepartmentId", a."Email", a."EmailConfirmed", a."FullName", a."LockoutEnabled", a."LockoutEnd", a."NormalizedEmail", a."NormalizedUserName", a."PasswordHash", a."PhoneNumber", a."PhoneNumberConfirmed", a."SecurityStamp", a."TwoFactorEnabled", a."UserName"
test	Dump API Logs on Failure	2026-07-29T03:43:48.7664169Z       FROM "AspNetUsers" AS a
test	Dump API Logs on Failure	2026-07-29T03:43:48.7664490Z       WHERE a."NormalizedEmail" = @__normalizedEmail_0
test	Dump API Logs on Failure	2026-07-29T03:43:48.7665262Z       LIMIT 2
test	Dump API Logs on Failure	2026-07-29T03:43:48.7666089Z info: Microsoft.EntityFrameworkCore.Database.Command[20101]
test	Dump API Logs on Failure	2026-07-29T03:43:48.7669175Z       Executed DbCommand (1ms) [Parameters=[@p0='?', @p1='?', @p19='?', @p2='?' (DbType = Int32), @p3='?', @p4='?', @p20='?', @p5='?' (DbType = Guid), @p6='?', @p7='?' (DbType = Boolean), @p8='?', @p9='?' (DbType = Boolean), @p10='?' (DbType = DateTime), @p11='?', @p12='?', @p13='?', @p14='?', @p15='?' (DbType = Boolean), @p16='?', @p17='?' (DbType = Boolean), @p18='?'], CommandType='Text', CommandTimeout='30']
test	Dump API Logs on Failure	2026-07-29T03:43:48.7671822Z       INSERT INTO "AspNetUserRoles" ("RoleId", "UserId")
test	Dump API Logs on Failure	2026-07-29T03:43:48.7672300Z       VALUES (@p0, @p1);
test	Dump API Logs on Failure	2026-07-29T03:43:48.7674806Z       UPDATE "AspNetUsers" SET "AccessFailedCount" = @p2, "AvatarUrl" = @p3, "ConcurrencyStamp" = @p4, "DepartmentId" = @p5, "Email" = @p6, "EmailConfirmed" = @p7, "FullName" = @p8, "LockoutEnabled" = @p9, "LockoutEnd" = @p10, "NormalizedEmail" = @p11, "NormalizedUserName" = @p12, "PasswordHash" = @p13, "PhoneNumber" = @p14, "PhoneNumberConfirmed" = @p15, "SecurityStamp" = @p16, "TwoFactorEnabled" = @p17, "UserName" = @p18
test	Dump API Logs on Failure	2026-07-29T03:43:48.7677536Z       WHERE "Id" = @p19 AND "ConcurrencyStamp" = @p20;
test	Dump API Logs on Failure	2026-07-29T03:43:48.7678278Z info: Microsoft.EntityFrameworkCore.Database.Command[20101]
test	Dump API Logs on Failure	2026-07-29T03:43:48.7679242Z       Executed DbCommand (1ms) [Parameters=[@__normalizedEmail_0='?'], CommandType='Text', CommandTimeout='30']
test	Dump API Logs on Failure	2026-07-29T03:43:48.7682066Z       SELECT a."Id", a."AccessFailedCount", a."AvatarUrl", a."ConcurrencyStamp", a."DepartmentId", a."Email", a."EmailConfirmed", a."FullName", a."LockoutEnabled", a."LockoutEnd", a."NormalizedEmail", a."NormalizedUserName", a."PasswordHash", a."PhoneNumber", a."PhoneNumberConfirmed", a."SecurityStamp", a."TwoFactorEnabled", a."UserName"
test	Dump API Logs on Failure	2026-07-29T03:43:48.7683354Z       FROM "AspNetUsers" AS a
test	Dump API Logs on Failure	2026-07-29T03:43:48.7683666Z       WHERE a."NormalizedEmail" = @__normalizedEmail_0
test	Dump API Logs on Failure	2026-07-29T03:43:48.7683967Z       LIMIT 2
test	Dump API Logs on Failure	2026-07-29T03:43:48.7684347Z info: Microsoft.EntityFrameworkCore.Database.Command[20101]
test	Dump API Logs on Failure	2026-07-29T03:43:48.7684977Z       Executed DbCommand (1ms) [Parameters=[@__normalizedUserName_0='?'], CommandType='Text', CommandTimeout='30']
test	Dump API Logs on Failure	2026-07-29T03:43:48.7686911Z       SELECT a."Id", a."AccessFailedCount", a."AvatarUrl", a."ConcurrencyStamp", a."DepartmentId", a."Email", a."EmailConfirmed", a."FullName", a."LockoutEnabled", a."LockoutEnd", a."NormalizedEmail", a."NormalizedUserName", a."PasswordHash", a."PhoneNumber", a."PhoneNumberConfirmed", a."SecurityStamp", a."TwoFactorEnabled", a."UserName"
test	Dump API Logs on Failure	2026-07-29T03:43:48.7688155Z       FROM "AspNetUsers" AS a
test	Dump API Logs on Failure	2026-07-29T03:43:48.7688504Z       WHERE a."NormalizedUserName" = @__normalizedUserName_0
test	Dump API Logs on Failure	2026-07-29T03:43:48.7688822Z       LIMIT 1
test	Dump API Logs on Failure	2026-07-29T03:43:48.7689193Z info: Microsoft.EntityFrameworkCore.Database.Command[20101]
test	Dump API Logs on Failure	2026-07-29T03:43:48.7689814Z       Executed DbCommand (1ms) [Parameters=[@__normalizedEmail_0='?'], CommandType='Text', CommandTimeout='30']
test	Dump API Logs on Failure	2026-07-29T03:43:48.7691407Z       SELECT a."Id", a."AccessFailedCount", a."AvatarUrl", a."ConcurrencyStamp", a."DepartmentId", a."Email", a."EmailConfirmed", a."FullName", a."LockoutEnabled", a."LockoutEnd", a."NormalizedEmail", a."NormalizedUserName", a."PasswordHash", a."PhoneNumber", a."PhoneNumberConfirmed", a."SecurityStamp", a."TwoFactorEnabled", a."UserName"
test	Dump API Logs on Failure	2026-07-29T03:43:48.7692625Z       FROM "AspNetUsers" AS a
test	Dump API Logs on Failure	2026-07-29T03:43:48.7692937Z       WHERE a."NormalizedEmail" = @__normalizedEmail_0
test	Dump API Logs on Failure	2026-07-29T03:43:48.7693235Z       LIMIT 2
test	Dump API Logs on Failure	2026-07-29T03:43:48.7693599Z info: Microsoft.EntityFrameworkCore.Database.Command[20101]
test	Dump API Logs on Failure	2026-07-29T03:43:48.7694960Z       Executed DbCommand (1ms) [Parameters=[@p0='?', @p1='?' (DbType = Int32), @p2='?', @p3='?', @p4='?' (DbType = Guid), @p5='?', @p6='?' (DbType = Boolean), @p7='?', @p8='?' (DbType = Boolean), @p9='?' (DbType = DateTime), @p10='?', @p11='?', @p12='?', @p13='?', @p14='?' (DbType = Boolean), @p15='?', @p16='?' (DbType = Boolean), @p17='?'], CommandType='Text', CommandTimeout='30']
test	Dump API Logs on Failure	2026-07-29T03:43:48.7697578Z       INSERT INTO "AspNetUsers" ("Id", "AccessFailedCount", "AvatarUrl", "ConcurrencyStamp", "DepartmentId", "Email", "EmailConfirmed", "FullName", "LockoutEnabled", "LockoutEnd", "NormalizedEmail", "NormalizedUserName", "PasswordHash", "PhoneNumber", "PhoneNumberConfirmed", "SecurityStamp", "TwoFactorEnabled", "UserName")
test	Dump API Logs on Failure	2026-07-29T03:43:48.7698948Z       VALUES (@p0, @p1, @p2, @p3, @p4, @p5, @p6, @p7, @p8, @p9, @p10, @p11, @p12, @p13, @p14, @p15, @p16, @p17);
test	Dump API Logs on Failure	2026-07-29T03:43:48.7699531Z info: Microsoft.EntityFrameworkCore.Database.Command[20101]
test	Dump API Logs on Failure	2026-07-29T03:43:48.7700157Z       Executed DbCommand (0ms) [Parameters=[@__normalizedRoleName_0='?'], CommandType='Text', CommandTimeout='30']
test	Dump API Logs on Failure	2026-07-29T03:43:48.7700771Z       SELECT a."Id", a."ConcurrencyStamp", a."Name", a."NormalizedName"
test	Dump API Logs on Failure	2026-07-29T03:43:48.7701281Z       FROM "AspNetRoles" AS a
test	Dump API Logs on Failure	2026-07-29T03:43:48.7701596Z       WHERE a."NormalizedName" = @__normalizedRoleName_0
test	Dump API Logs on Failure	2026-07-29T03:43:48.7701892Z       LIMIT 2
test	Dump API Logs on Failure	2026-07-29T03:43:48.7702252Z info: Microsoft.EntityFrameworkCore.Database.Command[20101]
test	Dump API Logs on Failure	2026-07-29T03:43:48.7702839Z       Executed DbCommand (0ms) [Parameters=[@__p_0='?', @__p_1='?'], CommandType='Text', CommandTimeout='30']
test	Dump API Logs on Failure	2026-07-29T03:43:48.7703324Z       SELECT a."UserId", a."RoleId"
test	Dump API Logs on Failure	2026-07-29T03:43:48.7703610Z       FROM "AspNetUserRoles" AS a
test	Dump API Logs on Failure	2026-07-29T03:43:48.7703928Z       WHERE a."UserId" = @__p_0 AND a."RoleId" = @__p_1
test	Dump API Logs on Failure	2026-07-29T03:43:48.7704214Z       LIMIT 1
test	Dump API Logs on Failure	2026-07-29T03:43:48.7704581Z info: Microsoft.EntityFrameworkCore.Database.Command[20101]
test	Dump API Logs on Failure	2026-07-29T03:43:48.7705207Z       Executed DbCommand (0ms) [Parameters=[@__normalizedRoleName_0='?'], CommandType='Text', CommandTimeout='30']
test	Dump API Logs on Failure	2026-07-29T03:43:48.7705827Z       SELECT a."Id", a."ConcurrencyStamp", a."Name", a."NormalizedName"
test	Dump API Logs on Failure	2026-07-29T03:43:48.7706407Z       FROM "AspNetRoles" AS a
test	Dump API Logs on Failure	2026-07-29T03:43:48.7706728Z       WHERE a."NormalizedName" = @__normalizedRoleName_0
test	Dump API Logs on Failure	2026-07-29T03:43:48.7707023Z       LIMIT 2
test	Dump API Logs on Failure	2026-07-29T03:43:48.7707385Z info: Microsoft.EntityFrameworkCore.Database.Command[20101]
test	Dump API Logs on Failure	2026-07-29T03:43:48.7708010Z       Executed DbCommand (0ms) [Parameters=[@__normalizedUserName_0='?'], CommandType='Text', CommandTimeout='30']
test	Dump API Logs on Failure	2026-07-29T03:43:48.7709606Z       SELECT a."Id", a."AccessFailedCount", a."AvatarUrl", a."ConcurrencyStamp", a."DepartmentId", a."Email", a."EmailConfirmed", a."FullName", a."LockoutEnabled", a."LockoutEnd", a."NormalizedEmail", a."NormalizedUserName", a."PasswordHash", a."PhoneNumber", a."PhoneNumberConfirmed", a."SecurityStamp", a."TwoFactorEnabled", a."UserName"
test	Dump API Logs on Failure	2026-07-29T03:43:48.7710818Z       FROM "AspNetUsers" AS a
test	Dump API Logs on Failure	2026-07-29T03:43:48.7711144Z       WHERE a."NormalizedUserName" = @__normalizedUserName_0
test	Dump API Logs on Failure	2026-07-29T03:43:48.7711456Z       LIMIT 1
test	Dump API Logs on Failure	2026-07-29T03:43:48.7711818Z info: Microsoft.EntityFrameworkCore.Database.Command[20101]
test	Dump API Logs on Failure	2026-07-29T03:43:48.7712439Z       Executed DbCommand (1ms) [Parameters=[@__normalizedEmail_0='?'], CommandType='Text', CommandTimeout='30']
test	Dump API Logs on Failure	2026-07-29T03:43:48.7714045Z       SELECT a."Id", a."AccessFailedCount", a."AvatarUrl", a."ConcurrencyStamp", a."DepartmentId", a."Email", a."EmailConfirmed", a."FullName", a."LockoutEnabled", a."LockoutEnd", a."NormalizedEmail", a."NormalizedUserName", a."PasswordHash", a."PhoneNumber", a."PhoneNumberConfirmed", a."SecurityStamp", a."TwoFactorEnabled", a."UserName"
test	Dump API Logs on Failure	2026-07-29T03:43:48.7715250Z       FROM "AspNetUsers" AS a
test	Dump API Logs on Failure	2026-07-29T03:43:48.7715557Z       WHERE a."NormalizedEmail" = @__normalizedEmail_0
test	Dump API Logs on Failure	2026-07-29T03:43:48.7715845Z       LIMIT 2
test	Dump API Logs on Failure	2026-07-29T03:43:48.7716426Z info: Microsoft.EntityFrameworkCore.Database.Command[20101]
test	Dump API Logs on Failure	2026-07-29T03:43:48.7718051Z       Executed DbCommand (1ms) [Parameters=[@p0='?', @p1='?', @p19='?', @p2='?' (DbType = Int32), @p3='?', @p4='?', @p20='?', @p5='?' (DbType = Guid), @p6='?', @p7='?' (DbType = Boolean), @p8='?', @p9='?' (DbType = Boolean), @p10='?' (DbType = DateTime), @p11='?', @p12='?', @p13='?', @p14='?', @p15='?' (DbType = Boolean), @p16='?', @p17='?' (DbType = Boolean), @p18='?'], CommandType='Text', CommandTimeout='30']
test	Dump API Logs on Failure	2026-07-29T03:43:48.7719476Z       INSERT INTO "AspNetUserRoles" ("RoleId", "UserId")
test	Dump API Logs on Failure	2026-07-29T03:43:48.7719787Z       VALUES (@p0, @p1);
test	Dump API Logs on Failure	2026-07-29T03:43:48.7721358Z       UPDATE "AspNetUsers" SET "AccessFailedCount" = @p2, "AvatarUrl" = @p3, "ConcurrencyStamp" = @p4, "DepartmentId" = @p5, "Email" = @p6, "EmailConfirmed" = @p7, "FullName" = @p8, "LockoutEnabled" = @p9, "LockoutEnd" = @p10, "NormalizedEmail" = @p11, "NormalizedUserName" = @p12, "PasswordHash" = @p13, "PhoneNumber" = @p14, "PhoneNumberConfirmed" = @p15, "SecurityStamp" = @p16, "TwoFactorEnabled" = @p17, "UserName" = @p18
test	Dump API Logs on Failure	2026-07-29T03:43:48.7722814Z       WHERE "Id" = @p19 AND "ConcurrencyStamp" = @p20;
test	Dump API Logs on Failure	2026-07-29T03:43:48.7723287Z info: Microsoft.EntityFrameworkCore.Database.Command[20101]
test	Dump API Logs on Failure	2026-07-29T03:43:48.7724029Z       Executed DbCommand (0ms) [Parameters=[@__normalizedEmail_0='?'], CommandType='Text', CommandTimeout='30']
test	Dump API Logs on Failure	2026-07-29T03:43:48.7725633Z       SELECT a."Id", a."AccessFailedCount", a."AvatarUrl", a."ConcurrencyStamp", a."DepartmentId", a."Email", a."EmailConfirmed", a."FullName", a."LockoutEnabled", a."LockoutEnd", a."NormalizedEmail", a."NormalizedUserName", a."PasswordHash", a."PhoneNumber", a."PhoneNumberConfirmed", a."SecurityStamp", a."TwoFactorEnabled", a."UserName"
test	Dump API Logs on Failure	2026-07-29T03:43:48.7727100Z       FROM "AspNetUsers" AS a
test	Dump API Logs on Failure	2026-07-29T03:43:48.7727415Z       WHERE a."NormalizedEmail" = @__normalizedEmail_0
test	Dump API Logs on Failure	2026-07-29T03:43:48.7727723Z       LIMIT 2
test	Dump API Logs on Failure	2026-07-29T03:43:48.7728093Z info: Microsoft.EntityFrameworkCore.Database.Command[20101]
test	Dump API Logs on Failure	2026-07-29T03:43:48.7728721Z       Executed DbCommand (0ms) [Parameters=[@__normalizedUserName_0='?'], CommandType='Text', CommandTimeout='30']
test	Dump API Logs on Failure	2026-07-29T03:43:48.7730327Z       SELECT a."Id", a."AccessFailedCount", a."AvatarUrl", a."ConcurrencyStamp", a."DepartmentId", a."Email", a."EmailConfirmed", a."FullName", a."LockoutEnabled", a."LockoutEnd", a."NormalizedEmail", a."NormalizedUserName", a."PasswordHash", a."PhoneNumber", a."PhoneNumberConfirmed", a."SecurityStamp", a."TwoFactorEnabled", a."UserName"
test	Dump API Logs on Failure	2026-07-29T03:43:48.7731547Z       FROM "AspNetUsers" AS a
test	Dump API Logs on Failure	2026-07-29T03:43:48.7731873Z       WHERE a."NormalizedUserName" = @__normalizedUserName_0
test	Dump API Logs on Failure	2026-07-29T03:43:48.7732181Z       LIMIT 1
test	Dump API Logs on Failure	2026-07-29T03:43:48.7732540Z info: Microsoft.EntityFrameworkCore.Database.Command[20101]
test	Dump API Logs on Failure	2026-07-29T03:43:48.7733150Z       Executed DbCommand (1ms) [Parameters=[@__normalizedEmail_0='?'], CommandType='Text', CommandTimeout='30']
test	Dump API Logs on Failure	2026-07-29T03:43:48.7734741Z       SELECT a."Id", a."AccessFailedCount", a."AvatarUrl", a."ConcurrencyStamp", a."DepartmentId", a."Email", a."EmailConfirmed", a."FullName", a."LockoutEnabled", a."LockoutEnd", a."NormalizedEmail", a."NormalizedUserName", a."PasswordHash", a."PhoneNumber", a."PhoneNumberConfirmed", a."SecurityStamp", a."TwoFactorEnabled", a."UserName"
test	Dump API Logs on Failure	2026-07-29T03:43:48.7736180Z       FROM "AspNetUsers" AS a
test	Dump API Logs on Failure	2026-07-29T03:43:48.7736495Z       WHERE a."NormalizedEmail" = @__normalizedEmail_0
test	Dump API Logs on Failure	2026-07-29T03:43:48.7736795Z       LIMIT 2
test	Dump API Logs on Failure	2026-07-29T03:43:48.7737154Z info: Microsoft.EntityFrameworkCore.Database.Command[20101]
test	Dump API Logs on Failure	2026-07-29T03:43:48.7738544Z       Executed DbCommand (1ms) [Parameters=[@p0='?', @p1='?' (DbType = Int32), @p2='?', @p3='?', @p4='?' (DbType = Guid), @p5='?', @p6='?' (DbType = Boolean), @p7='?', @p8='?' (DbType = Boolean), @p9='?' (DbType = DateTime), @p10='?', @p11='?', @p12='?', @p13='?', @p14='?' (DbType = Boolean), @p15='?', @p16='?' (DbType = Boolean), @p17='?'], CommandType='Text', CommandTimeout='30']
test	Dump API Logs on Failure	2026-07-29T03:43:48.7740716Z       INSERT INTO "AspNetUsers" ("Id", "AccessFailedCount", "AvatarUrl", "ConcurrencyStamp", "DepartmentId", "Email", "EmailConfirmed", "FullName", "LockoutEnabled", "LockoutEnd", "NormalizedEmail", "NormalizedUserName", "PasswordHash", "PhoneNumber", "PhoneNumberConfirmed", "SecurityStamp", "TwoFactorEnabled", "UserName")
test	Dump API Logs on Failure	2026-07-29T03:43:48.7742088Z       VALUES (@p0, @p1, @p2, @p3, @p4, @p5, @p6, @p7, @p8, @p9, @p10, @p11, @p12, @p13, @p14, @p15, @p16, @p17);
test	Dump API Logs on Failure	2026-07-29T03:43:48.7742827Z info: Microsoft.EntityFrameworkCore.Database.Command[20101]
test	Dump API Logs on Failure	2026-07-29T03:43:48.7743451Z       Executed DbCommand (0ms) [Parameters=[@__normalizedRoleName_0='?'], CommandType='Text', CommandTimeout='30']
test	Dump API Logs on Failure	2026-07-29T03:43:48.7744096Z       SELECT a."Id", a."ConcurrencyStamp", a."Name", a."NormalizedName"
test	Dump API Logs on Failure	2026-07-29T03:43:48.7744452Z       FROM "AspNetRoles" AS a
test	Dump API Logs on Failure	2026-07-29T03:43:48.7744762Z       WHERE a."NormalizedName" = @__normalizedRoleName_0
test	Dump API Logs on Failure	2026-07-29T03:43:48.7745054Z       LIMIT 2
test	Dump API Logs on Failure	2026-07-29T03:43:48.7745415Z info: Microsoft.EntityFrameworkCore.Database.Command[20101]
test	Dump API Logs on Failure	2026-07-29T03:43:48.7746227Z       Executed DbCommand (0ms) [Parameters=[@__p_0='?', @__p_1='?'], CommandType='Text', CommandTimeout='30']
test	Dump API Logs on Failure	2026-07-29T03:43:48.7746721Z       SELECT a."UserId", a."RoleId"
test	Dump API Logs on Failure	2026-07-29T03:43:48.7747153Z       FROM "AspNetUserRoles" AS a
test	Dump API Logs on Failure	2026-07-29T03:43:48.7747466Z       WHERE a."UserId" = @__p_0 AND a."RoleId" = @__p_1
test	Dump API Logs on Failure	2026-07-29T03:43:48.7747754Z       LIMIT 1
test	Dump API Logs on Failure	2026-07-29T03:43:48.7748117Z info: Microsoft.EntityFrameworkCore.Database.Command[20101]
test	Dump API Logs on Failure	2026-07-29T03:43:48.7748748Z       Executed DbCommand (0ms) [Parameters=[@__normalizedRoleName_0='?'], CommandType='Text', CommandTimeout='30']
test	Dump API Logs on Failure	2026-07-29T03:43:48.7749359Z       SELECT a."Id", a."ConcurrencyStamp", a."Name", a."NormalizedName"
test	Dump API Logs on Failure	2026-07-29T03:43:48.7749710Z       FROM "AspNetRoles" AS a
test	Dump API Logs on Failure	2026-07-29T03:43:48.7750029Z       WHERE a."NormalizedName" = @__normalizedRoleName_0
test	Dump API Logs on Failure	2026-07-29T03:43:48.7750325Z       LIMIT 2
test	Dump API Logs on Failure	2026-07-29T03:43:48.7750689Z info: Microsoft.EntityFrameworkCore.Database.Command[20101]
test	Dump API Logs on Failure	2026-07-29T03:43:48.7751320Z       Executed DbCommand (0ms) [Parameters=[@__normalizedUserName_0='?'], CommandType='Text', CommandTimeout='30']
test	Dump API Logs on Failure	2026-07-29T03:43:48.7752932Z       SELECT a."Id", a."AccessFailedCount", a."AvatarUrl", a."ConcurrencyStamp", a."DepartmentId", a."Email", a."EmailConfirmed", a."FullName", a."LockoutEnabled", a."LockoutEnd", a."NormalizedEmail", a."NormalizedUserName", a."PasswordHash", a."PhoneNumber", a."PhoneNumberConfirmed", a."SecurityStamp", a."TwoFactorEnabled", a."UserName"
test	Dump API Logs on Failure	2026-07-29T03:43:48.7754157Z       FROM "AspNetUsers" AS a
test	Dump API Logs on Failure	2026-07-29T03:43:48.7754485Z       WHERE a."NormalizedUserName" = @__normalizedUserName_0
test	Dump API Logs on Failure	2026-07-29T03:43:48.7754796Z       LIMIT 1
test	Dump API Logs on Failure	2026-07-29T03:43:48.7755161Z info: Microsoft.EntityFrameworkCore.Database.Command[20101]
test	Dump API Logs on Failure	2026-07-29T03:43:48.7755781Z       Executed DbCommand (0ms) [Parameters=[@__normalizedEmail_0='?'], CommandType='Text', CommandTimeout='30']
test	Dump API Logs on Failure	2026-07-29T03:43:48.7757625Z       SELECT a."Id", a."AccessFailedCount", a."AvatarUrl", a."ConcurrencyStamp", a."DepartmentId", a."Email", a."EmailConfirmed", a."FullName", a."LockoutEnabled", a."LockoutEnd", a."NormalizedEmail", a."NormalizedUserName", a."PasswordHash", a."PhoneNumber", a."PhoneNumberConfirmed", a."SecurityStamp", a."TwoFactorEnabled", a."UserName"
test	Dump API Logs on Failure	2026-07-29T03:43:48.7758856Z       FROM "AspNetUsers" AS a
test	Dump API Logs on Failure	2026-07-29T03:43:48.7759161Z       WHERE a."NormalizedEmail" = @__normalizedEmail_0
test	Dump API Logs on Failure	2026-07-29T03:43:48.7759454Z       LIMIT 2
test	Dump API Logs on Failure	2026-07-29T03:43:48.7759814Z info: Microsoft.EntityFrameworkCore.Database.Command[20101]
test	Dump API Logs on Failure	2026-07-29T03:43:48.7761246Z       Executed DbCommand (1ms) [Parameters=[@p0='?', @p1='?', @p19='?', @p2='?' (DbType = Int32), @p3='?', @p4='?', @p20='?', @p5='?' (DbType = Guid), @p6='?', @p7='?' (DbType = Boolean), @p8='?', @p9='?' (DbType = Boolean), @p10='?' (DbType = DateTime), @p11='?', @p12='?', @p13='?', @p14='?', @p15='?' (DbType = Boolean), @p16='?', @p17='?' (DbType = Boolean), @p18='?'], CommandType='Text', CommandTimeout='30']
test	Dump API Logs on Failure	2026-07-29T03:43:48.7762467Z       INSERT INTO "AspNetUserRoles" ("RoleId", "UserId")
test	Dump API Logs on Failure	2026-07-29T03:43:48.7762774Z       VALUES (@p0, @p1);
test	Dump API Logs on Failure	2026-07-29T03:43:48.7764341Z       UPDATE "AspNetUsers" SET "AccessFailedCount" = @p2, "AvatarUrl" = @p3, "ConcurrencyStamp" = @p4, "DepartmentId" = @p5, "Email" = @p6, "EmailConfirmed" = @p7, "FullName" = @p8, "LockoutEnabled" = @p9, "LockoutEnd" = @p10, "NormalizedEmail" = @p11, "NormalizedUserName" = @p12, "PasswordHash" = @p13, "PhoneNumber" = @p14, "PhoneNumberConfirmed" = @p15, "SecurityStamp" = @p16, "TwoFactorEnabled" = @p17, "UserName" = @p18
test	Dump API Logs on Failure	2026-07-29T03:43:48.7766174Z       WHERE "Id" = @p19 AND "ConcurrencyStamp" = @p20;
test	Dump API Logs on Failure	2026-07-29T03:43:48.7766678Z info: Microsoft.EntityFrameworkCore.Database.Command[20101]
test	Dump API Logs on Failure	2026-07-29T03:43:48.7767315Z       Executed DbCommand (0ms) [Parameters=[@__normalizedEmail_0='?'], CommandType='Text', CommandTimeout='30']
test	Dump API Logs on Failure	2026-07-29T03:43:48.7768922Z       SELECT a."Id", a."AccessFailedCount", a."AvatarUrl", a."ConcurrencyStamp", a."DepartmentId", a."Email", a."EmailConfirmed", a."FullName", a."LockoutEnabled", a."LockoutEnd", a."NormalizedEmail", a."NormalizedUserName", a."PasswordHash", a."PhoneNumber", a."PhoneNumberConfirmed", a."SecurityStamp", a."TwoFactorEnabled", a."UserName"
test	Dump API Logs on Failure	2026-07-29T03:43:48.7770287Z       FROM "AspNetUsers" AS a
test	Dump API Logs on Failure	2026-07-29T03:43:48.7770600Z       WHERE a."NormalizedEmail" = @__normalizedEmail_0
test	Dump API Logs on Failure	2026-07-29T03:43:48.7770901Z       LIMIT 2
test	Dump API Logs on Failure	2026-07-29T03:43:48.7771274Z info: Microsoft.EntityFrameworkCore.Database.Command[20101]
test	Dump API Logs on Failure	2026-07-29T03:43:48.7771905Z       Executed DbCommand (2ms) [Parameters=[@__normalizedUserName_0='?'], CommandType='Text', CommandTimeout='30']
test	Dump API Logs on Failure	2026-07-29T03:43:48.7773517Z       SELECT a."Id", a."AccessFailedCount", a."AvatarUrl", a."ConcurrencyStamp", a."DepartmentId", a."Email", a."EmailConfirmed", a."FullName", a."LockoutEnabled", a."LockoutEnd", a."NormalizedEmail", a."NormalizedUserName", a."PasswordHash", a."PhoneNumber", a."PhoneNumberConfirmed", a."SecurityStamp", a."TwoFactorEnabled", a."UserName"
test	Dump API Logs on Failure	2026-07-29T03:43:48.7774733Z       FROM "AspNetUsers" AS a
test	Dump API Logs on Failure	2026-07-29T03:43:48.7775061Z       WHERE a."NormalizedUserName" = @__normalizedUserName_0
test	Dump API Logs on Failure	2026-07-29T03:43:48.7775371Z       LIMIT 1
test	Dump API Logs on Failure	2026-07-29T03:43:48.7775734Z info: Microsoft.EntityFrameworkCore.Database.Command[20101]
test	Dump API Logs on Failure	2026-07-29T03:43:48.7776586Z       Executed DbCommand (1ms) [Parameters=[@__normalizedEmail_0='?'], CommandType='Text', CommandTimeout='30']
test	Dump API Logs on Failure	2026-07-29T03:43:48.7778186Z       SELECT a."Id", a."AccessFailedCount", a."AvatarUrl", a."ConcurrencyStamp", a."DepartmentId", a."Email", a."EmailConfirmed", a."FullName", a."LockoutEnabled", a."LockoutEnd", a."NormalizedEmail", a."NormalizedUserName", a."PasswordHash", a."PhoneNumber", a."PhoneNumberConfirmed", a."SecurityStamp", a."TwoFactorEnabled", a."UserName"
test	Dump API Logs on Failure	2026-07-29T03:43:48.7779396Z       FROM "AspNetUsers" AS a
test	Dump API Logs on Failure	2026-07-29T03:43:48.7779702Z       WHERE a."NormalizedEmail" = @__normalizedEmail_0
test	Dump API Logs on Failure	2026-07-29T03:43:48.7779986Z       LIMIT 2
test	Dump API Logs on Failure	2026-07-29T03:43:48.7780353Z info: Microsoft.EntityFrameworkCore.Database.Command[20101]
test	Dump API Logs on Failure	2026-07-29T03:43:48.7781718Z       Executed DbCommand (1ms) [Parameters=[@p0='?', @p1='?' (DbType = Int32), @p2='?', @p3='?', @p4='?' (DbType = Guid), @p5='?', @p6='?' (DbType = Boolean), @p7='?', @p8='?' (DbType = Boolean), @p9='?' (DbType = DateTime), @p10='?', @p11='?', @p12='?', @p13='?', @p14='?' (DbType = Boolean), @p15='?', @p16='?' (DbType = Boolean), @p17='?'], CommandType='Text', CommandTimeout='30']
test	Dump API Logs on Failure	2026-07-29T03:43:48.7783883Z       INSERT INTO "AspNetUsers" ("Id", "AccessFailedCount", "AvatarUrl", "ConcurrencyStamp", "DepartmentId", "Email", "EmailConfirmed", "FullName", "LockoutEnabled", "LockoutEnd", "NormalizedEmail", "NormalizedUserName", "PasswordHash", "PhoneNumber", "PhoneNumberConfirmed", "SecurityStamp", "TwoFactorEnabled", "UserName")
test	Dump API Logs on Failure	2026-07-29T03:43:48.7785260Z       VALUES (@p0, @p1, @p2, @p3, @p4, @p5, @p6, @p7, @p8, @p9, @p10, @p11, @p12, @p13, @p14, @p15, @p16, @p17);
test	Dump API Logs on Failure	2026-07-29T03:43:48.7785838Z info: Microsoft.EntityFrameworkCore.Database.Command[20101]
test	Dump API Logs on Failure	2026-07-29T03:43:48.7786691Z       Executed DbCommand (0ms) [Parameters=[@__normalizedRoleName_0='?'], CommandType='Text', CommandTimeout='30']
test	Dump API Logs on Failure	2026-07-29T03:43:48.7787312Z       SELECT a."Id", a."ConcurrencyStamp", a."Name", a."NormalizedName"
test	Dump API Logs on Failure	2026-07-29T03:43:48.7787681Z       FROM "AspNetRoles" AS a
test	Dump API Logs on Failure	2026-07-29T03:43:48.7787993Z       WHERE a."NormalizedName" = @__normalizedRoleName_0
test	Dump API Logs on Failure	2026-07-29T03:43:48.7788432Z       LIMIT 2
test	Dump API Logs on Failure	2026-07-29T03:43:48.7788796Z info: Microsoft.EntityFrameworkCore.Database.Command[20101]
test	Dump API Logs on Failure	2026-07-29T03:43:48.7789373Z       Executed DbCommand (3ms) [Parameters=[@__p_0='?', @__p_1='?'], CommandType='Text', CommandTimeout='30']
test	Dump API Logs on Failure	2026-07-29T03:43:48.7789871Z       SELECT a."UserId", a."RoleId"
test	Dump API Logs on Failure	2026-07-29T03:43:48.7790153Z       FROM "AspNetUserRoles" AS a
test	Dump API Logs on Failure	2026-07-29T03:43:48.7790471Z       WHERE a."UserId" = @__p_0 AND a."RoleId" = @__p_1
test	Dump API Logs on Failure	2026-07-29T03:43:48.7790752Z       LIMIT 1
test	Dump API Logs on Failure	2026-07-29T03:43:48.7791108Z info: Microsoft.EntityFrameworkCore.Database.Command[20101]
test	Dump API Logs on Failure	2026-07-29T03:43:48.7791729Z       Executed DbCommand (0ms) [Parameters=[@__normalizedRoleName_0='?'], CommandType='Text', CommandTimeout='30']
test	Dump API Logs on Failure	2026-07-29T03:43:48.7792343Z       SELECT a."Id", a."ConcurrencyStamp", a."Name", a."NormalizedName"
test	Dump API Logs on Failure	2026-07-29T03:43:48.7792864Z       FROM "AspNetRoles" AS a
test	Dump API Logs on Failure	2026-07-29T03:43:48.7793174Z       WHERE a."NormalizedName" = @__normalizedRoleName_0
test	Dump API Logs on Failure	2026-07-29T03:43:48.7793464Z       LIMIT 2
test	Dump API Logs on Failure	2026-07-29T03:43:48.7793828Z info: Microsoft.EntityFrameworkCore.Database.Command[20101]
test	Dump API Logs on Failure	2026-07-29T03:43:48.7794444Z       Executed DbCommand (1ms) [Parameters=[@__normalizedUserName_0='?'], CommandType='Text', CommandTimeout='30']
test	Dump API Logs on Failure	2026-07-29T03:43:48.7796250Z       SELECT a."Id", a."AccessFailedCount", a."AvatarUrl", a."ConcurrencyStamp", a."DepartmentId", a."Email", a."EmailConfirmed", a."FullName", a."LockoutEnabled", a."LockoutEnd", a."NormalizedEmail", a."NormalizedUserName", a."PasswordHash", a."PhoneNumber", a."PhoneNumberConfirmed", a."SecurityStamp", a."TwoFactorEnabled", a."UserName"
test	Dump API Logs on Failure	2026-07-29T03:43:48.7797474Z       FROM "AspNetUsers" AS a
test	Dump API Logs on Failure	2026-07-29T03:43:48.7797800Z       WHERE a."NormalizedUserName" = @__normalizedUserName_0
test	Dump API Logs on Failure	2026-07-29T03:43:48.7798108Z       LIMIT 1
test	Dump API Logs on Failure	2026-07-29T03:43:48.7798471Z info: Microsoft.EntityFrameworkCore.Database.Command[20101]
test	Dump API Logs on Failure	2026-07-29T03:43:48.7799083Z       Executed DbCommand (1ms) [Parameters=[@__normalizedEmail_0='?'], CommandType='Text', CommandTimeout='30']
test	Dump API Logs on Failure	2026-07-29T03:43:48.7800679Z       SELECT a."Id", a."AccessFailedCount", a."AvatarUrl", a."ConcurrencyStamp", a."DepartmentId", a."Email", a."EmailConfirmed", a."FullName", a."LockoutEnabled", a."LockoutEnd", a."NormalizedEmail", a."NormalizedUserName", a."PasswordHash", a."PhoneNumber", a."PhoneNumberConfirmed", a."SecurityStamp", a."TwoFactorEnabled", a."UserName"
test	Dump API Logs on Failure	2026-07-29T03:43:48.7801889Z       FROM "AspNetUsers" AS a
test	Dump API Logs on Failure	2026-07-29T03:43:48.7802190Z       WHERE a."NormalizedEmail" = @__normalizedEmail_0
test	Dump API Logs on Failure	2026-07-29T03:43:48.7802477Z       LIMIT 2
test	Dump API Logs on Failure	2026-07-29T03:43:48.7802833Z info: Microsoft.EntityFrameworkCore.Database.Command[20101]
test	Dump API Logs on Failure	2026-07-29T03:43:48.7804266Z       Executed DbCommand (1ms) [Parameters=[@p0='?', @p1='?', @p19='?', @p2='?' (DbType = Int32), @p3='?', @p4='?', @p20='?', @p5='?' (DbType = Guid), @p6='?', @p7='?' (DbType = Boolean), @p8='?', @p9='?' (DbType = Boolean), @p10='?' (DbType = DateTime), @p11='?', @p12='?', @p13='?', @p14='?', @p15='?' (DbType = Boolean), @p16='?', @p17='?' (DbType = Boolean), @p18='?'], CommandType='Text', CommandTimeout='30']
test	Dump API Logs on Failure	2026-07-29T03:43:48.7805491Z       INSERT INTO "AspNetUserRoles" ("RoleId", "UserId")
test	Dump API Logs on Failure	2026-07-29T03:43:48.7805795Z       VALUES (@p0, @p1);
test	Dump API Logs on Failure	2026-07-29T03:43:48.7807622Z       UPDATE "AspNetUsers" SET "AccessFailedCount" = @p2, "AvatarUrl" = @p3, "ConcurrencyStamp" = @p4, "DepartmentId" = @p5, "Email" = @p6, "EmailConfirmed" = @p7, "FullName" = @p8, "LockoutEnabled" = @p9, "LockoutEnd" = @p10, "NormalizedEmail" = @p11, "NormalizedUserName" = @p12, "PasswordHash" = @p13, "PhoneNumber" = @p14, "PhoneNumberConfirmed" = @p15, "SecurityStamp" = @p16, "TwoFactorEnabled" = @p17, "UserName" = @p18
test	Dump API Logs on Failure	2026-07-29T03:43:48.7809094Z       WHERE "Id" = @p19 AND "ConcurrencyStamp" = @p20;
test	Dump API Logs on Failure	2026-07-29T03:43:48.7809529Z info: Hangfire.PostgreSql.PostgreSqlStorage[0]
test	Dump API Logs on Failure	2026-07-29T03:43:48.7809889Z       Start installing Hangfire SQL objects...
test	Dump API Logs on Failure	2026-07-29T03:43:48.7810282Z info: Hangfire.PostgreSql.PostgreSqlStorage[0]
test	Dump API Logs on Failure	2026-07-29T03:43:48.7810769Z       Hangfire SQL objects installed.
test	Dump API Logs on Failure	2026-07-29T03:43:48.7811101Z info: Microsoft.Hosting.Lifetime[14]
test	Dump API Logs on Failure	2026-07-29T03:43:48.7811421Z       Now listening on: http://localhost:5093
test	Dump API Logs on Failure	2026-07-29T03:43:48.7811781Z info: Hangfire.BackgroundJobServer[0]
test	Dump API Logs on Failure	2026-07-29T03:43:48.7812390Z       Starting Hangfire Server using job storage: 'PostgreSQL Server: Host: localhost, DB: servicedesk_test, Schema: hangfire'
test	Dump API Logs on Failure	2026-07-29T03:43:48.7813008Z info: Hangfire.BackgroundJobServer[0]
test	Dump API Logs on Failure	2026-07-29T03:43:48.7813364Z       Using the following options for PostgreSQL job storage:
test	Dump API Logs on Failure	2026-07-29T03:43:48.7813760Z info: Hangfire.BackgroundJobServer[0]
test	Dump API Logs on Failure	2026-07-29T03:43:48.7814062Z           Queue poll interval: 00:00:15.
test	Dump API Logs on Failure	2026-07-29T03:43:48.7814397Z info: Hangfire.BackgroundJobServer[0]
test	Dump API Logs on Failure	2026-07-29T03:43:48.7814692Z           Invisibility timeout: 00:30:00.
test	Dump API Logs on Failure	2026-07-29T03:43:48.7815153Z info: Hangfire.BackgroundJobServer[0]
test	Dump API Logs on Failure	2026-07-29T03:43:48.7815471Z           Use sliding invisibility timeout: False.
test	Dump API Logs on Failure	2026-07-29T03:43:48.7815835Z info: Hangfire.BackgroundJobServer[0]
test	Dump API Logs on Failure	2026-07-29T03:43:48.7816343Z       Using the following options for Hangfire Server:
test	Dump API Logs on Failure	2026-07-29T03:43:48.7816641Z           Worker count: 2
test	Dump API Logs on Failure	2026-07-29T03:43:48.7816891Z           Listening queues: 'default'
test	Dump API Logs on Failure	2026-07-29T03:43:48.7817164Z           Shutdown timeout: 00:00:15
test	Dump API Logs on Failure	2026-07-29T03:43:48.7817456Z           Schedule polling interval: 00:00:15
test	Dump API Logs on Failure	2026-07-29T03:43:48.7817803Z info: Microsoft.Hosting.Lifetime[0]
test	Dump API Logs on Failure	2026-07-29T03:43:48.7818356Z       Application started. Press Ctrl+C to shut down.
test	Dump API Logs on Failure	2026-07-29T03:43:48.7818733Z info: Microsoft.Hosting.Lifetime[0]
test	Dump API Logs on Failure	2026-07-29T03:43:48.7819025Z       Hosting environment: Development
test	Dump API Logs on Failure	2026-07-29T03:43:48.7819535Z info: Microsoft.Hosting.Lifetime[0]
test	Dump API Logs on Failure	2026-07-29T03:43:48.7819982Z       Content root path: /home/runner/work/ServiceDesk/ServiceDesk/src/ServiceDesk.Api
test	Dump API Logs on Failure	2026-07-29T03:43:48.7820526Z info: Hangfire.Server.BackgroundServerProcess[0]
test	Dump API Logs on Failure	2026-07-29T03:43:48.7820982Z       Server runnervmvrwv9:6860:28be4c23 successfully announced in 7.4706 ms
test	Dump API Logs on Failure	2026-07-29T03:43:48.7821488Z info: Hangfire.Server.BackgroundServerProcess[0]
test	Dump API Logs on Failure	2026-07-29T03:43:48.7822542Z       Server runnervmvrwv9:6860:28be4c23 is starting the registered dispatchers: ServerWatchdog, ServerJobCancellationWatcher, ExpirationManager, CountersAggregator, Worker, DelayedJobScheduler, RecurringJobScheduler...
test	Dump API Logs on Failure	2026-07-29T03:43:48.7823569Z info: Hangfire.Server.BackgroundServerProcess[0]
test	Dump API Logs on Failure	2026-07-29T03:43:48.7823981Z       Server runnervmvrwv9:6860:28be4c23 all the dispatchers started
test	Dump API Logs on Failure	2026-07-29T03:43:48.7824554Z warn: Microsoft.AspNetCore.HttpsPolicy.HttpsRedirectionMiddleware[3]
test	Dump API Logs on Failure	2026-07-29T03:43:48.7825016Z       Failed to determine the https port for redirect.
test	Dump API Logs on Failure	2026-07-29T03:43:48.7825490Z info: Microsoft.EntityFrameworkCore.Database.Command[20101]
test	Dump API Logs on Failure	2026-07-29T03:43:48.7826250Z       Executed DbCommand (2ms) [Parameters=[@__normalizedEmail_0='?'], CommandType='Text', CommandTimeout='30']
test	Dump API Logs on Failure	2026-07-29T03:43:48.7827866Z       SELECT a."Id", a."AccessFailedCount", a."AvatarUrl", a."ConcurrencyStamp", a."DepartmentId", a."Email", a."EmailConfirmed", a."FullName", a."LockoutEnabled", a."LockoutEnd", a."NormalizedEmail", a."NormalizedUserName", a."PasswordHash", a."PhoneNumber", a."PhoneNumberConfirmed", a."SecurityStamp", a."TwoFactorEnabled", a."UserName"
test	Dump API Logs on Failure	2026-07-29T03:43:48.7829094Z       FROM "AspNetUsers" AS a
test	Dump API Logs on Failure	2026-07-29T03:43:48.7829397Z       WHERE a."NormalizedEmail" = @__normalizedEmail_0
test	Dump API Logs on Failure	2026-07-29T03:43:48.7829685Z       LIMIT 2
test	Dump API Logs on Failure	2026-07-29T03:43:48.7830052Z info: Microsoft.EntityFrameworkCore.Database.Command[20101]
test	Dump API Logs on Failure	2026-07-29T03:43:48.7830680Z       Executed DbCommand (3ms) [Parameters=[@__normalizedEmail_0='?'], CommandType='Text', CommandTimeout='30']
test	Dump API Logs on Failure	2026-07-29T03:43:48.7832285Z       SELECT a."Id", a."AccessFailedCount", a."AvatarUrl", a."ConcurrencyStamp", a."DepartmentId", a."Email", a."EmailConfirmed", a."FullName", a."LockoutEnabled", a."LockoutEnd", a."NormalizedEmail", a."NormalizedUserName", a."PasswordHash", a."PhoneNumber", a."PhoneNumberConfirmed", a."SecurityStamp", a."TwoFactorEnabled", a."UserName"
test	Dump API Logs on Failure	2026-07-29T03:43:48.7833656Z       FROM "AspNetUsers" AS a
test	Dump API Logs on Failure	2026-07-29T03:43:48.7833965Z       WHERE a."NormalizedEmail" = @__normalizedEmail_0
test	Dump API Logs on Failure	2026-07-29T03:43:48.7834252Z       LIMIT 2
test	Dump API Logs on Failure	2026-07-29T03:43:48.7834619Z info: Microsoft.EntityFrameworkCore.Database.Command[20101]
test	Dump API Logs on Failure	2026-07-29T03:43:48.7835198Z       Executed DbCommand (2ms) [Parameters=[@__userId_0='?'], CommandType='Text', CommandTimeout='30']
test	Dump API Logs on Failure	2026-07-29T03:43:48.7835648Z       SELECT a0."Name"
test	Dump API Logs on Failure	2026-07-29T03:43:48.7836012Z       FROM "AspNetUserRoles" AS a
test	Dump API Logs on Failure	2026-07-29T03:43:48.7836356Z       INNER JOIN "AspNetRoles" AS a0 ON a."RoleId" = a0."Id"
test	Dump API Logs on Failure	2026-07-29T03:43:48.7836693Z       WHERE a."UserId" = @__userId_0
test	Dump API Logs on Failure	2026-07-29T03:43:48.7837114Z info: Microsoft.EntityFrameworkCore.Database.Command[20101]
test	Dump API Logs on Failure	2026-07-29T03:43:48.7837687Z       Executed DbCommand (6ms) [Parameters=[@__userId_0='?'], CommandType='Text', CommandTimeout='30']
test	Dump API Logs on Failure	2026-07-29T03:43:48.7838297Z       SELECT a0."Name"
test	Dump API Logs on Failure	2026-07-29T03:43:48.7838538Z       FROM "AspNetUserRoles" AS a
test	Dump API Logs on Failure	2026-07-29T03:43:48.7838871Z       INNER JOIN "AspNetRoles" AS a0 ON a."RoleId" = a0."Id"
test	Dump API Logs on Failure	2026-07-29T03:43:48.7839203Z       WHERE a."UserId" = @__userId_0
test	Dump API Logs on Failure	2026-07-29T03:43:48.7839622Z info: Microsoft.EntityFrameworkCore.Database.Command[20101]
test	Dump API Logs on Failure	2026-07-29T03:43:48.7840541Z       Executed DbCommand (4ms) [Parameters=[@p0='?' (DbType = Guid), @p1='?' (DbType = DateTime), @p2='?' (DbType = DateTime), @p3='?' (DbType = Boolean), @p4='?', @p5='?'], CommandType='Text', CommandTimeout='30']
test	Dump API Logs on Failure	2026-07-29T03:43:48.7841468Z       INSERT INTO "RefreshTokens" ("Id", "CreatedAt", "Expires", "Revoked", "TokenHash", "UserId")
test	Dump API Logs on Failure	2026-07-29T03:43:48.7841940Z       VALUES (@p0, @p1, @p2, @p3, @p4, @p5);
test	Dump API Logs on Failure	2026-07-29T03:43:48.7842383Z info: Microsoft.EntityFrameworkCore.Database.Command[20101]
test	Dump API Logs on Failure	2026-07-29T03:43:48.7843299Z       Executed DbCommand (4ms) [Parameters=[@p0='?' (DbType = Guid), @p1='?' (DbType = DateTime), @p2='?' (DbType = DateTime), @p3='?' (DbType = Boolean), @p4='?', @p5='?'], CommandType='Text', CommandTimeout='30']
test	Dump API Logs on Failure	2026-07-29T03:43:48.7844238Z       INSERT INTO "RefreshTokens" ("Id", "CreatedAt", "Expires", "Revoked", "TokenHash", "UserId")
test	Dump API Logs on Failure	2026-07-29T03:43:48.7844700Z       VALUES (@p0, @p1, @p2, @p3, @p4, @p5);
test	Dump API Logs on Failure	2026-07-29T03:43:48.7845215Z [RLS DEBUG] deptClaim: '11111111-1111-1111-1111-111111111111', roleClaim: 'Admin'
test	Dump API Logs on Failure	2026-07-29T03:43:48.7846207Z [RLS DEBUG] Claim: http://schemas.xmlsoap.org/ws/2005/05/identity/claims/nameidentifier = 848a4929-6f32-4ea1-9f6e-79161dd4d9fb
test	Dump API Logs on Failure	2026-07-29T03:43:48.7847131Z [RLS DEBUG] Claim: http://schemas.xmlsoap.org/ws/2005/05/identity/claims/emailaddress = alice@test.com
test	Dump API Logs on Failure	2026-07-29T03:43:48.7847899Z [RLS DEBUG] Claim: http://schemas.microsoft.com/ws/2008/06/identity/claims/role = Admin
test	Dump API Logs on Failure	2026-07-29T03:43:48.7848514Z [RLS DEBUG] Claim: department_id = 11111111-1111-1111-1111-111111111111
test	Dump API Logs on Failure	2026-07-29T03:43:48.7848954Z [RLS DEBUG] Claim: full_name = Alice Admin
test	Dump API Logs on Failure	2026-07-29T03:43:48.7849294Z [RLS DEBUG] Claim: exp = 1785297461
test	Dump API Logs on Failure	2026-07-29T03:43:48.7849626Z [RLS DEBUG] Claim: iss = servicedesk-api
test	Dump API Logs on Failure	2026-07-29T03:43:48.7849970Z [RLS DEBUG] Claim: aud = servicedesk-ui
test	Dump API Logs on Failure	2026-07-29T03:43:48.7850468Z [RLS DEBUG] deptClaim: '11111111-1111-1111-1111-111111111111', roleClaim: 'Admin'
test	Dump API Logs on Failure	2026-07-29T03:43:48.7851330Z [RLS DEBUG] Claim: http://schemas.xmlsoap.org/ws/2005/05/identity/claims/nameidentifier = 848a4929-6f32-4ea1-9f6e-79161dd4d9fb
test	Dump API Logs on Failure	2026-07-29T03:43:48.7852241Z [RLS DEBUG] Claim: http://schemas.xmlsoap.org/ws/2005/05/identity/claims/emailaddress = alice@test.com
test	Dump API Logs on Failure	2026-07-29T03:43:48.7853000Z [RLS DEBUG] Claim: http://schemas.microsoft.com/ws/2008/06/identity/claims/role = Admin
test	Dump API Logs on Failure	2026-07-29T03:43:48.7853614Z [RLS DEBUG] Claim: department_id = 11111111-1111-1111-1111-111111111111
test	Dump API Logs on Failure	2026-07-29T03:43:48.7854044Z [RLS DEBUG] Claim: full_name = Alice Admin
test	Dump API Logs on Failure	2026-07-29T03:43:48.7854380Z [RLS DEBUG] Claim: exp = 1785297461
test	Dump API Logs on Failure	2026-07-29T03:43:48.7854708Z [RLS DEBUG] Claim: iss = servicedesk-api
test	Dump API Logs on Failure	2026-07-29T03:43:48.7855045Z [RLS DEBUG] Claim: aud = servicedesk-ui
test	Dump API Logs on Failure	2026-07-29T03:43:48.7855665Z [RLS DEBUG] deptClaim: '11111111-1111-1111-1111-111111111111', roleClaim: 'Admin'
test	Dump API Logs on Failure	2026-07-29T03:43:48.7856642Z [RLS DEBUG] Claim: http://schemas.xmlsoap.org/ws/2005/05/identity/claims/nameidentifier = 848a4929-6f32-4ea1-9f6e-79161dd4d9fb
test	Dump API Logs on Failure	2026-07-29T03:43:48.7857543Z [RLS DEBUG] Claim: http://schemas.xmlsoap.org/ws/2005/05/identity/claims/emailaddress = alice@test.com
test	Dump API Logs on Failure	2026-07-29T03:43:48.7858290Z [RLS DEBUG] Claim: http://schemas.microsoft.com/ws/2008/06/identity/claims/role = Admin
test	Dump API Logs on Failure	2026-07-29T03:43:48.7858914Z [RLS DEBUG] Claim: department_id = 11111111-1111-1111-1111-111111111111
test	Dump API Logs on Failure	2026-07-29T03:43:48.7859343Z [RLS DEBUG] Claim: full_name = Alice Admin
test	Dump API Logs on Failure	2026-07-29T03:43:48.7859674Z [RLS DEBUG] Claim: exp = 1785297461
test	Dump API Logs on Failure	2026-07-29T03:43:48.7859998Z [RLS DEBUG] Claim: iss = servicedesk-api
test	Dump API Logs on Failure	2026-07-29T03:43:48.7860337Z [RLS DEBUG] Claim: aud = servicedesk-ui
test	Dump API Logs on Failure	2026-07-29T03:43:48.7860958Z [RLS DEBUG] deptClaim: '11111111-1111-1111-1111-111111111111', roleClaim: 'Admin'
test	Dump API Logs on Failure	2026-07-29T03:43:48.7861811Z [RLS DEBUG] Claim: http://schemas.xmlsoap.org/ws/2005/05/identity/claims/nameidentifier = 848a4929-6f32-4ea1-9f6e-79161dd4d9fb
test	Dump API Logs on Failure	2026-07-29T03:43:48.7862714Z [RLS DEBUG] Claim: http://schemas.xmlsoap.org/ws/2005/05/identity/claims/emailaddress = alice@test.com
test	Dump API Logs on Failure	2026-07-29T03:43:48.7863460Z [RLS DEBUG] Claim: http://schemas.microsoft.com/ws/2008/06/identity/claims/role = Admin
test	Dump API Logs on Failure	2026-07-29T03:43:48.7864059Z [RLS DEBUG] Claim: department_id = 11111111-1111-1111-1111-111111111111
test	Dump API Logs on Failure	2026-07-29T03:43:48.7864482Z [RLS DEBUG] Claim: full_name = Alice Admin
test	Dump API Logs on Failure	2026-07-29T03:43:48.7864809Z [RLS DEBUG] Claim: exp = 1785297461
test	Dump API Logs on Failure	2026-07-29T03:43:48.7865130Z [RLS DEBUG] Claim: iss = servicedesk-api
test	Dump API Logs on Failure	2026-07-29T03:43:48.7865467Z [RLS DEBUG] Claim: aud = servicedesk-ui
test	Dump API Logs on Failure	2026-07-29T03:43:48.7866021Z info: Microsoft.EntityFrameworkCore.Database.Command[20101]
test	Dump API Logs on Failure	2026-07-29T03:43:48.7866713Z       Executed DbCommand (4ms) [Parameters=[@__thirtyDaysAgo_0='?' (DbType = DateTime)], CommandType='Text', CommandTimeout='30']
test	Dump API Logs on Failure	2026-07-29T03:43:48.7867498Z       SELECT date_trunc('day', COALESCE(t."VerifiedAt", t."CreatedAt"), 'UTC') AS "Date", t."SlaBreached"
test	Dump API Logs on Failure	2026-07-29T03:43:48.7867963Z       FROM "Tickets" AS t
test	Dump API Logs on Failure	2026-07-29T03:43:48.7868457Z       WHERE t."Status" IN ('Resolved', 'Closed') AND COALESCE(t."VerifiedAt", t."CreatedAt") >= @__thirtyDaysAgo_0
test	Dump API Logs on Failure	2026-07-29T03:43:48.7869110Z info: Microsoft.EntityFrameworkCore.Database.Command[20101]
test	Dump API Logs on Failure	2026-07-29T03:43:48.7869788Z       Executed DbCommand (8ms) [Parameters=[@__thirtyDaysAgo_0='?' (DbType = DateTime)], CommandType='Text', CommandTimeout='30']
test	Dump API Logs on Failure	2026-07-29T03:43:48.7870566Z       SELECT date_trunc('day', COALESCE(t."VerifiedAt", t."CreatedAt"), 'UTC') AS "Date", t."SlaBreached"
test	Dump API Logs on Failure	2026-07-29T03:43:48.7871025Z       FROM "Tickets" AS t
test	Dump API Logs on Failure	2026-07-29T03:43:48.7871512Z       WHERE t."Status" IN ('Resolved', 'Closed') AND COALESCE(t."VerifiedAt", t."CreatedAt") >= @__thirtyDaysAgo_0
test	Dump API Logs on Failure	2026-07-29T03:43:48.7872162Z info: Microsoft.EntityFrameworkCore.Database.Command[20101]
test	Dump API Logs on Failure	2026-07-29T03:43:48.7872683Z       Executed DbCommand (3ms) [Parameters=[], CommandType='Text', CommandTimeout='30']
test	Dump API Logs on Failure	2026-07-29T03:43:48.7874294Z       SELECT t."Id", t."AssetId", t."AssignedToUserId", t."ClaimedAt", t."ClaimedByUserId", t."CreatedAt", t."DepartmentId", t."Description", t."Priority", t."ResolutionNote", t."SlaBreached", t."SlaDeadline", t."Status", t."TicketNumber", t."Title", t."VerifiedAt", t."VerifiedByUserId", a."Id", a."BlobPath", a."FileName", a."TicketId", a."UploadedAt", a."UploadedByUserId"
test	Dump API Logs on Failure	2026-07-29T03:43:48.7875566Z       FROM "Tickets" AS t
test	Dump API Logs on Failure	2026-07-29T03:43:48.7875983Z       LEFT JOIN "Attachments" AS a ON t."Id" = a."TicketId"
test	Dump API Logs on Failure	2026-07-29T03:43:48.7876298Z       ORDER BY t."Id"
test	Dump API Logs on Failure	2026-07-29T03:43:48.7876681Z info: Microsoft.EntityFrameworkCore.Database.Command[20101]
test	Dump API Logs on Failure	2026-07-29T03:43:48.7877196Z       Executed DbCommand (5ms) [Parameters=[], CommandType='Text', CommandTimeout='30']
test	Dump API Logs on Failure	2026-07-29T03:43:48.7878801Z       SELECT t."Id", t."AssetId", t."AssignedToUserId", t."ClaimedAt", t."ClaimedByUserId", t."CreatedAt", t."DepartmentId", t."Description", t."Priority", t."ResolutionNote", t."SlaBreached", t."SlaDeadline", t."Status", t."TicketNumber", t."Title", t."VerifiedAt", t."VerifiedByUserId", a."Id", a."BlobPath", a."FileName", a."TicketId", a."UploadedAt", a."UploadedByUserId"
test	Dump API Logs on Failure	2026-07-29T03:43:48.7880192Z       FROM "Tickets" AS t
test	Dump API Logs on Failure	2026-07-29T03:43:48.7880489Z       LEFT JOIN "Attachments" AS a ON t."Id" = a."TicketId"
test	Dump API Logs on Failure	2026-07-29T03:43:48.7880797Z       ORDER BY t."Id"
test	Dump API Logs on Failure	2026-07-29T03:43:48.7881177Z info: Microsoft.EntityFrameworkCore.Database.Command[20101]
test	Dump API Logs on Failure	2026-07-29T03:43:48.7881848Z       Executed DbCommand (13ms) [Parameters=[@__sevenDaysAgo_0='?' (DbType = DateTime)], CommandType='Text', CommandTimeout='30']
test	Dump API Logs on Failure	2026-07-29T03:43:48.7882416Z       SELECT count(*)::int
test	Dump API Logs on Failure	2026-07-29T03:43:48.7882640Z       FROM "Tickets" AS t
test	Dump API Logs on Failure	2026-07-29T03:43:48.7882910Z       WHERE t."CreatedAt" >= @__sevenDaysAgo_0
test	Dump API Logs on Failure	2026-07-29T03:43:48.7883481Z info: Microsoft.EntityFrameworkCore.Database.Command[20101]
test	Dump API Logs on Failure	2026-07-29T03:43:48.7884147Z       Executed DbCommand (16ms) [Parameters=[@__sevenDaysAgo_0='?' (DbType = DateTime)], CommandType='Text', CommandTimeout='30']
test	Dump API Logs on Failure	2026-07-29T03:43:48.7884686Z       SELECT count(*)::int
test	Dump API Logs on Failure	2026-07-29T03:43:48.7884908Z       FROM "Tickets" AS t
test	Dump API Logs on Failure	2026-07-29T03:43:48.7885181Z       WHERE t."CreatedAt" >= @__sevenDaysAgo_0
test	Dump API Logs on Failure	2026-07-29T03:43:48.7885630Z info: Microsoft.EntityFrameworkCore.Database.Command[20101]
test	Dump API Logs on Failure	2026-07-29T03:43:48.7886644Z       Executed DbCommand (0ms) [Parameters=[@__fourteenDaysAgo_0='?' (DbType = DateTime), @__sevenDaysAgo_1='?' (DbType = DateTime)], CommandType='Text', CommandTimeout='30']
test	Dump API Logs on Failure	2026-07-29T03:43:48.7887318Z       SELECT count(*)::int
test	Dump API Logs on Failure	2026-07-29T03:43:48.7887543Z       FROM "Tickets" AS t
test	Dump API Logs on Failure	2026-07-29T03:43:48.7887930Z       WHERE t."CreatedAt" >= @__fourteenDaysAgo_0 AND t."CreatedAt" < @__sevenDaysAgo_1
test	Dump API Logs on Failure	2026-07-29T03:43:48.7888500Z info: Microsoft.EntityFrameworkCore.Database.Command[20101]
test	Dump API Logs on Failure	2026-07-29T03:43:48.7889337Z       Executed DbCommand (9ms) [Parameters=[@__fourteenDaysAgo_0='?' (DbType = DateTime), @__sevenDaysAgo_1='?' (DbType = DateTime)], CommandType='Text', CommandTimeout='30']
test	Dump API Logs on Failure	2026-07-29T03:43:48.7890013Z       SELECT count(*)::int
test	Dump API Logs on Failure	2026-07-29T03:43:48.7890238Z       FROM "Tickets" AS t
test	Dump API Logs on Failure	2026-07-29T03:43:48.7890624Z       WHERE t."CreatedAt" >= @__fourteenDaysAgo_0 AND t."CreatedAt" < @__sevenDaysAgo_1
test	Dump API Logs on Failure	2026-07-29T03:43:48.7891189Z info: Microsoft.EntityFrameworkCore.Database.Command[20101]
test	Dump API Logs on Failure	2026-07-29T03:43:48.7891851Z       Executed DbCommand (1ms) [Parameters=[@__sevenDaysAgo_0='?' (DbType = DateTime)], CommandType='Text', CommandTimeout='30']
test	Dump API Logs on Failure	2026-07-29T03:43:48.7892380Z       SELECT count(*)::int
test	Dump API Logs on Failure	2026-07-29T03:43:48.7892603Z       FROM "Tickets" AS t
test	Dump API Logs on Failure	2026-07-29T03:43:48.7892927Z       WHERE t."SlaBreached" AND t."CreatedAt" >= @__sevenDaysAgo_0
test	Dump API Logs on Failure	2026-07-29T03:43:48.7893434Z info: Microsoft.EntityFrameworkCore.Database.Command[20101]
test	Dump API Logs on Failure	2026-07-29T03:43:48.7894101Z       Executed DbCommand (2ms) [Parameters=[@__sevenDaysAgo_0='?' (DbType = DateTime)], CommandType='Text', CommandTimeout='30']
test	Dump API Logs on Failure	2026-07-29T03:43:48.7894643Z       SELECT count(*)::int
test	Dump API Logs on Failure	2026-07-29T03:43:48.7894862Z       FROM "Tickets" AS t
test	Dump API Logs on Failure	2026-07-29T03:43:48.7895180Z       WHERE t."SlaBreached" AND t."CreatedAt" >= @__sevenDaysAgo_0
test	Dump API Logs on Failure	2026-07-29T03:43:48.7895680Z info: Microsoft.EntityFrameworkCore.Database.Command[20101]
test	Dump API Logs on Failure	2026-07-29T03:43:48.7897063Z       Executed DbCommand (1ms) [Parameters=[@__fourteenDaysAgo_0='?' (DbType = DateTime), @__sevenDaysAgo_1='?' (DbType = DateTime)], CommandType='Text', CommandTimeout='30']
test	Dump API Logs on Failure	2026-07-29T03:43:48.7897774Z       SELECT count(*)::int
test	Dump API Logs on Failure	2026-07-29T03:43:48.7898015Z       FROM "Tickets" AS t
test	Dump API Logs on Failure	2026-07-29T03:43:48.7898502Z       WHERE t."SlaBreached" AND t."CreatedAt" >= @__fourteenDaysAgo_0 AND t."CreatedAt" < @__sevenDaysAgo_1
test	Dump API Logs on Failure	2026-07-29T03:43:48.7899163Z info: Microsoft.EntityFrameworkCore.Database.Command[20101]
test	Dump API Logs on Failure	2026-07-29T03:43:48.7900022Z       Executed DbCommand (1ms) [Parameters=[@__fourteenDaysAgo_0='?' (DbType = DateTime), @__sevenDaysAgo_1='?' (DbType = DateTime)], CommandType='Text', CommandTimeout='30']
test	Dump API Logs on Failure	2026-07-29T03:43:48.7901001Z       SELECT count(*)::int
test	Dump API Logs on Failure	2026-07-29T03:43:48.7901229Z       FROM "Tickets" AS t
test	Dump API Logs on Failure	2026-07-29T03:43:48.7901702Z       WHERE t."SlaBreached" AND t."CreatedAt" >= @__fourteenDaysAgo_0 AND t."CreatedAt" < @__sevenDaysAgo_1
test	Dump API Logs on Failure	2026-07-29T03:43:48.7902342Z info: Microsoft.EntityFrameworkCore.Database.Command[20101]
test	Dump API Logs on Failure	2026-07-29T03:43:48.7903020Z       Executed DbCommand (8ms) [Parameters=[@__sevenDaysAgo_0='?' (DbType = DateTime)], CommandType='Text', CommandTimeout='30']
test	Dump API Logs on Failure	2026-07-29T03:43:48.7903552Z       SELECT count(*)::int
test	Dump API Logs on Failure	2026-07-29T03:43:48.7903778Z       FROM "AuditLogs" AS a
test	Dump API Logs on Failure	2026-07-29T03:43:48.7904229Z       WHERE a."EntityName" = 'Asset' AND a."Action" = 'Added' AND a."Timestamp" >= @__sevenDaysAgo_0
test	Dump API Logs on Failure	2026-07-29T03:43:48.7904829Z info: Microsoft.EntityFrameworkCore.Database.Command[20101]
test	Dump API Logs on Failure	2026-07-29T03:43:48.7905347Z       Executed DbCommand (2ms) [Parameters=[], CommandType='Text', CommandTimeout='30']
test	Dump API Logs on Failure	2026-07-29T03:43:48.7906070Z       SELECT d."Id", d."Name"
test	Dump API Logs on Failure	2026-07-29T03:43:48.7906329Z       FROM "Departments" AS d
test	Dump API Logs on Failure	2026-07-29T03:43:48.7906558Z       ORDER BY d."Name"
test	Dump API Logs on Failure	2026-07-29T03:43:48.7906942Z info: Microsoft.EntityFrameworkCore.Database.Command[20101]
test	Dump API Logs on Failure	2026-07-29T03:43:48.7907623Z       Executed DbCommand (21ms) [Parameters=[@__sevenDaysAgo_0='?' (DbType = DateTime)], CommandType='Text', CommandTimeout='30']
test	Dump API Logs on Failure	2026-07-29T03:43:48.7908158Z       SELECT count(*)::int
test	Dump API Logs on Failure	2026-07-29T03:43:48.7908381Z       FROM "AuditLogs" AS a
test	Dump API Logs on Failure	2026-07-29T03:43:48.7908825Z       WHERE a."EntityName" = 'Asset' AND a."Action" = 'Added' AND a."Timestamp" >= @__sevenDaysAgo_0
test	Dump API Logs on Failure	2026-07-29T03:43:48.7909423Z info: Microsoft.EntityFrameworkCore.Database.Command[20101]
test	Dump API Logs on Failure	2026-07-29T03:43:48.7910255Z       Executed DbCommand (5ms) [Parameters=[@__fourteenDaysAgo_0='?' (DbType = DateTime), @__sevenDaysAgo_1='?' (DbType = DateTime)], CommandType='Text', CommandTimeout='30']
test	Dump API Logs on Failure	2026-07-29T03:43:48.7910928Z       SELECT count(*)::int
test	Dump API Logs on Failure	2026-07-29T03:43:48.7911148Z       FROM "AuditLogs" AS a
test	Dump API Logs on Failure	2026-07-29T03:43:48.7911735Z       WHERE a."EntityName" = 'Asset' AND a."Action" = 'Added' AND a."Timestamp" >= @__fourteenDaysAgo_0 AND a."Timestamp" < @__sevenDaysAgo_1
test	Dump API Logs on Failure	2026-07-29T03:43:48.7912455Z info: Microsoft.EntityFrameworkCore.Database.Command[20101]
test	Dump API Logs on Failure	2026-07-29T03:43:48.7913284Z       Executed DbCommand (8ms) [Parameters=[@__fourteenDaysAgo_0='?' (DbType = DateTime), @__sevenDaysAgo_1='?' (DbType = DateTime)], CommandType='Text', CommandTimeout='30']
test	Dump API Logs on Failure	2026-07-29T03:43:48.7913952Z       SELECT count(*)::int
test	Dump API Logs on Failure	2026-07-29T03:43:48.7914176Z       FROM "AuditLogs" AS a
test	Dump API Logs on Failure	2026-07-29T03:43:48.7914751Z       WHERE a."EntityName" = 'Asset' AND a."Action" = 'Added' AND a."Timestamp" >= @__fourteenDaysAgo_0 AND a."Timestamp" < @__sevenDaysAgo_1
test	Dump API Logs on Failure	2026-07-29T03:43:48.7915467Z info: Microsoft.EntityFrameworkCore.Database.Command[20101]
test	Dump API Logs on Failure	2026-07-29T03:43:48.7916108Z       Executed DbCommand (2ms) [Parameters=[], CommandType='Text', CommandTimeout='30']
test	Dump API Logs on Failure	2026-07-29T03:43:48.7916523Z       SELECT count(*)::int
test	Dump API Logs on Failure	2026-07-29T03:43:48.7916741Z       FROM "Assets" AS a
test	Dump API Logs on Failure	2026-07-29T03:43:48.7916988Z       WHERE a."Status" <> 'Retired'
test	Dump API Logs on Failure	2026-07-29T03:43:48.7917403Z info: Microsoft.EntityFrameworkCore.Database.Command[20101]
test	Dump API Logs on Failure	2026-07-29T03:43:48.7917919Z       Executed DbCommand (3ms) [Parameters=[], CommandType='Text', CommandTimeout='30']
test	Dump API Logs on Failure	2026-07-29T03:43:48.7918321Z       SELECT count(*)::int
test	Dump API Logs on Failure	2026-07-29T03:43:48.7918540Z       FROM "Assets" AS a
test	Dump API Logs on Failure	2026-07-29T03:43:48.7918780Z       WHERE a."Status" <> 'Retired'
test	Dump API Logs on Failure	2026-07-29T03:43:48.7919191Z info: Microsoft.EntityFrameworkCore.Database.Command[20101]
test	Dump API Logs on Failure	2026-07-29T03:43:48.7919701Z       Executed DbCommand (1ms) [Parameters=[], CommandType='Text', CommandTimeout='30']
test	Dump API Logs on Failure	2026-07-29T03:43:48.7920153Z       SELECT a."Id", a."FullName", a."AvatarUrl"
test	Dump API Logs on Failure	2026-07-29T03:43:48.7920449Z       FROM "AspNetUsers" AS a
test	Dump API Logs on Failure	2026-07-29T03:43:48.7920864Z info: Microsoft.EntityFrameworkCore.Database.Command[20101]
test	Dump API Logs on Failure	2026-07-29T03:43:48.7921384Z       Executed DbCommand (1ms) [Parameters=[], CommandType='Text', CommandTimeout='30']
test	Dump API Logs on Failure	2026-07-29T03:43:48.7921974Z       SELECT a."Id", a."FullName", a."AvatarUrl"
test	Dump API Logs on Failure	2026-07-29T03:43:48.7922256Z       FROM "AspNetUsers" AS a
test	Dump API Logs on Failure	2026-07-29T03:43:48.7922658Z info: Microsoft.EntityFrameworkCore.Database.Command[20101]
test	Dump API Logs on Failure	2026-07-29T03:43:48.7923172Z       Executed DbCommand (1ms) [Parameters=[], CommandType='Text', CommandTimeout='30']
test	Dump API Logs on Failure	2026-07-29T03:43:48.7923571Z       SELECT d."Id", d."Name"
test	Dump API Logs on Failure	2026-07-29T03:43:48.7923799Z       FROM "Departments" AS d
test	Dump API Logs on Failure	2026-07-29T03:43:48.7924026Z       ORDER BY d."Name"
test	Dump API Logs on Failure	2026-07-29T03:43:48.7924406Z info: Microsoft.EntityFrameworkCore.Database.Command[20101]
test	Dump API Logs on Failure	2026-07-29T03:43:48.7925131Z       Executed DbCommand (3ms) [Parameters=[], CommandType='Text', CommandTimeout='30']
test	Dump API Logs on Failure	2026-07-29T03:43:48.7925592Z       SELECT d."Id", d."Name"
test	Dump API Logs on Failure	2026-07-29T03:43:48.7925827Z       FROM "Departments" AS d
test	Dump API Logs on Failure	2026-07-29T03:43:48.7926201Z       ORDER BY d."Name"
test	Dump API Logs on Failure	2026-07-29T03:43:48.7926812Z [RLS DEBUG] deptClaim: '11111111-1111-1111-1111-111111111111', roleClaim: 'Admin'
test	Dump API Logs on Failure	2026-07-29T03:43:48.7927686Z [RLS DEBUG] Claim: http://schemas.xmlsoap.org/ws/2005/05/identity/claims/nameidentifier = 848a4929-6f32-4ea1-9f6e-79161dd4d9fb
test	Dump API Logs on Failure	2026-07-29T03:43:48.7928615Z [RLS DEBUG] Claim: http://schemas.xmlsoap.org/ws/2005/05/identity/claims/emailaddress = alice@test.com
test	Dump API Logs on Failure	2026-07-29T03:43:48.7929372Z [RLS DEBUG] Claim: http://schemas.microsoft.com/ws/2008/06/identity/claims/role = Admin
test	Dump API Logs on Failure	2026-07-29T03:43:48.7929977Z [RLS DEBUG] Claim: department_id = 11111111-1111-1111-1111-111111111111
test	Dump API Logs on Failure	2026-07-29T03:43:48.7930409Z [RLS DEBUG] Claim: full_name = Alice Admin
test	Dump API Logs on Failure	2026-07-29T03:43:48.7930745Z [RLS DEBUG] Claim: exp = 1785297461
test	Dump API Logs on Failure	2026-07-29T03:43:48.7931074Z [RLS DEBUG] Claim: iss = servicedesk-api
test	Dump API Logs on Failure	2026-07-29T03:43:48.7931414Z [RLS DEBUG] Claim: aud = servicedesk-ui
test	Dump API Logs on Failure	2026-07-29T03:43:48.7931849Z info: Microsoft.EntityFrameworkCore.Database.Command[20101]
test	Dump API Logs on Failure	2026-07-29T03:43:48.7932377Z       Executed DbCommand (1ms) [Parameters=[], CommandType='Text', CommandTimeout='30']
test	Dump API Logs on Failure	2026-07-29T03:43:48.7932859Z       SELECT a."Id", a."Name", a."Status", a."DepartmentId"
test	Dump API Logs on Failure	2026-07-29T03:43:48.7933166Z       FROM "Assets" AS a
test	Dump API Logs on Failure	2026-07-29T03:43:48.7933611Z info: Microsoft.EntityFrameworkCore.Database.Command[20101]
test	Dump API Logs on Failure	2026-07-29T03:43:48.7947466Z       Executed DbCommand (1ms) [Parameters=[@__id_0='?' (DbType = Guid)], CommandType='Text', CommandTimeout='30']
test	Dump API Logs on Failure	2026-07-29T03:43:48.7948239Z       SELECT t."Id", t."TicketId", t."UserId", a."FullName", a."AvatarUrl", t."Content", t."CreatedAt"
test	Dump API Logs on Failure	2026-07-29T03:43:48.7948727Z       FROM "TicketComments" AS t
test	Dump API Logs on Failure	2026-07-29T03:43:48.7949076Z       INNER JOIN "AspNetUsers" AS a ON t."UserId" = a."Id"
test	Dump API Logs on Failure	2026-07-29T03:43:48.7949428Z       WHERE t."TicketId" = @__id_0
test	Dump API Logs on Failure	2026-07-29T03:43:48.7949688Z       ORDER BY t."CreatedAt"
test	Dump API Logs on Failure	2026-07-29T03:43:48.7950185Z [RLS DEBUG] deptClaim: '11111111-1111-1111-1111-111111111111', roleClaim: 'Admin'
test	Dump API Logs on Failure	2026-07-29T03:43:48.7951086Z [RLS DEBUG] Claim: http://schemas.xmlsoap.org/ws/2005/05/identity/claims/nameidentifier = 848a4929-6f32-4ea1-9f6e-79161dd4d9fb
test	Dump API Logs on Failure	2026-07-29T03:43:48.7952033Z [RLS DEBUG] Claim: http://schemas.xmlsoap.org/ws/2005/05/identity/claims/emailaddress = alice@test.com
test	Dump API Logs on Failure	2026-07-29T03:43:48.7952816Z [RLS DEBUG] Claim: http://schemas.microsoft.com/ws/2008/06/identity/claims/role = Admin
test	Dump API Logs on Failure	2026-07-29T03:43:48.7953444Z [RLS DEBUG] Claim: department_id = 11111111-1111-1111-1111-111111111111
test	Dump API Logs on Failure	2026-07-29T03:43:48.7953883Z [RLS DEBUG] Claim: full_name = Alice Admin
test	Dump API Logs on Failure	2026-07-29T03:43:48.7954224Z [RLS DEBUG] Claim: exp = 1785297461
test	Dump API Logs on Failure	2026-07-29T03:43:48.7954562Z [RLS DEBUG] Claim: iss = servicedesk-api
test	Dump API Logs on Failure	2026-07-29T03:43:48.7954907Z [RLS DEBUG] Claim: aud = servicedesk-ui
test	Dump API Logs on Failure	2026-07-29T03:43:48.7955353Z info: Microsoft.EntityFrameworkCore.Database.Command[20101]
test	Dump API Logs on Failure	2026-07-29T03:43:48.7956258Z       Executed DbCommand (3ms) [Parameters=[@__id_0='?' (DbType = Guid)], CommandType='Text', CommandTimeout='30']
test	Dump API Logs on Failure	2026-07-29T03:43:48.7958019Z       SELECT t0."Id", t0."AssetId", t0."AssignedToUserId", t0."ClaimedAt", t0."ClaimedByUserId", t0."CreatedAt", t0."DepartmentId", t0."Description", t0."Priority", t0."ResolutionNote", t0."SlaBreached", t0."SlaDeadline", t0."Status", t0."TicketNumber", t0."Title", t0."VerifiedAt", t0."VerifiedByUserId", a."Id", a."BlobPath", a."FileName", a."TicketId", a."UploadedAt", a."UploadedByUserId"
test	Dump API Logs on Failure	2026-07-29T03:43:48.7959537Z       FROM (
test	Dump API Logs on Failure	2026-07-29T03:43:48.7960652Z           SELECT t."Id", t."AssetId", t."AssignedToUserId", t."ClaimedAt", t."ClaimedByUserId", t."CreatedAt", t."DepartmentId", t."Description", t."Priority", t."ResolutionNote", t."SlaBreached", t."SlaDeadline", t."Status", t."TicketNumber", t."Title", t."VerifiedAt", t."VerifiedByUserId"
test	Dump API Logs on Failure	2026-07-29T03:43:48.7961688Z           FROM "Tickets" AS t
test	Dump API Logs on Failure	2026-07-29T03:43:48.7961953Z           WHERE t."Id" = @__id_0
test	Dump API Logs on Failure	2026-07-29T03:43:48.7962184Z           LIMIT 1
test	Dump API Logs on Failure	2026-07-29T03:43:48.7962382Z       ) AS t0
test	Dump API Logs on Failure	2026-07-29T03:43:48.7962669Z       LEFT JOIN "Attachments" AS a ON t0."Id" = a."TicketId"
test	Dump API Logs on Failure	2026-07-29T03:43:48.7963117Z       ORDER BY t0."Id"
test	Dump API Logs on Failure	2026-07-29T03:43:48.7963514Z info: Microsoft.EntityFrameworkCore.Database.Command[20101]
test	Dump API Logs on Failure	2026-07-29T03:43:48.7964497Z       Executed DbCommand (2ms) [Parameters=[@p0='?', @p1='?', @p2='?', @p3='?', @p4='?' (DbType = Object), @p5='?' (DbType = Object), @p6='?' (DbType = DateTime), @p9='?' (DbType = Guid), @p7='?', @p8='?'], CommandType='Text', CommandTimeout='30']
test	Dump API Logs on Failure	2026-07-29T03:43:48.7965577Z       INSERT INTO "AuditLogs" ("Action", "ChangedByUserId", "EntityId", "EntityName", "NewValues", "OldValues", "Timestamp")
test	Dump API Logs on Failure	2026-07-29T03:43:48.7966645Z       VALUES (@p0, @p1, @p2, @p3, @p4, @p5, @p6)
test	Dump API Logs on Failure	2026-07-29T03:43:48.7967051Z       RETURNING "Id";
test	Dump API Logs on Failure	2026-07-29T03:43:48.7967385Z       UPDATE "Tickets" SET "AssignedToUserId" = @p7, "Status" = @p8
test	Dump API Logs on Failure	2026-07-29T03:43:48.7967737Z       WHERE "Id" = @p9;
test	Dump API Logs on Failure	2026-07-29T03:43:48.7968200Z [RLS DEBUG] deptClaim: '11111111-1111-1111-1111-111111111111', roleClaim: 'Admin'
test	Dump API Logs on Failure	2026-07-29T03:43:48.7969081Z [RLS DEBUG] Claim: http://schemas.xmlsoap.org/ws/2005/05/identity/claims/nameidentifier = 848a4929-6f32-4ea1-9f6e-79161dd4d9fb
test	Dump API Logs on Failure	2026-07-29T03:43:48.7970008Z [RLS DEBUG] Claim: http://schemas.xmlsoap.org/ws/2005/05/identity/claims/emailaddress = alice@test.com
test	Dump API Logs on Failure	2026-07-29T03:43:48.7970769Z [RLS DEBUG] Claim: http://schemas.microsoft.com/ws/2008/06/identity/claims/role = Admin
test	Dump API Logs on Failure	2026-07-29T03:43:48.7971378Z [RLS DEBUG] Claim: department_id = 11111111-1111-1111-1111-111111111111
test	Dump API Logs on Failure	2026-07-29T03:43:48.7971815Z [RLS DEBUG] Claim: full_name = Alice Admin
test	Dump API Logs on Failure	2026-07-29T03:43:48.7972144Z [RLS DEBUG] Claim: exp = 1785297461
test	Dump API Logs on Failure	2026-07-29T03:43:48.7972469Z [RLS DEBUG] Claim: iss = servicedesk-api
test	Dump API Logs on Failure	2026-07-29T03:43:48.7972807Z [RLS DEBUG] Claim: aud = servicedesk-ui
test	Dump API Logs on Failure	2026-07-29T03:43:48.7973240Z info: Microsoft.EntityFrameworkCore.Database.Command[20101]
test	Dump API Logs on Failure	2026-07-29T03:43:48.7973767Z       Executed DbCommand (2ms) [Parameters=[], CommandType='Text', CommandTimeout='30']
test	Dump API Logs on Failure	2026-07-29T03:43:48.7974221Z       SELECT a."Id", a."FullName", a."AvatarUrl"
test	Dump API Logs on Failure	2026-07-29T03:43:48.7974516Z       FROM "AspNetUsers" AS a
test	Dump API Logs on Failure	2026-07-29T03:43:48.7974931Z info: Microsoft.EntityFrameworkCore.Database.Command[20101]
test	Dump API Logs on Failure	2026-07-29T03:43:48.7975445Z       Executed DbCommand (3ms) [Parameters=[], CommandType='Text', CommandTimeout='30']
test	Dump API Logs on Failure	2026-07-29T03:43:48.7975853Z       SELECT d."Id", d."Name"
test	Dump API Logs on Failure	2026-07-29T03:43:48.7976343Z       FROM "Departments" AS d
test	Dump API Logs on Failure	2026-07-29T03:43:48.7976579Z       ORDER BY d."Name"
test	Dump API Logs on Failure	2026-07-29T03:43:48.7976968Z info: Microsoft.EntityFrameworkCore.Database.Command[20101]
test	Dump API Logs on Failure	2026-07-29T03:43:48.7977498Z       Executed DbCommand (2ms) [Parameters=[], CommandType='Text', CommandTimeout='30']
test	Dump API Logs on Failure	2026-07-29T03:43:48.7979111Z       SELECT t."Id", t."AssetId", t."AssignedToUserId", t."ClaimedAt", t."ClaimedByUserId", t."CreatedAt", t."DepartmentId", t."Description", t."Priority", t."ResolutionNote", t."SlaBreached", t."SlaDeadline", t."Status", t."TicketNumber", t."Title", t."VerifiedAt", t."VerifiedByUserId", a."Id", a."BlobPath", a."FileName", a."TicketId", a."UploadedAt", a."UploadedByUserId"
test	Dump API Logs on Failure	2026-07-29T03:43:48.7980397Z       FROM "Tickets" AS t
test	Dump API Logs on Failure	2026-07-29T03:43:48.7980708Z       LEFT JOIN "Attachments" AS a ON t."Id" = a."TicketId"
test	Dump API Logs on Failure	2026-07-29T03:43:48.7981189Z       ORDER BY t."Id"
test	Dump API Logs on Failure	2026-07-29T03:43:48.7981582Z info: Microsoft.EntityFrameworkCore.Database.Command[20101]
test	Dump API Logs on Failure	2026-07-29T03:43:48.7982194Z       Executed DbCommand (3ms) [Parameters=[@__id_0='?' (DbType = Guid)], CommandType='Text', CommandTimeout='30']
test	Dump API Logs on Failure	2026-07-29T03:43:48.7982884Z       SELECT t."Id", t."TicketId", t."UserId", a."FullName", a."AvatarUrl", t."Content", t."CreatedAt"
test	Dump API Logs on Failure	2026-07-29T03:43:48.7983344Z       FROM "TicketComments" AS t
test	Dump API Logs on Failure	2026-07-29T03:43:48.7983669Z       INNER JOIN "AspNetUsers" AS a ON t."UserId" = a."Id"
test	Dump API Logs on Failure	2026-07-29T03:43:48.7984002Z       WHERE t."TicketId" = @__id_0
test	Dump API Logs on Failure	2026-07-29T03:43:48.7984252Z       ORDER BY t."CreatedAt"
test	Dump API Logs on Failure	2026-07-29T03:43:48.7984654Z info: Microsoft.EntityFrameworkCore.Database.Command[20101]
test	Dump API Logs on Failure	2026-07-29T03:43:48.7985268Z       Executed DbCommand (1ms) [Parameters=[@__normalizedEmail_0='?'], CommandType='Text', CommandTimeout='30']
test	Dump API Logs on Failure	2026-07-29T03:43:48.7987216Z       SELECT a."Id", a."AccessFailedCount", a."AvatarUrl", a."ConcurrencyStamp", a."DepartmentId", a."Email", a."EmailConfirmed", a."FullName", a."LockoutEnabled", a."LockoutEnd", a."NormalizedEmail", a."NormalizedUserName", a."PasswordHash", a."PhoneNumber", a."PhoneNumberConfirmed", a."SecurityStamp", a."TwoFactorEnabled", a."UserName"
test	Dump API Logs on Failure	2026-07-29T03:43:48.7988455Z       FROM "AspNetUsers" AS a
test	Dump API Logs on Failure	2026-07-29T03:43:48.7988768Z       WHERE a."NormalizedEmail" = @__normalizedEmail_0
test	Dump API Logs on Failure	2026-07-29T03:43:48.7989063Z       LIMIT 2
test	Dump API Logs on Failure	2026-07-29T03:43:48.7989429Z info: Microsoft.EntityFrameworkCore.Database.Command[20101]
test	Dump API Logs on Failure	2026-07-29T03:43:48.7990014Z       Executed DbCommand (1ms) [Parameters=[@__userId_0='?'], CommandType='Text', CommandTimeout='30']
test	Dump API Logs on Failure	2026-07-29T03:43:48.7990465Z       SELECT a0."Name"
test	Dump API Logs on Failure	2026-07-29T03:43:48.7990707Z       FROM "AspNetUserRoles" AS a
test	Dump API Logs on Failure	2026-07-29T03:43:48.7991043Z       INNER JOIN "AspNetRoles" AS a0 ON a."RoleId" = a0."Id"
test	Dump API Logs on Failure	2026-07-29T03:43:48.7991384Z       WHERE a."UserId" = @__userId_0
test	Dump API Logs on Failure	2026-07-29T03:43:48.7991810Z info: Microsoft.EntityFrameworkCore.Database.Command[20101]
test	Dump API Logs on Failure	2026-07-29T03:43:48.7992725Z       Executed DbCommand (1ms) [Parameters=[@p0='?' (DbType = Guid), @p1='?' (DbType = DateTime), @p2='?' (DbType = DateTime), @p3='?' (DbType = Boolean), @p4='?', @p5='?'], CommandType='Text', CommandTimeout='30']
test	Dump API Logs on Failure	2026-07-29T03:43:48.7993659Z       INSERT INTO "RefreshTokens" ("Id", "CreatedAt", "Expires", "Revoked", "TokenHash", "UserId")
test	Dump API Logs on Failure	2026-07-29T03:43:48.7994136Z       VALUES (@p0, @p1, @p2, @p3, @p4, @p5);
test	Dump API Logs on Failure	2026-07-29T03:43:48.7994585Z info: Microsoft.EntityFrameworkCore.Database.Command[20101]
test	Dump API Logs on Failure	2026-07-29T03:43:48.7995201Z       Executed DbCommand (2ms) [Parameters=[@__normalizedEmail_0='?'], CommandType='Text', CommandTimeout='30']
test	Dump API Logs on Failure	2026-07-29T03:43:48.7997078Z       SELECT a."Id", a."AccessFailedCount", a."AvatarUrl", a."ConcurrencyStamp", a."DepartmentId", a."Email", a."EmailConfirmed", a."FullName", a."LockoutEnabled", a."LockoutEnd", a."NormalizedEmail", a."NormalizedUserName", a."PasswordHash", a."PhoneNumber", a."PhoneNumberConfirmed", a."SecurityStamp", a."TwoFactorEnabled", a."UserName"
test	Dump API Logs on Failure	2026-07-29T03:43:48.7998324Z       FROM "AspNetUsers" AS a
test	Dump API Logs on Failure	2026-07-29T03:43:48.7998642Z       WHERE a."NormalizedEmail" = @__normalizedEmail_0
test	Dump API Logs on Failure	2026-07-29T03:43:48.7998937Z       LIMIT 2
test	Dump API Logs on Failure	2026-07-29T03:43:48.7999305Z info: Microsoft.EntityFrameworkCore.Database.Command[20101]
test	Dump API Logs on Failure	2026-07-29T03:43:48.7999882Z       Executed DbCommand (1ms) [Parameters=[@__userId_0='?'], CommandType='Text', CommandTimeout='30']
test	Dump API Logs on Failure	2026-07-29T03:43:48.8000333Z       SELECT a0."Name"
test	Dump API Logs on Failure	2026-07-29T03:43:48.8000574Z       FROM "AspNetUserRoles" AS a
test	Dump API Logs on Failure	2026-07-29T03:43:48.8000933Z       INNER JOIN "AspNetRoles" AS a0 ON a."RoleId" = a0."Id"
test	Dump API Logs on Failure	2026-07-29T03:43:48.8001276Z       WHERE a."UserId" = @__userId_0
test	Dump API Logs on Failure	2026-07-29T03:43:48.8001698Z info: Microsoft.EntityFrameworkCore.Database.Command[20101]
test	Dump API Logs on Failure	2026-07-29T03:43:48.8002603Z       Executed DbCommand (1ms) [Parameters=[@p0='?' (DbType = Guid), @p1='?' (DbType = DateTime), @p2='?' (DbType = DateTime), @p3='?' (DbType = Boolean), @p4='?', @p5='?'], CommandType='Text', CommandTimeout='30']
test	Dump API Logs on Failure	2026-07-29T03:43:48.8003690Z       INSERT INTO "RefreshTokens" ("Id", "CreatedAt", "Expires", "Revoked", "TokenHash", "UserId")
test	Dump API Logs on Failure	2026-07-29T03:43:48.8004173Z       VALUES (@p0, @p1, @p2, @p3, @p4, @p5);
test	Dump API Logs on Failure	2026-07-29T03:43:48.8004695Z [RLS DEBUG] deptClaim: '11111111-1111-1111-1111-111111111111', roleClaim: 'Agent'
test	Dump API Logs on Failure	2026-07-29T03:43:48.8005579Z [RLS DEBUG] Claim: http://schemas.xmlsoap.org/ws/2005/05/identity/claims/nameidentifier = 65d5d5de-beb9-410f-9ee1-ba57176a152b
test	Dump API Logs on Failure	2026-07-29T03:43:48.8006721Z [RLS DEBUG] Claim: http://schemas.xmlsoap.org/ws/2005/05/identity/claims/emailaddress = bob@test.com
test	Dump API Logs on Failure	2026-07-29T03:43:48.8007471Z [RLS DEBUG] Claim: http://schemas.microsoft.com/ws/2008/06/identity/claims/role = Agent
test	Dump API Logs on Failure	2026-07-29T03:43:48.8008084Z [RLS DEBUG] Claim: department_id = 11111111-1111-1111-1111-111111111111
test	Dump API Logs on Failure	2026-07-29T03:43:48.8008519Z [RLS DEBUG] Claim: full_name = Bob Agent
test	Dump API Logs on Failure	2026-07-29T03:43:48.8008977Z [RLS DEBUG] Claim: exp = 1785297464
test	Dump API Logs on Failure	2026-07-29T03:43:48.8009304Z [RLS DEBUG] Claim: iss = servicedesk-api
test	Dump API Logs on Failure	2026-07-29T03:43:48.8009654Z [RLS DEBUG] Claim: aud = servicedesk-ui
test	Dump API Logs on Failure	2026-07-29T03:43:48.8010092Z info: Microsoft.EntityFrameworkCore.Database.Command[20101]
test	Dump API Logs on Failure	2026-07-29T03:43:48.8010615Z       Executed DbCommand (0ms) [Parameters=[], CommandType='Text', CommandTimeout='30']
test	Dump API Logs on Failure	2026-07-29T03:43:48.8011100Z       SELECT a."Id", a."Name", a."Status", a."DepartmentId"
test	Dump API Logs on Failure	2026-07-29T03:43:48.8011405Z       FROM "Assets" AS a
test	Dump API Logs on Failure	2026-07-29T03:43:48.8011870Z [RLS DEBUG] deptClaim: '11111111-1111-1111-1111-111111111111', roleClaim: 'Agent'
test	Dump API Logs on Failure	2026-07-29T03:43:48.8012741Z [RLS DEBUG] Claim: http://schemas.xmlsoap.org/ws/2005/05/identity/claims/nameidentifier = 65d5d5de-beb9-410f-9ee1-ba57176a152b
test	Dump API Logs on Failure	2026-07-29T03:43:48.8013647Z [RLS DEBUG] Claim: http://schemas.xmlsoap.org/ws/2005/05/identity/claims/emailaddress = bob@test.com
test	Dump API Logs on Failure	2026-07-29T03:43:48.8014389Z [RLS DEBUG] Claim: http://schemas.microsoft.com/ws/2008/06/identity/claims/role = Agent
test	Dump API Logs on Failure	2026-07-29T03:43:48.8014995Z [RLS DEBUG] Claim: department_id = 11111111-1111-1111-1111-111111111111
test	Dump API Logs on Failure	2026-07-29T03:43:48.8015418Z [RLS DEBUG] Claim: full_name = Bob Agent
test	Dump API Logs on Failure	2026-07-29T03:43:48.8015741Z [RLS DEBUG] Claim: exp = 1785297464
test	Dump API Logs on Failure	2026-07-29T03:43:48.8016273Z [RLS DEBUG] Claim: iss = servicedesk-api
test	Dump API Logs on Failure	2026-07-29T03:43:48.8016612Z [RLS DEBUG] Claim: aud = servicedesk-ui
test	Dump API Logs on Failure	2026-07-29T03:43:48.8017033Z info: Microsoft.EntityFrameworkCore.Database.Command[20101]
test	Dump API Logs on Failure	2026-07-29T03:43:48.8017698Z       Executed DbCommand (0ms) [Parameters=[@__request_AssetId_0='?' (DbType = Guid)], CommandType='Text', CommandTimeout='30']
test	Dump API Logs on Failure	2026-07-29T03:43:48.8018218Z       SELECT EXISTS (
test	Dump API Logs on Failure	2026-07-29T03:43:48.8018419Z           SELECT 1
test	Dump API Logs on Failure	2026-07-29T03:43:48.8018614Z           FROM "Assets" AS a
test	Dump API Logs on Failure	2026-07-29T03:43:48.8018883Z           WHERE a."Id" = @__request_AssetId_0)
test	Dump API Logs on Failure	2026-07-29T03:43:48.8019325Z info: Microsoft.EntityFrameworkCore.Database.Command[20101]
test	Dump API Logs on Failure	2026-07-29T03:43:48.8021066Z       Executed DbCommand (2ms) [Parameters=[@p0='?', @p1='?', @p2='?', @p3='?', @p4='?' (DbType = Object), @p5='?' (DbType = Object), @p6='?' (DbType = DateTime), @p7='?' (DbType = Guid), @p8='?' (DbType = Guid), @p9='?', @p10='?' (DbType = DateTime), @p11='?', @p12='?' (DbType = DateTime), @p13='?' (DbType = Guid), @p14='?', @p15='?', @p16='?', @p17='?' (DbType = Boolean), @p18='?' (DbType = DateTime), @p19='?', @p20='?', @p21='?' (DbType = DateTime), @p22='?'], CommandType='Text', CommandTimeout='30']
test	Dump API Logs on Failure	2026-07-29T03:43:48.8022807Z       INSERT INTO "AuditLogs" ("Action", "ChangedByUserId", "EntityId", "EntityName", "NewValues", "OldValues", "Timestamp")
test	Dump API Logs on Failure	2026-07-29T03:43:48.8023366Z       VALUES (@p0, @p1, @p2, @p3, @p4, @p5, @p6)
test	Dump API Logs on Failure	2026-07-29T03:43:48.8023640Z       RETURNING "Id";
test	Dump API Logs on Failure	2026-07-29T03:43:48.8024632Z       INSERT INTO "Tickets" ("Id", "AssetId", "AssignedToUserId", "ClaimedAt", "ClaimedByUserId", "CreatedAt", "DepartmentId", "Description", "Priority", "ResolutionNote", "SlaBreached", "SlaDeadline", "Status", "Title", "VerifiedAt", "VerifiedByUserId")
test	Dump API Logs on Failure	2026-07-29T03:43:48.8025756Z       VALUES (@p7, @p8, @p9, @p10, @p11, @p12, @p13, @p14, @p15, @p16, @p17, @p18, @p19, @p20, @p21, @p22)
test	Dump API Logs on Failure	2026-07-29T03:43:48.8026609Z       RETURNING "TicketNumber";
test	Dump API Logs on Failure	2026-07-29T03:43:48.8027125Z [RLS DEBUG] deptClaim: '22222222-2222-2222-2222-222222222222', roleClaim: 'Manager'
test	Dump API Logs on Failure	2026-07-29T03:43:48.8028022Z [RLS DEBUG] Claim: http://schemas.xmlsoap.org/ws/2005/05/identity/claims/nameidentifier = 616bf164-5499-4863-a791-ba63b3062eae
test	Dump API Logs on Failure	2026-07-29T03:43:48.8028957Z [RLS DEBUG] Claim: http://schemas.xmlsoap.org/ws/2005/05/identity/claims/emailaddress = charlie@test.com
test	Dump API Logs on Failure	2026-07-29T03:43:48.8029731Z [RLS DEBUG] Claim: http://schemas.microsoft.com/ws/2008/06/identity/claims/role = Manager
test	Dump API Logs on Failure	2026-07-29T03:43:48.8030349Z [RLS DEBUG] Claim: department_id = 22222222-2222-2222-2222-222222222222
test	Dump API Logs on Failure	2026-07-29T03:43:48.8030795Z [RLS DEBUG] Claim: full_name = Charlie Manager
test	Dump API Logs on Failure	2026-07-29T03:43:48.8031144Z [RLS DEBUG] Claim: exp = 1785297464
test	Dump API Logs on Failure	2026-07-29T03:43:48.8031602Z [RLS DEBUG] Claim: iss = servicedesk-api
test	Dump API Logs on Failure	2026-07-29T03:43:48.8031942Z [RLS DEBUG] Claim: aud = servicedesk-ui
test	Dump API Logs on Failure	2026-07-29T03:43:48.8032381Z info: Microsoft.EntityFrameworkCore.Database.Command[20101]
test	Dump API Logs on Failure	2026-07-29T03:43:48.8032996Z       Executed DbCommand (2ms) [Parameters=[@__id_0='?' (DbType = Guid)], CommandType='Text', CommandTimeout='30']
test	Dump API Logs on Failure	2026-07-29T03:43:48.8034744Z       SELECT t0."Id", t0."AssetId", t0."AssignedToUserId", t0."ClaimedAt", t0."ClaimedByUserId", t0."CreatedAt", t0."DepartmentId", t0."Description", t0."Priority", t0."ResolutionNote", t0."SlaBreached", t0."SlaDeadline", t0."Status", t0."TicketNumber", t0."Title", t0."VerifiedAt", t0."VerifiedByUserId", a."Id", a."BlobPath", a."FileName", a."TicketId", a."UploadedAt", a."UploadedByUserId"
test	Dump API Logs on Failure	2026-07-29T03:43:48.8036336Z       FROM (
test	Dump API Logs on Failure	2026-07-29T03:43:48.8037461Z           SELECT t."Id", t."AssetId", t."AssignedToUserId", t."ClaimedAt", t."ClaimedByUserId", t."CreatedAt", t."DepartmentId", t."Description", t."Priority", t."ResolutionNote", t."SlaBreached", t."SlaDeadline", t."Status", t."TicketNumber", t."Title", t."VerifiedAt", t."VerifiedByUserId"
test	Dump API Logs on Failure	2026-07-29T03:43:48.8038533Z           FROM "Tickets" AS t
test	Dump API Logs on Failure	2026-07-29T03:43:48.8038807Z           WHERE t."Id" = @__id_0
test	Dump API Logs on Failure	2026-07-29T03:43:48.8039046Z           LIMIT 1
test	Dump API Logs on Failure	2026-07-29T03:43:48.8039238Z       ) AS t0
test	Dump API Logs on Failure	2026-07-29T03:43:48.8039515Z       LEFT JOIN "Attachments" AS a ON t0."Id" = a."TicketId"
test	Dump API Logs on Failure	2026-07-29T03:43:48.8039830Z       ORDER BY t0."Id"
test	Dump API Logs on Failure	2026-07-29T03:43:48.8040219Z info: Microsoft.EntityFrameworkCore.Database.Command[20101]
test	Dump API Logs on Failure	2026-07-29T03:43:48.8040842Z       Executed DbCommand (2ms) [Parameters=[@__normalizedEmail_0='?'], CommandType='Text', CommandTimeout='30']
test	Dump API Logs on Failure	2026-07-29T03:43:48.8042453Z       SELECT a."Id", a."AccessFailedCount", a."AvatarUrl", a."ConcurrencyStamp", a."DepartmentId", a."Email", a."EmailConfirmed", a."FullName", a."LockoutEnabled", a."LockoutEnd", a."NormalizedEmail", a."NormalizedUserName", a."PasswordHash", a."PhoneNumber", a."PhoneNumberConfirmed", a."SecurityStamp", a."TwoFactorEnabled", a."UserName"
test	Dump API Logs on Failure	2026-07-29T03:43:48.8043690Z       FROM "AspNetUsers" AS a
test	Dump API Logs on Failure	2026-07-29T03:43:48.8043998Z       WHERE a."NormalizedEmail" = @__normalizedEmail_0
test	Dump API Logs on Failure	2026-07-29T03:43:48.8044294Z       LIMIT 2
test	Dump API Logs on Failure	2026-07-29T03:43:48.8044662Z info: Microsoft.EntityFrameworkCore.Database.Command[20101]
test	Dump API Logs on Failure	2026-07-29T03:43:48.8045252Z       Executed DbCommand (3ms) [Parameters=[@__userId_0='?'], CommandType='Text', CommandTimeout='30']
test	Dump API Logs on Failure	2026-07-29T03:43:48.8045711Z       SELECT a0."Name"
test	Dump API Logs on Failure	2026-07-29T03:43:48.8046146Z       FROM "AspNetUserRoles" AS a
test	Dump API Logs on Failure	2026-07-29T03:43:48.8046494Z       INNER JOIN "AspNetRoles" AS a0 ON a."RoleId" = a0."Id"
test	Dump API Logs on Failure	2026-07-29T03:43:48.8046834Z       WHERE a."UserId" = @__userId_0
test	Dump API Logs on Failure	2026-07-29T03:43:48.8047257Z info: Microsoft.EntityFrameworkCore.Database.Command[20101]
test	Dump API Logs on Failure	2026-07-29T03:43:48.8048178Z       Executed DbCommand (1ms) [Parameters=[@p0='?' (DbType = Guid), @p1='?' (DbType = DateTime), @p2='?' (DbType = DateTime), @p3='?' (DbType = Boolean), @p4='?', @p5='?'], CommandType='Text', CommandTimeout='30']
test	Dump API Logs on Failure	2026-07-29T03:43:48.8049130Z       INSERT INTO "RefreshTokens" ("Id", "CreatedAt", "Expires", "Revoked", "TokenHash", "UserId")
test	Dump API Logs on Failure	2026-07-29T03:43:48.8049764Z       VALUES (@p0, @p1, @p2, @p3, @p4, @p5);
test	Dump API Logs on Failure	2026-07-29T03:43:48.8050282Z [RLS DEBUG] deptClaim: '11111111-1111-1111-1111-111111111111', roleClaim: 'Agent'
test	Dump API Logs on Failure	2026-07-29T03:43:48.8051157Z [RLS DEBUG] Claim: http://schemas.xmlsoap.org/ws/2005/05/identity/claims/nameidentifier = 65d5d5de-beb9-410f-9ee1-ba57176a152b
test	Dump API Logs on Failure	2026-07-29T03:43:48.8052072Z [RLS DEBUG] Claim: http://schemas.xmlsoap.org/ws/2005/05/identity/claims/emailaddress = bob@test.com
test	Dump API Logs on Failure	2026-07-29T03:43:48.8052819Z [RLS DEBUG] Claim: http://schemas.microsoft.com/ws/2008/06/identity/claims/role = Agent
test	Dump API Logs on Failure	2026-07-29T03:43:48.8053432Z [RLS DEBUG] Claim: department_id = 11111111-1111-1111-1111-111111111111
test	Dump API Logs on Failure	2026-07-29T03:43:48.8053857Z [RLS DEBUG] Claim: full_name = Bob Agent
test	Dump API Logs on Failure	2026-07-29T03:43:48.8054191Z [RLS DEBUG] Claim: exp = 1785297466
test	Dump API Logs on Failure	2026-07-29T03:43:48.8054516Z [RLS DEBUG] Claim: iss = servicedesk-api
test	Dump API Logs on Failure	2026-07-29T03:43:48.8055127Z [RLS DEBUG] Claim: aud = servicedesk-ui
test	Dump API Logs on Failure	2026-07-29T03:43:48.8055697Z [RLS DEBUG] deptClaim: '11111111-1111-1111-1111-111111111111', roleClaim: 'Agent'
test	Dump API Logs on Failure	2026-07-29T03:43:48.8056828Z [RLS DEBUG] Claim: http://schemas.xmlsoap.org/ws/2005/05/identity/claims/nameidentifier = 65d5d5de-beb9-410f-9ee1-ba57176a152b
test	Dump API Logs on Failure	2026-07-29T03:43:48.8057735Z [RLS DEBUG] Claim: http://schemas.xmlsoap.org/ws/2005/05/identity/claims/emailaddress = bob@test.com
test	Dump API Logs on Failure	2026-07-29T03:43:48.8058478Z [RLS DEBUG] Claim: http://schemas.microsoft.com/ws/2008/06/identity/claims/role = Agent
test	Dump API Logs on Failure	2026-07-29T03:43:48.8059085Z [RLS DEBUG] Claim: department_id = 11111111-1111-1111-1111-111111111111
test	Dump API Logs on Failure	2026-07-29T03:43:48.8059509Z [RLS DEBUG] Claim: full_name = Bob Agent
test	Dump API Logs on Failure	2026-07-29T03:43:48.8059830Z [RLS DEBUG] Claim: exp = 1785297466
test	Dump API Logs on Failure	2026-07-29T03:43:48.8060156Z [RLS DEBUG] Claim: iss = servicedesk-api
test	Dump API Logs on Failure	2026-07-29T03:43:48.8060490Z [RLS DEBUG] Claim: aud = servicedesk-ui
test	Dump API Logs on Failure	2026-07-29T03:43:48.8060933Z info: Microsoft.EntityFrameworkCore.Database.Command[20101]
test	Dump API Logs on Failure	2026-07-29T03:43:48.8061465Z       Executed DbCommand (1ms) [Parameters=[], CommandType='Text', CommandTimeout='30']
test	Dump API Logs on Failure	2026-07-29T03:43:48.8063077Z       SELECT t."Id", t."AssetId", t."AssignedToUserId", t."ClaimedAt", t."ClaimedByUserId", t."CreatedAt", t."DepartmentId", t."Description", t."Priority", t."ResolutionNote", t."SlaBreached", t."SlaDeadline", t."Status", t."TicketNumber", t."Title", t."VerifiedAt", t."VerifiedByUserId", a."Id", a."BlobPath", a."FileName", a."TicketId", a."UploadedAt", a."UploadedByUserId"
test	Dump API Logs on Failure	2026-07-29T03:43:48.8064358Z       FROM "Tickets" AS t
test	Dump API Logs on Failure	2026-07-29T03:43:48.8064660Z       LEFT JOIN "Attachments" AS a ON t."Id" = a."TicketId"
test	Dump API Logs on Failure	2026-07-29T03:43:48.8064963Z       ORDER BY t."Id"
test	Dump API Logs on Failure	2026-07-29T03:43:48.8065346Z info: Microsoft.EntityFrameworkCore.Database.Command[20101]
test	Dump API Logs on Failure	2026-07-29T03:43:48.8066248Z       Executed DbCommand (1ms) [Parameters=[@__deptId_0='?' (DbType = Guid), @__thirtyDaysAgo_1='?' (DbType = DateTime)], CommandType='Text', CommandTimeout='30']
test	Dump API Logs on Failure	2026-07-29T03:43:48.8067130Z       SELECT date_trunc('day', COALESCE(t."VerifiedAt", t."CreatedAt"), 'UTC') AS "Date", t."SlaBreached"
test	Dump API Logs on Failure	2026-07-29T03:43:48.8067597Z       FROM "Tickets" AS t
test	Dump API Logs on Failure	2026-07-29T03:43:48.8068215Z       WHERE t."DepartmentId" = @__deptId_0 AND t."Status" IN ('Resolved', 'Closed') AND COALESCE(t."VerifiedAt", t."CreatedAt") >= @__thirtyDaysAgo_1
test	Dump API Logs on Failure	2026-07-29T03:43:48.8068971Z info: Microsoft.EntityFrameworkCore.Database.Command[20101]
test	Dump API Logs on Failure	2026-07-29T03:43:48.8069749Z       Executed DbCommand (10ms) [Parameters=[@__deptId_0='?' (DbType = Guid), @__sevenDaysAgo_1='?' (DbType = DateTime)], CommandType='Text', CommandTimeout='30']
test	Dump API Logs on Failure	2026-07-29T03:43:48.8070400Z       SELECT count(*)::int
test	Dump API Logs on Failure	2026-07-29T03:43:48.8070625Z       FROM "Tickets" AS t
test	Dump API Logs on Failure	2026-07-29T03:43:48.8070996Z       WHERE t."DepartmentId" = @__deptId_0 AND t."CreatedAt" >= @__sevenDaysAgo_1
test	Dump API Logs on Failure	2026-07-29T03:43:48.8071544Z info: Microsoft.EntityFrameworkCore.Database.Command[20101]
test	Dump API Logs on Failure	2026-07-29T03:43:48.8072474Z       Executed DbCommand (6ms) [Parameters=[@__deptId_0='?' (DbType = Guid), @__fourteenDaysAgo_1='?' (DbType = DateTime), @__sevenDaysAgo_2='?' (DbType = DateTime)], CommandType='Text', CommandTimeout='30']
test	Dump API Logs on Failure	2026-07-29T03:43:48.8073391Z       SELECT count(*)::int
test	Dump API Logs on Failure	2026-07-29T03:43:48.8073612Z       FROM "Tickets" AS t
test	Dump API Logs on Failure	2026-07-29T03:43:48.8074130Z       WHERE t."DepartmentId" = @__deptId_0 AND t."CreatedAt" >= @__fourteenDaysAgo_1 AND t."CreatedAt" < @__sevenDaysAgo_2
test	Dump API Logs on Failure	2026-07-29T03:43:48.8074813Z info: Microsoft.EntityFrameworkCore.Database.Command[20101]
test	Dump API Logs on Failure	2026-07-29T03:43:48.8075584Z       Executed DbCommand (1ms) [Parameters=[@__deptId_0='?' (DbType = Guid), @__sevenDaysAgo_1='?' (DbType = DateTime)], CommandType='Text', CommandTimeout='30']
test	Dump API Logs on Failure	2026-07-29T03:43:48.8076325Z       SELECT count(*)::int
test	Dump API Logs on Failure	2026-07-29T03:43:48.8076546Z       FROM "Tickets" AS t
test	Dump API Logs on Failure	2026-07-29T03:43:48.8076986Z       WHERE t."DepartmentId" = @__deptId_0 AND t."SlaBreached" AND t."CreatedAt" >= @__sevenDaysAgo_1
test	Dump API Logs on Failure	2026-07-29T03:43:48.8077596Z info: Microsoft.EntityFrameworkCore.Database.Command[20101]
test	Dump API Logs on Failure	2026-07-29T03:43:48.8078652Z       Executed DbCommand (2ms) [Parameters=[@__deptId_0='?' (DbType = Guid), @__fourteenDaysAgo_1='?' (DbType = DateTime), @__sevenDaysAgo_2='?' (DbType = DateTime)], CommandType='Text', CommandTimeout='30']
test	Dump API Logs on Failure	2026-07-29T03:43:48.8079411Z       SELECT count(*)::int
test	Dump API Logs on Failure	2026-07-29T03:43:48.8079636Z       FROM "Tickets" AS t
test	Dump API Logs on Failure	2026-07-29T03:43:48.8080227Z       WHERE t."DepartmentId" = @__deptId_0 AND t."SlaBreached" AND t."CreatedAt" >= @__fourteenDaysAgo_1 AND t."CreatedAt" < @__sevenDaysAgo_2
test	Dump API Logs on Failure	2026-07-29T03:43:48.8080995Z info: Microsoft.EntityFrameworkCore.Database.Command[20101]
test	Dump API Logs on Failure	2026-07-29T03:43:48.8081662Z       Executed DbCommand (2ms) [Parameters=[@__sevenDaysAgo_0='?' (DbType = DateTime)], CommandType='Text', CommandTimeout='30']
test	Dump API Logs on Failure	2026-07-29T03:43:48.8082192Z       SELECT count(*)::int
test	Dump API Logs on Failure	2026-07-29T03:43:48.8082416Z       FROM "AuditLogs" AS a
test	Dump API Logs on Failure	2026-07-29T03:43:48.8082854Z       WHERE a."EntityName" = 'Asset' AND a."Action" = 'Added' AND a."Timestamp" >= @__sevenDaysAgo_0
test	Dump API Logs on Failure	2026-07-29T03:43:48.8083454Z info: Microsoft.EntityFrameworkCore.Database.Command[20101]
test	Dump API Logs on Failure	2026-07-29T03:43:48.8084283Z       Executed DbCommand (2ms) [Parameters=[@__fourteenDaysAgo_0='?' (DbType = DateTime), @__sevenDaysAgo_1='?' (DbType = DateTime)], CommandType='Text', CommandTimeout='30']
test	Dump API Logs on Failure	2026-07-29T03:43:48.8084963Z       SELECT count(*)::int
test	Dump API Logs on Failure	2026-07-29T03:43:48.8085190Z       FROM "AuditLogs" AS a
test	Dump API Logs on Failure	2026-07-29T03:43:48.8085770Z       WHERE a."EntityName" = 'Asset' AND a."Action" = 'Added' AND a."Timestamp" >= @__fourteenDaysAgo_0 AND a."Timestamp" < @__sevenDaysAgo_1
test	Dump API Logs on Failure	2026-07-29T03:43:48.8086617Z info: Microsoft.EntityFrameworkCore.Database.Command[20101]
test	Dump API Logs on Failure	2026-07-29T03:43:48.8087250Z       Executed DbCommand (1ms) [Parameters=[@__deptId_0='?' (DbType = Guid)], CommandType='Text', CommandTimeout='30']
test	Dump API Logs on Failure	2026-07-29T03:43:48.8087750Z       SELECT count(*)::int
test	Dump API Logs on Failure	2026-07-29T03:43:48.8087972Z       FROM "Assets" AS a
test	Dump API Logs on Failure	2026-07-29T03:43:48.8088315Z       WHERE a."Status" <> 'Retired' AND a."DepartmentId" = @__deptId_0
test	Dump API Logs on Failure	2026-07-29T03:43:48.8088855Z info: Microsoft.EntityFrameworkCore.Database.Command[20101]
test	Dump API Logs on Failure	2026-07-29T03:43:48.8089385Z       Executed DbCommand (1ms) [Parameters=[], CommandType='Text', CommandTimeout='30']
test	Dump API Logs on Failure	2026-07-29T03:43:48.8089796Z       SELECT d."Id", d."Name"
test	Dump API Logs on Failure	2026-07-29T03:43:48.8090032Z       FROM "Departments" AS d
test	Dump API Logs on Failure	2026-07-29T03:43:48.8090262Z       ORDER BY d."Name"
test	Dump API Logs on Failure	2026-07-29T03:43:48.8090646Z info: Microsoft.EntityFrameworkCore.Database.Command[20101]
test	Dump API Logs on Failure	2026-07-29T03:43:48.8091313Z       Executed DbCommand (2ms) [Parameters=[@__departmentId_0='?' (DbType = Guid)], CommandType='Text', CommandTimeout='30']
test	Dump API Logs on Failure	2026-07-29T03:43:48.8091882Z       SELECT a."Id", a."FullName", a."AvatarUrl"
test	Dump API Logs on Failure	2026-07-29T03:43:48.8092166Z       FROM "AspNetUsers" AS a
test	Dump API Logs on Failure	2026-07-29T03:43:48.8092451Z       WHERE a."DepartmentId" = @__departmentId_0
test	Dump API Logs on Failure	2026-07-29T03:43:48.8092975Z [RLS DEBUG] deptClaim: '11111111-1111-1111-1111-111111111111', roleClaim: 'Agent'
test	Dump API Logs on Failure	2026-07-29T03:43:48.8093847Z [RLS DEBUG] Claim: http://schemas.xmlsoap.org/ws/2005/05/identity/claims/nameidentifier = 65d5d5de-beb9-410f-9ee1-ba57176a152b
test	Dump API Logs on Failure	2026-07-29T03:43:48.8094763Z [RLS DEBUG] Claim: http://schemas.xmlsoap.org/ws/2005/05/identity/claims/emailaddress = bob@test.com
test	Dump API Logs on Failure	2026-07-29T03:43:48.8095638Z [RLS DEBUG] Claim: http://schemas.microsoft.com/ws/2008/06/identity/claims/role = Agent
test	Dump API Logs on Failure	2026-07-29T03:43:48.8096368Z [RLS DEBUG] Claim: department_id = 11111111-1111-1111-1111-111111111111
test	Dump API Logs on Failure	2026-07-29T03:43:48.8096799Z [RLS DEBUG] Claim: full_name = Bob Agent
test	Dump API Logs on Failure	2026-07-29T03:43:48.8097126Z [RLS DEBUG] Claim: exp = 1785297466
test	Dump API Logs on Failure	2026-07-29T03:43:48.8097452Z [RLS DEBUG] Claim: iss = servicedesk-api
test	Dump API Logs on Failure	2026-07-29T03:43:48.8097786Z [RLS DEBUG] Claim: aud = servicedesk-ui
test	Dump API Logs on Failure	2026-07-29T03:43:48.8098216Z info: Microsoft.EntityFrameworkCore.Database.Command[20101]
test	Dump API Logs on Failure	2026-07-29T03:43:48.8098739Z       Executed DbCommand (1ms) [Parameters=[], CommandType='Text', CommandTimeout='30']
test	Dump API Logs on Failure	2026-07-29T03:43:48.8099141Z       SELECT d."Id", d."Name"
test	Dump API Logs on Failure	2026-07-29T03:43:48.8099374Z       FROM "Departments" AS d
test	Dump API Logs on Failure	2026-07-29T03:43:48.8099730Z       ORDER BY d."Name"
test	Dump API Logs on Failure	2026-07-29T03:43:48.8100112Z info: Microsoft.EntityFrameworkCore.Database.Command[20101]
test	Dump API Logs on Failure	2026-07-29T03:43:48.8100627Z       Executed DbCommand (3ms) [Parameters=[], CommandType='Text', CommandTimeout='30']
test	Dump API Logs on Failure	2026-07-29T03:43:48.8101116Z       SELECT a."Id", a."Name", a."Status", a."DepartmentId"
test	Dump API Logs on Failure	2026-07-29T03:43:48.8101419Z       FROM "Assets" AS a
test	Dump API Logs on Failure	2026-07-29T03:43:48.8101875Z [RLS DEBUG] deptClaim: '11111111-1111-1111-1111-111111111111', roleClaim: 'Agent'
test	Dump API Logs on Failure	2026-07-29T03:43:48.8102745Z [RLS DEBUG] Claim: http://schemas.xmlsoap.org/ws/2005/05/identity/claims/nameidentifier = 65d5d5de-beb9-410f-9ee1-ba57176a152b
test	Dump API Logs on Failure	2026-07-29T03:43:48.8103647Z [RLS DEBUG] Claim: http://schemas.xmlsoap.org/ws/2005/05/identity/claims/emailaddress = bob@test.com
test	Dump API Logs on Failure	2026-07-29T03:43:48.8104390Z [RLS DEBUG] Claim: http://schemas.microsoft.com/ws/2008/06/identity/claims/role = Agent
test	Dump API Logs on Failure	2026-07-29T03:43:48.8104988Z [RLS DEBUG] Claim: department_id = 11111111-1111-1111-1111-111111111111
test	Dump API Logs on Failure	2026-07-29T03:43:48.8105418Z [RLS DEBUG] Claim: full_name = Bob Agent
test	Dump API Logs on Failure	2026-07-29T03:43:48.8105743Z [RLS DEBUG] Claim: exp = 1785297466
test	Dump API Logs on Failure	2026-07-29T03:43:48.8106196Z [RLS DEBUG] Claim: iss = servicedesk-api
test	Dump API Logs on Failure	2026-07-29T03:43:48.8106533Z [RLS DEBUG] Claim: aud = servicedesk-ui
test	Dump API Logs on Failure	2026-07-29T03:43:48.8106962Z info: Microsoft.EntityFrameworkCore.Database.Command[20101]
test	Dump API Logs on Failure	2026-07-29T03:43:48.8107628Z       Executed DbCommand (0ms) [Parameters=[@__request_AssetId_0='?' (DbType = Guid)], CommandType='Text', CommandTimeout='30']
test	Dump API Logs on Failure	2026-07-29T03:43:48.8108145Z       SELECT EXISTS (
test	Dump API Logs on Failure	2026-07-29T03:43:48.8108351Z           SELECT 1
test	Dump API Logs on Failure	2026-07-29T03:43:48.8108553Z           FROM "Assets" AS a
test	Dump API Logs on Failure	2026-07-29T03:43:48.8108822Z           WHERE a."Id" = @__request_AssetId_0)
test	Dump API Logs on Failure	2026-07-29T03:43:48.8109262Z info: Microsoft.EntityFrameworkCore.Database.Command[20101]
test	Dump API Logs on Failure	2026-07-29T03:43:48.8111012Z       Executed DbCommand (1ms) [Parameters=[@p0='?', @p1='?', @p2='?', @p3='?', @p4='?' (DbType = Object), @p5='?' (DbType = Object), @p6='?' (DbType = DateTime), @p7='?' (DbType = Guid), @p8='?' (DbType = Guid), @p9='?', @p10='?' (DbType = DateTime), @p11='?', @p12='?' (DbType = DateTime), @p13='?' (DbType = Guid), @p14='?', @p15='?', @p16='?', @p17='?' (DbType = Boolean), @p18='?' (DbType = DateTime), @p19='?', @p20='?', @p21='?' (DbType = DateTime), @p22='?'], CommandType='Text', CommandTimeout='30']
test	Dump API Logs on Failure	2026-07-29T03:43:48.8112751Z       INSERT INTO "AuditLogs" ("Action", "ChangedByUserId", "EntityId", "EntityName", "NewValues", "OldValues", "Timestamp")
test	Dump API Logs on Failure	2026-07-29T03:43:48.8113313Z       VALUES (@p0, @p1, @p2, @p3, @p4, @p5, @p6)
test	Dump API Logs on Failure	2026-07-29T03:43:48.8113592Z       RETURNING "Id";
test	Dump API Logs on Failure	2026-07-29T03:43:48.8114590Z       INSERT INTO "Tickets" ("Id", "AssetId", "AssignedToUserId", "ClaimedAt", "ClaimedByUserId", "CreatedAt", "DepartmentId", "Description", "Priority", "ResolutionNote", "SlaBreached", "SlaDeadline", "Status", "Title", "VerifiedAt", "VerifiedByUserId")
test	Dump API Logs on Failure	2026-07-29T03:43:48.8115716Z       VALUES (@p7, @p8, @p9, @p10, @p11, @p12, @p13, @p14, @p15, @p16, @p17, @p18, @p19, @p20, @p21, @p22)
test	Dump API Logs on Failure	2026-07-29T03:43:48.8116275Z       RETURNING "TicketNumber";
test	Dump API Logs on Failure	2026-07-29T03:43:48.8116911Z [RLS DEBUG] deptClaim: '11111111-1111-1111-1111-111111111111', roleClaim: 'Agent'
test	Dump API Logs on Failure	2026-07-29T03:43:48.8117775Z [RLS DEBUG] Claim: http://schemas.xmlsoap.org/ws/2005/05/identity/claims/nameidentifier = 65d5d5de-beb9-410f-9ee1-ba57176a152b
test	Dump API Logs on Failure	2026-07-29T03:43:48.8118683Z [RLS DEBUG] Claim: http://schemas.xmlsoap.org/ws/2005/05/identity/claims/emailaddress = bob@test.com
test	Dump API Logs on Failure	2026-07-29T03:43:48.8119429Z [RLS DEBUG] Claim: http://schemas.microsoft.com/ws/2008/06/identity/claims/role = Agent
test	Dump API Logs on Failure	2026-07-29T03:43:48.8120037Z [RLS DEBUG] Claim: department_id = 11111111-1111-1111-1111-111111111111
test	Dump API Logs on Failure	2026-07-29T03:43:48.8120461Z [RLS DEBUG] Claim: full_name = Bob Agent
test	Dump API Logs on Failure	2026-07-29T03:43:48.8120795Z [RLS DEBUG] Claim: exp = 1785297466
test	Dump API Logs on Failure	2026-07-29T03:43:48.8121118Z [RLS DEBUG] Claim: iss = servicedesk-api
test	Dump API Logs on Failure	2026-07-29T03:43:48.8121518Z [RLS DEBUG] Claim: aud = servicedesk-ui
test	Dump API Logs on Failure	2026-07-29T03:43:48.8122505Z info: Microsoft.EntityFrameworkCore.Database.Command[20101]
test	Dump API Logs on Failure	2026-07-29T03:43:48.8123074Z       Executed DbCommand (1ms) [Parameters=[], CommandType='Text', CommandTimeout='30']
test	Dump API Logs on Failure	2026-07-29T03:43:48.8123496Z       SELECT d."Id", d."Name"
test	Dump API Logs on Failure	2026-07-29T03:43:48.8123744Z       FROM "Departments" AS d
test	Dump API Logs on Failure	2026-07-29T03:43:48.8123977Z       ORDER BY d."Name"
test	Dump API Logs on Failure	2026-07-29T03:43:48.8124365Z info: Microsoft.EntityFrameworkCore.Database.Command[20101]
test	Dump API Logs on Failure	2026-07-29T03:43:48.8124901Z       Executed DbCommand (2ms) [Parameters=[], CommandType='Text', CommandTimeout='30']
test	Dump API Logs on Failure	2026-07-29T03:43:48.8126650Z       SELECT t."Id", t."AssetId", t."AssignedToUserId", t."ClaimedAt", t."ClaimedByUserId", t."CreatedAt", t."DepartmentId", t."Description", t."Priority", t."ResolutionNote", t."SlaBreached", t."SlaDeadline", t."Status", t."TicketNumber", t."Title", t."VerifiedAt", t."VerifiedByUserId", a."Id", a."BlobPath", a."FileName", a."TicketId", a."UploadedAt", a."UploadedByUserId"
test	Dump API Logs on Failure	2026-07-29T03:43:48.8127935Z       FROM "Tickets" AS t
test	Dump API Logs on Failure	2026-07-29T03:43:48.8128238Z       LEFT JOIN "Attachments" AS a ON t."Id" = a."TicketId"
test	Dump API Logs on Failure	2026-07-29T03:43:48.8128539Z       ORDER BY t."Id"
test	Dump API Logs on Failure	2026-07-29T03:43:48.8128921Z info: Microsoft.EntityFrameworkCore.Database.Command[20101]
test	Dump API Logs on Failure	2026-07-29T03:43:48.8129573Z       Executed DbCommand (3ms) [Parameters=[@__departmentId_0='?' (DbType = Guid)], CommandType='Text', CommandTimeout='30']
test	Dump API Logs on Failure	2026-07-29T03:43:48.8130140Z       SELECT a."Id", a."FullName", a."AvatarUrl"
test	Dump API Logs on Failure	2026-07-29T03:43:48.8130422Z       FROM "AspNetUsers" AS a
test	Dump API Logs on Failure	2026-07-29T03:43:48.8130705Z       WHERE a."DepartmentId" = @__departmentId_0
test	Dump API Logs on Failure	2026-07-29T03:43:48.8131161Z info: Microsoft.EntityFrameworkCore.Database.Command[20101]
test	Dump API Logs on Failure	2026-07-29T03:43:48.8131761Z       Executed DbCommand (2ms) [Parameters=[@__id_0='?' (DbType = Guid)], CommandType='Text', CommandTimeout='30']
test	Dump API Logs on Failure	2026-07-29T03:43:48.8132450Z       SELECT t."Id", t."TicketId", t."UserId", a."FullName", a."AvatarUrl", t."Content", t."CreatedAt"
test	Dump API Logs on Failure	2026-07-29T03:43:48.8132909Z       FROM "TicketComments" AS t
test	Dump API Logs on Failure	2026-07-29T03:43:48.8133239Z       INNER JOIN "AspNetUsers" AS a ON t."UserId" = a."Id"
test	Dump API Logs on Failure	2026-07-29T03:43:48.8133571Z       WHERE t."TicketId" = @__id_0
test	Dump API Logs on Failure	2026-07-29T03:43:48.8133820Z       ORDER BY t."CreatedAt"
test	Dump API Logs on Failure	2026-07-29T03:43:48.8134290Z [RLS DEBUG] deptClaim: '11111111-1111-1111-1111-111111111111', roleClaim: 'Agent'
test	Dump API Logs on Failure	2026-07-29T03:43:48.8135160Z [RLS DEBUG] Claim: http://schemas.xmlsoap.org/ws/2005/05/identity/claims/nameidentifier = 65d5d5de-beb9-410f-9ee1-ba57176a152b
test	Dump API Logs on Failure	2026-07-29T03:43:48.8136189Z [RLS DEBUG] Claim: http://schemas.xmlsoap.org/ws/2005/05/identity/claims/emailaddress = bob@test.com
test	Dump API Logs on Failure	2026-07-29T03:43:48.8136938Z [RLS DEBUG] Claim: http://schemas.microsoft.com/ws/2008/06/identity/claims/role = Agent
test	Dump API Logs on Failure	2026-07-29T03:43:48.8137545Z [RLS DEBUG] Claim: department_id = 11111111-1111-1111-1111-111111111111
test	Dump API Logs on Failure	2026-07-29T03:43:48.8137963Z [RLS DEBUG] Claim: full_name = Bob Agent
test	Dump API Logs on Failure	2026-07-29T03:43:48.8138322Z [RLS DEBUG] Claim: exp = 1785297466
test	Dump API Logs on Failure	2026-07-29T03:43:48.8138645Z [RLS DEBUG] Claim: iss = servicedesk-api
test	Dump API Logs on Failure	2026-07-29T03:43:48.8138986Z [RLS DEBUG] Claim: aud = servicedesk-ui
test	Dump API Logs on Failure	2026-07-29T03:43:48.8139415Z info: Microsoft.EntityFrameworkCore.Database.Command[20101]
test	Dump API Logs on Failure	2026-07-29T03:43:48.8140337Z       Executed DbCommand (1ms) [Parameters=[@__id_0='?' (DbType = Guid)], CommandType='Text', CommandTimeout='30']
test	Dump API Logs on Failure	2026-07-29T03:43:48.8142079Z       SELECT t0."Id", t0."AssetId", t0."AssignedToUserId", t0."ClaimedAt", t0."ClaimedByUserId", t0."CreatedAt", t0."DepartmentId", t0."Description", t0."Priority", t0."ResolutionNote", t0."SlaBreached", t0."SlaDeadline", t0."Status", t0."TicketNumber", t0."Title", t0."VerifiedAt", t0."VerifiedByUserId", a."Id", a."BlobPath", a."FileName", a."TicketId", a."UploadedAt", a."UploadedByUserId"
test	Dump API Logs on Failure	2026-07-29T03:43:48.8143386Z       FROM (
test	Dump API Logs on Failure	2026-07-29T03:43:48.8144480Z           SELECT t."Id", t."AssetId", t."AssignedToUserId", t."ClaimedAt", t."ClaimedByUserId", t."CreatedAt", t."DepartmentId", t."Description", t."Priority", t."ResolutionNote", t."SlaBreached", t."SlaDeadline", t."Status", t."TicketNumber", t."Title", t."VerifiedAt", t."VerifiedByUserId"
test	Dump API Logs on Failure	2026-07-29T03:43:48.8145636Z           FROM "Tickets" AS t
test	Dump API Logs on Failure	2026-07-29T03:43:48.8146047Z           WHERE t."Id" = @__id_0
test	Dump API Logs on Failure	2026-07-29T03:43:48.8146289Z           LIMIT 1
test	Dump API Logs on Failure	2026-07-29T03:43:48.8146477Z       ) AS t0
test	Dump API Logs on Failure	2026-07-29T03:43:48.8146758Z       LEFT JOIN "Attachments" AS a ON t0."Id" = a."TicketId"
test	Dump API Logs on Failure	2026-07-29T03:43:48.8147072Z       ORDER BY t0."Id"
test	Dump API Logs on Failure	2026-07-29T03:43:48.8147460Z info: Microsoft.EntityFrameworkCore.Database.Command[20101]
test	Dump API Logs on Failure	2026-07-29T03:43:48.8148157Z       Executed DbCommand (1ms) [Parameters=[@__CurrentDepartmentId_0='?' (DbType = Guid)], CommandType='Text', CommandTimeout='30']
test	Dump API Logs on Failure	2026-07-29T03:43:48.8148712Z       SELECT DISTINCT a."Id"
test	Dump API Logs on Failure	2026-07-29T03:43:48.8148946Z       FROM "AspNetUsers" AS a
test	Dump API Logs on Failure	2026-07-29T03:43:48.8149280Z       INNER JOIN "AspNetUserRoles" AS a0 ON a."Id" = a0."UserId"
test	Dump API Logs on Failure	2026-07-29T03:43:48.8149688Z       INNER JOIN "AspNetRoles" AS a1 ON a0."RoleId" = a1."Id"
test	Dump API Logs on Failure	2026-07-29T03:43:48.8150212Z       WHERE a."DepartmentId" = @__CurrentDepartmentId_0 AND a1."Name" IN ('Admin', 'Manager')
test	Dump API Logs on Failure	2026-07-29T03:43:48.8150825Z info: Microsoft.EntityFrameworkCore.Database.Command[20101]
test	Dump API Logs on Failure	2026-07-29T03:43:48.8152761Z       Executed DbCommand (2ms) [Parameters=[@p0='?', @p1='?', @p2='?', @p3='?', @p4='?' (DbType = Object), @p5='?' (DbType = Object), @p6='?' (DbType = DateTime), @p7='?' (DbType = Guid), @p8='?' (DbType = DateTime), @p9='?' (DbType = Boolean), @p10='?', @p11='?' (DbType = Guid), @p12='?', @p13='?', @p14='?' (DbType = Guid), @p15='?' (DbType = DateTime), @p16='?' (DbType = Boolean), @p17='?', @p18='?' (DbType = Guid), @p19='?', @p20='?', @p25='?' (DbType = Guid), @p21='?' (DbType = DateTime), @p22='?', @p23='?', @p24='?'], CommandType='Text', CommandTimeout='30']
test	Dump API Logs on Failure	2026-07-29T03:43:48.8154619Z       INSERT INTO "AuditLogs" ("Action", "ChangedByUserId", "EntityId", "EntityName", "NewValues", "OldValues", "Timestamp")
test	Dump API Logs on Failure	2026-07-29T03:43:48.8155188Z       VALUES (@p0, @p1, @p2, @p3, @p4, @p5, @p6)
test	Dump API Logs on Failure	2026-07-29T03:43:48.8155475Z       RETURNING "Id";
test	Dump API Logs on Failure	2026-07-29T03:43:48.8156037Z       INSERT INTO "Notifications" ("Id", "CreatedAt", "IsRead", "Message", "TicketId", "Type", "UserId")
test	Dump API Logs on Failure	2026-07-29T03:43:48.8156547Z       VALUES (@p7, @p8, @p9, @p10, @p11, @p12, @p13);
test	Dump API Logs on Failure	2026-07-29T03:43:48.8157061Z       INSERT INTO "Notifications" ("Id", "CreatedAt", "IsRead", "Message", "TicketId", "Type", "UserId")
test	Dump API Logs on Failure	2026-07-29T03:43:48.8157565Z       VALUES (@p14, @p15, @p16, @p17, @p18, @p19, @p20);
test	Dump API Logs on Failure	2026-07-29T03:43:48.8158128Z       UPDATE "Tickets" SET "ClaimedAt" = @p21, "ClaimedByUserId" = @p22, "ResolutionNote" = @p23, "Status" = @p24
test	Dump API Logs on Failure	2026-07-29T03:43:48.8158611Z       WHERE "Id" = @p25;
test	Dump API Logs on Failure	2026-07-29T03:43:48.8159075Z [RLS DEBUG] deptClaim: '11111111-1111-1111-1111-111111111111', roleClaim: 'Agent'
test	Dump API Logs on Failure	2026-07-29T03:43:48.8159960Z [RLS DEBUG] Claim: http://schemas.xmlsoap.org/ws/2005/05/identity/claims/nameidentifier = 65d5d5de-beb9-410f-9ee1-ba57176a152b
test	Dump API Logs on Failure	2026-07-29T03:43:48.8160863Z [RLS DEBUG] Claim: http://schemas.xmlsoap.org/ws/2005/05/identity/claims/emailaddress = bob@test.com
test	Dump API Logs on Failure	2026-07-29T03:43:48.8161612Z [RLS DEBUG] Claim: http://schemas.microsoft.com/ws/2008/06/identity/claims/role = Agent
test	Dump API Logs on Failure	2026-07-29T03:43:48.8162356Z [RLS DEBUG] Claim: department_id = 11111111-1111-1111-1111-111111111111
test	Dump API Logs on Failure	2026-07-29T03:43:48.8162784Z [RLS DEBUG] Claim: full_name = Bob Agent
test	Dump API Logs on Failure	2026-07-29T03:43:48.8163111Z [RLS DEBUG] Claim: exp = 1785297466
test	Dump API Logs on Failure	2026-07-29T03:43:48.8163436Z [RLS DEBUG] Claim: iss = servicedesk-api
test	Dump API Logs on Failure	2026-07-29T03:43:48.8163773Z [RLS DEBUG] Claim: aud = servicedesk-ui
test	Dump API Logs on Failure	2026-07-29T03:43:48.8164206Z info: Microsoft.EntityFrameworkCore.Database.Command[20101]
test	Dump API Logs on Failure	2026-07-29T03:43:48.8164870Z       Executed DbCommand (1ms) [Parameters=[@__departmentId_0='?' (DbType = Guid)], CommandType='Text', CommandTimeout='30']
test	Dump API Logs on Failure	2026-07-29T03:43:48.8165440Z       SELECT a."Id", a."FullName", a."AvatarUrl"
test	Dump API Logs on Failure	2026-07-29T03:43:48.8165729Z       FROM "AspNetUsers" AS a
test	Dump API Logs on Failure	2026-07-29T03:43:48.8166140Z       WHERE a."DepartmentId" = @__departmentId_0
test	Dump API Logs on Failure	2026-07-29T03:43:48.8166594Z info: Microsoft.EntityFrameworkCore.Database.Command[20101]
test	Dump API Logs on Failure	2026-07-29T03:43:48.8167239Z       Executed DbCommand (2ms) [Parameters=[], CommandType='Text', CommandTimeout='30']
test	Dump API Logs on Failure	2026-07-29T03:43:48.8168873Z       SELECT t."Id", t."AssetId", t."AssignedToUserId", t."ClaimedAt", t."ClaimedByUserId", t."CreatedAt", t."DepartmentId", t."Description", t."Priority", t."ResolutionNote", t."SlaBreached", t."SlaDeadline", t."Status", t."TicketNumber", t."Title", t."VerifiedAt", t."VerifiedByUserId", a."Id", a."BlobPath", a."FileName", a."TicketId", a."UploadedAt", a."UploadedByUserId"
test	Dump API Logs on Failure	2026-07-29T03:43:48.8170142Z       FROM "Tickets" AS t
test	Dump API Logs on Failure	2026-07-29T03:43:48.8170442Z       LEFT JOIN "Attachments" AS a ON t."Id" = a."TicketId"
test	Dump API Logs on Failure	2026-07-29T03:43:48.8170748Z       ORDER BY t."Id"
test	Dump API Logs on Failure	2026-07-29T03:43:48.8171130Z info: Microsoft.EntityFrameworkCore.Database.Command[20101]
test	Dump API Logs on Failure	2026-07-29T03:43:48.8171645Z       Executed DbCommand (2ms) [Parameters=[], CommandType='Text', CommandTimeout='30']
test	Dump API Logs on Failure	2026-07-29T03:43:48.8172050Z       SELECT d."Id", d."Name"
test	Dump API Logs on Failure	2026-07-29T03:43:48.8172290Z       FROM "Departments" AS d
test	Dump API Logs on Failure	2026-07-29T03:43:48.8172520Z       ORDER BY d."Name"
test	Post Run actions/checkout@v4	﻿2026-07-29T03:43:48.8268272Z Node 20 is being deprecated. This workflow is running with Node 24 by default. If you need to temporarily use Node 20, you can set the ACTIONS_ALLOW_USE_UNSECURE_NODE_VERSION=true environment variable. For more information see: https://github.blog/changelog/2025-09-19-deprecation-of-node-20-on-github-actions-runners/
test	Post Run actions/checkout@v4	2026-07-29T03:43:48.8269531Z Post job cleanup.
test	Post Run actions/checkout@v4	2026-07-29T03:43:48.9112989Z [command]/usr/bin/git version
test	Post Run actions/checkout@v4	2026-07-29T03:43:48.9153516Z git version 2.54.0
test	Post Run actions/checkout@v4	2026-07-29T03:43:48.9194529Z Temporarily overriding HOME='/home/runner/work/_temp/0c652f9f-95cf-4ced-948f-109909545e9a' before making global git config changes
test	Post Run actions/checkout@v4	2026-07-29T03:43:48.9196565Z Adding repository directory to the temporary git global config as a safe directory
test	Post Run actions/checkout@v4	2026-07-29T03:43:48.9201204Z [command]/usr/bin/git config --global --add safe.directory /home/runner/work/ServiceDesk/ServiceDesk
test	Post Run actions/checkout@v4	2026-07-29T03:43:48.9241307Z [command]/usr/bin/git config --local --name-only --get-regexp core\.sshCommand
test	Post Run actions/checkout@v4	2026-07-29T03:43:48.9279356Z [command]/usr/bin/git submodule foreach --recursive sh -c "git config --local --name-only --get-regexp 'core\.sshCommand' && git config --local --unset-all 'core.sshCommand' || :"
test	Post Run actions/checkout@v4	2026-07-29T03:43:48.9528005Z [command]/usr/bin/git config --local --name-only --get-regexp http\.https\:\/\/github\.com\/\.extraheader
test	Post Run actions/checkout@v4	2026-07-29T03:43:48.9553145Z http.https://github.com/.extraheader
test	Post Run actions/checkout@v4	2026-07-29T03:43:48.9564884Z [command]/usr/bin/git config --local --unset-all http.https://github.com/.extraheader
test	Post Run actions/checkout@v4	2026-07-29T03:43:48.9601979Z [command]/usr/bin/git submodule foreach --recursive sh -c "git config --local --name-only --get-regexp 'http\.https\:\/\/github\.com\/\.extraheader' && git config --local --unset-all 'http.https://github.com/.extraheader' || :"
test	Post Run actions/checkout@v4	2026-07-29T03:43:48.9873403Z [command]/usr/bin/git config --local --name-only --get-regexp ^includeIf\.gitdir:
test	Post Run actions/checkout@v4	2026-07-29T03:43:48.9918680Z [command]/usr/bin/git submodule foreach --recursive git config --local --show-origin --name-only --get-regexp remote.origin.url
test	Stop containers	﻿2026-07-29T03:43:49.0296556Z Print service container logs: d094cad5ad9c40f7ae64e167364c50f1_postgres16_9947b5
test	Stop containers	2026-07-29T03:43:49.0301573Z ##[command]/usr/bin/docker logs --details 912adb64331253035fba327c44f30574ee356e29ac4cd13a58e6a155cc74cd92
test	Stop containers	2026-07-29T03:43:49.0454546Z  The files belonging to this database system will be owned by user "postgres".
test	Stop containers	2026-07-29T03:43:49.0457556Z  initdb: warning: enabling "trust" authentication for local connections
test	Stop containers	2026-07-29T03:43:49.0458736Z  initdb: hint: You can change this by editing pg_hba.conf or using the option -A, or --auth-local and --auth-host, the next time you run initdb.
test	Stop containers	2026-07-29T03:43:49.0459409Z  This user must also own the server process.
test	Stop containers	2026-07-29T03:43:49.0460391Z  2026-07-29 03:40:03.245 UTC [1] LOG:  starting PostgreSQL 16.14 (Debian 16.14-1.pgdg13+1) on x86_64-pc-linux-gnu, compiled by gcc (Debian 14.2.0-19) 14.2.0, 64-bit
test	Stop containers	2026-07-29T03:43:49.0461164Z  
test	Stop containers	2026-07-29T03:43:49.0461735Z  2026-07-29 03:40:03.245 UTC [1] LOG:  listening on IPv4 address "0.0.0.0", port 5432
test	Stop containers	2026-07-29T03:43:49.0462314Z  2026-07-29 03:40:03.245 UTC [1] LOG:  listening on IPv6 address "::", port 5432
test	Stop containers	2026-07-29T03:43:49.0462836Z  2026-07-29 03:40:03.247 UTC [1] LOG:  listening on Unix socket "/var/run/postgresql/.s.PGSQL.5432"
test	Stop containers	2026-07-29T03:43:49.0463398Z  2026-07-29 03:40:03.250 UTC [64] LOG:  database system was shut down at 2026-07-29 03:40:03 UTC
test	Stop containers	2026-07-29T03:43:49.0463907Z  2026-07-29 03:40:03.255 UTC [1] LOG:  database system is ready to accept connections
test	Stop containers	2026-07-29T03:43:49.0464391Z  2026-07-29 03:41:50.171 UTC [73] ERROR:  database "servicedesk_test" already exists
test	Stop containers	2026-07-29T03:43:49.0464853Z  The database cluster will be initialized with locale "en_US.utf8".
test	Stop containers	2026-07-29T03:43:49.0465703Z  2026-07-29 03:41:50.171 UTC [73] STATEMENT:  CREATE DATABASE servicedesk_test OWNER servicedesk_system;
test	Stop containers	2026-07-29T03:43:49.0466563Z  The default database encoding has accordingly been set to "UTF8".
test	Stop containers	2026-07-29T03:43:49.0467437Z  2026-07-29 03:41:54.995 UTC [76] ERROR:  relation "hangfire.schema" does not exist at character 42
test	Stop containers	2026-07-29T03:43:49.0468009Z  The default text search configuration will be set to "english".
test	Stop containers	2026-07-29T03:43:49.0468937Z  2026-07-29 03:41:54.995 UTC [76] STATEMENT:  SELECT true "VersionAlreadyApplied" FROM "hangfire"."schema" WHERE "version" >= $1
test	Stop containers	2026-07-29T03:43:49.0469472Z  
test	Stop containers	2026-07-29T03:43:49.0469827Z  Data page checksums are disabled.
test	Stop containers	2026-07-29T03:43:49.0470313Z  
test	Stop containers	2026-07-29T03:43:49.0470882Z  fixing permissions on existing directory /var/lib/postgresql/data ... ok
test	Stop containers	2026-07-29T03:43:49.0471448Z  creating subdirectories ... ok
test	Stop containers	2026-07-29T03:43:49.0472035Z  selecting dynamic shared memory implementation ... posix
test	Stop containers	2026-07-29T03:43:49.0472594Z  selecting default max_connections ... 100
test	Stop containers	2026-07-29T03:43:49.0473124Z  selecting default shared_buffers ... 128MB
test	Stop containers	2026-07-29T03:43:49.0473650Z  selecting default time zone ... Etc/UTC
test	Stop containers	2026-07-29T03:43:49.0474157Z  creating configuration files ... ok
test	Stop containers	2026-07-29T03:43:49.0474660Z  running bootstrap script ... ok
test	Stop containers	2026-07-29T03:43:49.0475215Z  performing post-bootstrap initialization ... ok
test	Stop containers	2026-07-29T03:43:49.0475739Z  syncing data to disk ... ok
test	Stop containers	2026-07-29T03:43:49.0476494Z  
test	Stop containers	2026-07-29T03:43:49.0476838Z  
test	Stop containers	2026-07-29T03:43:49.0477558Z  Success. You can now start the database server using:
test	Stop containers	2026-07-29T03:43:49.0478108Z  
test	Stop containers	2026-07-29T03:43:49.0478486Z      pg_ctl -D /var/lib/postgresql/data -l logfile start
test	Stop containers	2026-07-29T03:43:49.0478987Z  
test	Stop containers	2026-07-29T03:43:49.0480087Z  waiting for server to start....2026-07-29 03:40:02.910 UTC [48] LOG:  starting PostgreSQL 16.14 (Debian 16.14-1.pgdg13+1) on x86_64-pc-linux-gnu, compiled by gcc (Debian 14.2.0-19) 14.2.0, 64-bit
test	Stop containers	2026-07-29T03:43:49.0481584Z  2026-07-29 03:40:02.911 UTC [48] LOG:  listening on Unix socket "/var/run/postgresql/.s.PGSQL.5432"
test	Stop containers	2026-07-29T03:43:49.0482463Z  2026-07-29 03:40:02.914 UTC [51] LOG:  database system was shut down at 2026-07-29 03:40:02 UTC
test	Stop containers	2026-07-29T03:43:49.0483315Z  2026-07-29 03:40:02.917 UTC [48] LOG:  database system is ready to accept connections
test	Stop containers	2026-07-29T03:43:49.0484271Z   done
test	Stop containers	2026-07-29T03:43:49.0484839Z  server started
test	Stop containers	2026-07-29T03:43:49.0485156Z  CREATE DATABASE
test	Stop containers	2026-07-29T03:43:49.0485454Z  
test	Stop containers	2026-07-29T03:43:49.0485718Z  
test	Stop containers	2026-07-29T03:43:49.0486462Z  /usr/local/bin/docker-entrypoint.sh: ignoring /docker-entrypoint-initdb.d/*
test	Stop containers	2026-07-29T03:43:49.0487083Z  
test	Stop containers	2026-07-29T03:43:49.0487506Z  2026-07-29 03:40:03.117 UTC [48] LOG:  received fast shutdown request
test	Stop containers	2026-07-29T03:43:49.0488392Z  waiting for server to shut down....2026-07-29 03:40:03.117 UTC [48] LOG:  aborting any active transactions
test	Stop containers	2026-07-29T03:43:49.0489506Z  2026-07-29 03:40:03.120 UTC [48] LOG:  background worker "logical replication launcher" (PID 54) exited with exit code 1
test	Stop containers	2026-07-29T03:43:49.0490371Z  2026-07-29 03:40:03.120 UTC [49] LOG:  shutting down
test	Stop containers	2026-07-29T03:43:49.0491033Z  2026-07-29 03:40:03.121 UTC [49] LOG:  checkpoint starting: shutdown immediate
test	Stop containers	2026-07-29T03:43:49.0493847Z  2026-07-29 03:40:03.141 UTC [49] LOG:  checkpoint complete: wrote 926 buffers (5.7%); 0 WAL file(s) added, 0 removed, 0 recycled; write=0.018 s, sync=0.002 s, total=0.021 s; sync files=301, longest=0.001 s, average=0.001 s; distance=4273 kB, estimate=4273 kB; lsn=0/191F0F8, redo lsn=0/191F0F8
test	Stop containers	2026-07-29T03:43:49.0495245Z  2026-07-29 03:40:03.149 UTC [48] LOG:  database system is shut down
test	Stop containers	2026-07-29T03:43:49.0495589Z   done
test	Stop containers	2026-07-29T03:43:49.0495774Z  server stopped
test	Stop containers	2026-07-29T03:43:49.0496247Z  
test	Stop containers	2026-07-29T03:43:49.0496669Z  PostgreSQL init process complete; ready for start up.
test	Stop containers	2026-07-29T03:43:49.0497110Z  
test	Stop containers	2026-07-29T03:43:49.0503570Z Stop and remove container: d094cad5ad9c40f7ae64e167364c50f1_postgres16_9947b5
test	Stop containers	2026-07-29T03:43:49.0509057Z ##[command]/usr/bin/docker rm --force 912adb64331253035fba327c44f30574ee356e29ac4cd13a58e6a155cc74cd92
test	Stop containers	2026-07-29T03:43:49.1766742Z 912adb64331253035fba327c44f30574ee356e29ac4cd13a58e6a155cc74cd92
test	Stop containers	2026-07-29T03:43:49.1801218Z Remove container network: github_network_2402adb5275d4277a694c547f9820d5f
test	Stop containers	2026-07-29T03:43:49.1805400Z ##[command]/usr/bin/docker network rm github_network_2402adb5275d4277a694c547f9820d5f
test	Stop containers	2026-07-29T03:43:49.2809858Z github_network_2402adb5275d4277a694c547f9820d5f
test	Complete job	﻿2026-07-29T03:43:49.2878870Z Cleaning up orphan processes
test	Complete job	2026-07-29T03:43:49.3339713Z Terminate orphan process: pid (2915) (dotnet)
test	Complete job	2026-07-29T03:43:49.3558588Z Terminate orphan process: pid (3000) (VBCSCompiler)
test	Complete job	2026-07-29T03:43:49.3724985Z Terminate orphan process: pid (6819) (dotnet)
test	Complete job	2026-07-29T03:43:49.3884205Z Terminate orphan process: pid (6860) (ServiceDesk.Api)
test	Complete job	2026-07-29T03:43:49.4048593Z Terminate orphan process: pid (7081) (npm exec serve@latest out -p 3000)
test	Complete job	2026-07-29T03:43:49.4200516Z Terminate orphan process: pid (7111) (sh)
test	Complete job	2026-07-29T03:43:49.4364739Z Terminate orphan process: pid (7112) (node)
test	Complete job	2026-07-29T03:43:49.4462151Z ##[warning]Node.js 20 is deprecated. The following actions target Node.js 20 but are being forced to run on Node.js 24: actions/checkout@v4, actions/setup-dotnet@v4, actions/setup-node@v4, actions/upload-artifact@v4. For more information see: https://github.blog/changelog/2025-09-19-deprecation-of-node-20-on-github-actions-runners/
